
> tempapp@0.1.0 prebuild
> node scripts/build-wordpress-plugin.mjs

✅ Built WordPress plugin zip: public/referlabs-referral-integration.zip

> tempapp@0.1.0 build
> next build

   ▲ Next.js 16.0.7 (Turbopack)
   - Environments: .env.local
   - Experiments (use with caution):
     · serverActions

 ⚠ The "middleware" file convention is deprecated. Please use "proxy" instead. Learn more: https://nextjs.org/docs/messages/middleware-to-proxy
   Creating an optimized production build ...

> Build error occurred
Error: Turbopack build failed with 100 errors:
./src/app/dashboard/admin-master/page.tsx:11:13
Parsing ecmascript source code failed
[0m [90m  9 |[39m [36mimport[39m [33mMail[39m [36mfrom[39m [32m'lucide-react/dist/esm/icons/mail'[39m[33m;[39m
 [90m 10 |[39m [36mimport[39m [33mUsers[39m [36mfrom[39m [32m'lucide-react/dist/esm/icons/users'[39m[33m;[39m
[31m[1m>[22m[39m[90m 11 |[39m [36mimport[39m [33mLink[39m [36mas[39m [33mLinkIcon[39m [36mfrom[39m [32m'lucide-react/dist/esm/icons/link as link-icon'[39m[33m;[39m
 [90m    |[39m             [31m[1m^[22m[39m[31m[1m^[22m[39m
 [90m 12 |[39m [36mimport[39m [33mTrendingUp[39m [36mfrom[39m [32m'lucide-react/dist/esm/icons/trending-up'[39m[33m;[39m
 [90m 13 |[39m [36mimport[39m [33mDollarSign[39m [36mfrom[39m [32m'lucide-react/dist/esm/icons/dollar-sign'[39m[33m;[39m
 [90m 14 |[39m [36mimport[39m [33mActivity[39m [36mfrom[39m [32m'lucide-react/dist/esm/icons/activity'[39m[33m;[39m[33m;[39m[0m

Expected ',', got 'as'


./src/app/how-it-works/page.tsx:5:13
Parsing ecmascript source code failed
[0m [90m 3 |[39m [36mimport[39m [33mCheckCircle2[39m [36mfrom[39m [32m'lucide-react/dist/esm/icons/check-circle2'[39m[33m;[39m
 [90m 4 |[39m [36mimport[39m [33mUpload[39m [36mfrom[39m [32m'lucide-react/dist/esm/icons/upload'[39m[33m;[39m
[31m[1m>[22m[39m[90m 5 |[39m [36mimport[39m [33mLink[39m [36mas[39m [33mLinkIcon[39m [36mfrom[39m [32m'lucide-react/dist/esm/icons/link as link-icon'[39m[33m;[39m
 [90m   |[39m             [31m[1m^[22m[39m[31m[1m^[22m[39m
 [90m 6 |[39m [36mimport[39m [33mGift[39m [36mfrom[39m [32m'lucide-react/dist/esm/icons/gift'[39m[33m;[39m
 [90m 7 |[39m [36mimport[39m [33mBell[39m [36mfrom[39m [32m'lucide-react/dist/esm/icons/bell'[39m[33m;[39m
 [90m 8 |[39m [36mimport[39m [33mBarChart3[39m [36mfrom[39m [32m'lucide-react/dist/esm/icons/bar-chart3'[39m[33m;[39m[33m;[39m[0m

Expected ',', got 'as'


./src/components/CRMIntegrationTab.tsx:34:17
Parsing ecmascript source code failed
[0m [90m 32 |[39m [36mimport[39m [33mWebhook[39m [36mfrom[39m [32m'lucide-react/dist/esm/icons/webhook'[39m[33m;[39m
 [90m 33 |[39m [36mimport[39m [33mDollarSign[39m [36mfrom[39m [32m'lucide-react/dist/esm/icons/dollar-sign'[39m[33m;[39m
[31m[1m>[22m[39m[90m 34 |[39m [36mimport[39m [33mDatabase[39m [36mas[39m [33mDatabaseIcon[39m [36mfrom[39m [32m'lucide-react/dist/esm/icons/database as database-icon'[39m[33m;[39m
 [90m    |[39m                 [31m[1m^[22m[39m[31m[1m^[22m[39m
 [90m 35 |[39m [36mimport[39m [33mShieldCheck[39m [36mfrom[39m [32m'lucide-react/dist/esm/icons/shield-check'[39m[33m;[39m
 [90m 36 |[39m [36mimport[39m [33mFileDown[39m [36mfrom[39m [32m'lucide-react/dist/esm/icons/file-down'[39m[33m;[39m
 [90m 37 |[39m [36mimport[39m [33mUpload[39m [36mfrom[39m [32m'lucide-react/dist/esm/icons/upload'[39m[33m;[39m[0m

Expected ',', got 'as'

Import trace:
  Server Component:
    ./src/components/CRMIntegrationTab.tsx
    ./src/components/dashboard/steps/Step3Content.tsx
    ./src/app/dashboard/page.tsx


./src/components/DashboardOnboardingChecklist.tsx:7:17
Parsing ecmascript source code failed
[0m [90m  5 |[39m [36mimport[39m { [33mButton[39m } [36mfrom[39m [32m"@/components/ui/button"[39m[33m;[39m
 [90m  6 |[39m [36mimport[39m [33mUsers[39m [36mfrom[39m [32m'lucide-react/dist/esm/icons/users'[39m[33m;[39m
[31m[1m>[22m[39m[90m  7 |[39m [36mimport[39m [33mSettings[39m [36mas[39m [33mSettingsIcon[39m [36mfrom[39m [32m'lucide-react/dist/esm/icons/settings as settings-icon'[39m[33m;[39m
 [90m    |[39m                 [31m[1m^[22m[39m[31m[1m^[22m[39m
 [90m  8 |[39m [36mimport[39m [33mRocket[39m [36mfrom[39m [32m'lucide-react/dist/esm/icons/rocket'[39m[33m;[39m
 [90m  9 |[39m [36mimport[39m [33mTrendingUp[39m [36mfrom[39m [32m'lucide-react/dist/esm/icons/trending-up'[39m[33m;[39m
 [90m 10 |[39m [36mimport[39m [33mCheckCircle2[39m [36mfrom[39m [32m'lucide-react/dist/esm/icons/check-circle2'[39m[33m;[39m[33m;[39m[0m

Expected ',', got 'as'

Import trace:
  Server Component:
    ./src/components/DashboardOnboardingChecklist.tsx
    ./src/app/dashboard/page.tsx


./src/components/ProgramSettingsDialog.tsx:17:17
Parsing ecmascript source code failed
[0m [90m 15 |[39m } [36mfrom[39m [32m"@/components/ui/dialog"[39m[33m;[39m
 [90m 16 |[39m [36mimport[39m [33mSparkles[39m [36mfrom[39m [32m'lucide-react/dist/esm/icons/sparkles'[39m[33m;[39m
[31m[1m>[22m[39m[90m 17 |[39m [36mimport[39m [33mSettings[39m [36mas[39m [33mSettingsIcon[39m [36mfrom[39m [32m'lucide-react/dist/esm/icons/settings as settings-icon'[39m[33m;[39m
 [90m    |[39m                 [31m[1m^[22m[39m[31m[1m^[22m[39m
 [90m 18 |[39m [36mimport[39m [33mChevronDown[39m [36mfrom[39m [32m'lucide-react/dist/esm/icons/chevron-down'[39m[33m;[39m[33m;[39m
 [90m 19 |[39m [36mimport[39m { toast } [36mfrom[39m [32m"@/hooks/use-toast"[39m[33m;[39m
 [90m 20 |[39m [36mimport[39m type { [33mDatabase[39m } [36mfrom[39m [32m"@/types/supabase"[39m[33m;[39m[0m

Expected ',', got 'as'

Import trace:
  Server Component:
    ./src/components/ProgramSettingsDialog.tsx
    ./src/components/dashboard/steps/Step2Content.tsx
    ./src/app/dashboard/page.tsx


./src/components/ReferralJourneyReport.tsx:7:13
Parsing ecmascript source code failed
[0m [90m  5 |[39m [36mimport[39m [33mUserPlus[39m [36mfrom[39m [32m'lucide-react/dist/esm/icons/user-plus'[39m[33m;[39m
 [90m  6 |[39m [36mimport[39m [33mTrendingUp[39m [36mfrom[39m [32m'lucide-react/dist/esm/icons/trending-up'[39m[33m;[39m
[31m[1m>[22m[39m[90m  7 |[39m [36mimport[39m [33mLink[39m [36mas[39m [33mLinkIcon[39m [36mfrom[39m [32m'lucide-react/dist/esm/icons/link as link-icon'[39m[33m;[39m
 [90m    |[39m             [31m[1m^[22m[39m[31m[1m^[22m[39m
 [90m  8 |[39m [36mimport[39m [33mClock[39m [36mfrom[39m [32m'lucide-react/dist/esm/icons/clock'[39m[33m;[39m
 [90m  9 |[39m [36mimport[39m [33mClipboardCheck[39m [36mfrom[39m [32m'lucide-react/dist/esm/icons/clipboard-check'[39m[33m;[39m
 [90m 10 |[39m [36mimport[39m [33mGift[39m [36mfrom[39m [32m'lucide-react/dist/esm/icons/gift'[39m[33m;[39m[0m

Expected ',', got 'as'

Import trace:
  Server Component:
    ./src/components/ReferralJourneyReport.tsx
    ./src/app/dashboard/page.tsx


./src/components/ShareReferralCard.tsx:17:14
Parsing ecmascript source code failed
[0m [90m 15 |[39m [36mimport[39m [33mUsers[39m [36mfrom[39m [32m'lucide-react/dist/esm/icons/users'[39m[33m;[39m
 [90m 16 |[39m [36mimport[39m [33mCode[39m [36mfrom[39m [32m'lucide-react/dist/esm/icons/code'[39m[33m;[39m
[31m[1m>[22m[39m[90m 17 |[39m [36mimport[39m [33mImage[39m [36mas[39m [33mImageIcon[39m [36mfrom[39m [32m'lucide-react/dist/esm/icons/image as image-icon'[39m[33m;[39m
 [90m    |[39m              [31m[1m^[22m[39m[31m[1m^[22m[39m
 [90m 18 |[39m [36mimport[39m [33mDownload[39m [36mfrom[39m [32m'lucide-react/dist/esm/icons/download'[39m[33m;[39m
 [90m 19 |[39m [36mimport[39m [33mCalendar[39m [36mfrom[39m [32m'lucide-react/dist/esm/icons/calendar'[39m[33m;[39m
 [90m 20 |[39m [36mimport[39m [33mClock[39m [36mfrom[39m [32m'lucide-react/dist/esm/icons/clock'[39m[33m;[39m[0m

Expected ',', got 'as'

Import trace:
  Server Component:
    ./src/components/ShareReferralCard.tsx
    ./src/components/dashboard/steps/Step4Content.tsx
    ./src/app/dashboard/page.tsx


./src/app/analytics/page.tsx:2:1
Module not found: Can't resolve 'lucide-react/dist/esm/icons/bar-chart3'
[0m [90m 1 |[39m [36mimport[39m [33mLink[39m [36mfrom[39m [32m"next/link"[39m[33m;[39m
[31m[1m>[22m[39m[90m 2 |[39m [36mimport[39m [33mBarChart3[39m [36mfrom[39m [32m'lucide-react/dist/esm/icons/bar-chart3'[39m[33m;[39m
 [90m   |[39m [31m[1m^[22m[39m[31m[1m^[22m[39m[31m[1m^[22m[39m[31m[1m^[22m[39m[31m[1m^[22m[39m[31m[1m^[22m[39m[31m[1m^[22m[39m[31m[1m^[22m[39m[31m[1m^[22m[39m[31m[1m^[22m[39m[31m[1m^[22m[39m[31m[1m^[22m[39m[31m[1m^[22m[39m[31m[1m^[22m[39m[31m[1m^[22m[39m[31m[1m^[22m[39m[31m[1m^[22m[39m[31m[1m^[22m[39m[31m[1m^[22m[39m[31m[1m^[22m[39m[31m[1m^[22m[39m[31m[1m^[22m[39m[31m[1m^[22m[39m[31m[1m^[22m[39m[31m[1m^[22m[39m[31m[1m^[22m[39m[31m[1m^[22m[39m[31m[1m^[22m[39m[31m[1m^[22m[39m[31m[1m^[22m[39m[31m[1m^[22m[39m[31m[1m^[22m[39m[31m[1m^[22m[39m[31m[1m^[22m[39m[31m[1m^[22m[39m[31m[1m^[22m[39m[31m[1m^[22m[39m[31m[1m^[22m[39m[31m[1m^[22m[39m[31m[1m^[22m[39m[31m[1m^[22m[39m[31m[1m^[22m[39m[31m[1m^[22m[39m[31m[1m^[22m[39m[31m[1m^[22m[39m[31m[1m^[22m[39m[31m[1m^[22m[39m[31m[1m^[22m[39m[31m[1m^[22m[39m[31m[1m^[22m[39m[31m[1m^[22m[39m[31m[1m^[22m[39m[31m[1m^[22m[39m[31m[1m^[22m[39m[31m[1m^[22m[39m[31m[1m^[22m[39m[31m[1m^[22m[39m[31m[1m^[22m[39m[31m[1m^[22m[39m[31m[1m^[22m[39m[31m[1m^[22m[39m[31m[1m^[22m[39m[31m[1m^[22m[39m
 [90m 3 |[39m [36mimport[39m [33mExternalLink[39m [36mfrom[39m [32m'lucide-react/dist/esm/icons/external-link'[39m[33m;[39m
 [90m 4 |[39m [36mimport[39m [33mShieldCheck[39m [36mfrom[39m [32m'lucide-react/dist/esm/icons/shield-check'[39m[33m;[39m
 [90m 5 |[39m [36mimport[39m [33mWrench[39m [36mfrom[39m [32m'lucide-react/dist/esm/icons/wrench'[39m[33m;[39m[33m;[39m[0m



https://nextjs.org/docs/messages/module-not-found


./src/app/dashboard/page.tsx:54:1
Module not found: Can't resolve 'lucide-react/dist/esm/icons/bar-chart3'
[0m [90m 52 |[39m [36mimport[39m [33mUpload[39m [36mfrom[39m [32m'lucide-react/dist/esm/icons/upload'[39m[33m;[39m
 [90m 53 |[39m [36mimport[39m [33mMessageSquare[39m [36mfrom[39m [32m'lucide-react/dist/esm/icons/message-square'[39m[33m;[39m
[31m[1m>[22m[39m[90m 54 |[39m [36mimport[39m [33mBarChart3[39m [36mfrom[39m [32m'lucide-react/dist/esm/icons/bar-chart3'[39m[33m;[39m
 [90m    |[39m [31m[1m^[22m[39m[31m[1m^[22m[39m[31m[1m^[22m[39m[31m[1m^[22m[39m[31m[1m^[22m[39m[31m[1m^[22m[39m[31m[1m^[22m[39m[31m[1m^[22m[39m[31m[1m^[22m[39m[31m[1m^[22m[39m[31m[1m^[22m[39m[31m[1m^[22m[39m[31m[1m^[22m[39m[31m[1m^[22m[39m[31m[1m^[22m[39m[31m[1m^[22m[39m[31m[1m^[22m[39m[31m[1m^[22m[39m[31m[1m^[22m[39m[31m[1m^[22m[39m[31m[1m^[22m[39m[31m[1m^[22m[39m[31m[1m^[22m[39m[31m[1m^[22m[39m[31m[1m^[22m[39m[31m[1m^[22m[39m[31m[1m^[22m[39m[31m[1m^[22m[39m[31m[1m^[22m[39m[31m[1m^[22m[39m[31m[1m^[22m[39m[31m[1m^[22m[39m[31m[1m^[22m[39m[31m[1m^[22m[39m[31m[1m^[22m[39m[31m[1m^[22m[39m[31m[1m^[22m[39m[31m[1m^[22m[39m[31m[1m^[22m[39m[31m[1m^[22m[39m[31m[1m^[22m[39m[31m[1m^[22m[39m[31m[1m^[22m[39m[31m[1m^[22m[39m[31m[1m^[22m[39m[31m[1m^[22m[39m[31m[1m^[22m[39m[31m[1m^[22m[39m[31m[1m^[22m[39m[31m[1m^[22m[39m[31m[1m^[22m[39m[31m[1m^[22m[39m[31m[1m^[22m[39m[31m[1m^[22m[39m[31m[1m^[22m[39m[31m[1m^[22m[39m[31m[1m^[22m[39m[31m[1m^[22m[39m[31m[1m^[22m[39m[31m[1m^[22m[39m[31m[1m^[22m[39m[31m[1m^[22m[39m[31m[1m^[22m[39m
 [90m 55 |[39m [36mimport[39m [33mAward[39m [36mfrom[39m [32m'lucide-react/dist/esm/icons/award'[39m[33m;[39m
 [90m 56 |[39m [36mimport[39m [33mCreditCard[39m [36mfrom[39m [32m'lucide-react/dist/esm/icons/credit-card'[39m[33m;[39m
 [90m 57 |[39m [36mimport[39m [33mSend[39m [36mfrom[39m [32m'lucide-react/dist/esm/icons/send'[39m[33m;[39m[0m



https://nextjs.org/docs/messages/module-not-found


./src/app/google-ads/page.tsx:2:1
Module not found: Can't resolve 'lucide-react/dist/esm/icons/bar-chart3'
[0m [90m 1 |[39m [36mimport[39m [33mLink[39m [36mfrom[39m [32m"next/link"[39m[33m;[39m
[31m[1m>[22m[39m[90m 2 |[39m [36mimport[39m [33mBarChart3[39m [36mfrom[39m [32m'lucide-react/dist/esm/icons/bar-chart3'[39m[33m;[39m
 [90m   |[39m [31m[1m^[22m[39m[31m[1m^[22m[39m[31m[1m^[22m[39m[31m[1m^[22m[39m[31m[1m^[22m[39m[31m[1m^[22m[39m[31m[1m^[22m[39m[31m[1m^[22m[39m[31m[1m^[22m[39m[31m[1m^[22m[39m[31m[1m^[22m[39m[31m[1m^[22m[39m[31m[1m^[22m[39m[31m[1m^[22m[39m[31m[1m^[22m[39m[31m[1m^[22m[39m[31m[1m^[22m[39m[31m[1m^[22m[39m[31m[1m^[22m[39m[31m[1m^[22m[39m[31m[1m^[22m[39m[31m[1m^[22m[39m[31m[1m^[22m[39m[31m[1m^[22m[39m[31m[1m^[22m[39m[31m[1m^[22m[39m[31m[1m^[22m[39m[31m[1m^[22m[39m[31m[1m^[22m[39m[31m[1m^[22m[39m[31m[1m^[22m[39m[31m[1m^[22m[39m[31m[1m^[22m[39m[31m[1m^[22m[39m[31m[1m^[22m[39m[31m[1m^[22m[39m[31m[1m^[22m[39m[31m[1m^[22m[39m[31m[1m^[22m[39m[31m[1m^[22m[39m[31m[1m^[22m[39m[31m[1m^[22m[39m[31m[1m^[22m[39m[31m[1m^[22m[39m[31m[1m^[22m[39m[31m[1m^[22m[39m[31m[1m^[22m[39m[31m[1m^[22m[39m[31m[1m^[22m[39m[31m[1m^[22m[39m[31m[1m^[22m[39m[31m[1m^[22m[39m[31m[1m^[22m[39m[31m[1m^[22m[39m[31m[1m^[22m[39m[31m[1m^[22m[39m[31m[1m^[22m[39m[31m[1m^[22m[39m[31m[1m^[22m[39m[31m[1m^[22m[39m[31m[1m^[22m[39m[31m[1m^[22m[39m[31m[1m^[22m[39m
 [90m 3 |[39m [36mimport[39m [33mExternalLink[39m [36mfrom[39m [32m'lucide-react/dist/esm/icons/external-link'[39m[33m;[39m
 [90m 4 |[39m [36mimport[39m [33mShieldCheck[39m [36mfrom[39m [32m'lucide-react/dist/esm/icons/shield-check'[39m[33m;[39m
 [90m 5 |[39m [36mimport[39m [33mWrench[39m [36mfrom[39m [32m'lucide-react/dist/esm/icons/wrench'[39m[33m;[39m[33m;[39m[0m



https://nextjs.org/docs/messages/module-not-found


./src/app/integrations/page.tsx:3:1
Module not found: Can't resolve 'lucide-react/dist/esm/icons/bar-chart3'
[0m [90m 1 |[39m [36mimport[39m [33mLink[39m [36mfrom[39m [32m"next/link"[39m[33m;[39m
 [90m 2 |[39m [36mimport[39m [33mCalendar[39m [36mfrom[39m [32m'lucide-react/dist/esm/icons/calendar'[39m[33m;[39m
[31m[1m>[22m[39m[90m 3 |[39m [36mimport[39m [33mBarChart3[39m [36mfrom[39m [32m'lucide-react/dist/esm/icons/bar-chart3'[39m[33m;[39m
 [90m   |[39m [31m[1m^[22m[39m[31m[1m^[22m[39m[31m[1m^[22m[39m[31m[1m^[22m[39m[31m[1m^[22m[39m[31m[1m^[22m[39m[31m[1m^[22m[39m[31m[1m^[22m[39m[31m[1m^[22m[39m[31m[1m^[22m[39m[31m[1m^[22m[39m[31m[1m^[22m[39m[31m[1m^[22m[39m[31m[1m^[22m[39m[31m[1m^[22m[39m[31m[1m^[22m[39m[31m[1m^[22m[39m[31m[1m^[22m[39m[31m[1m^[22m[39m[31m[1m^[22m[39m[31m[1m^[22m[39m[31m[1m^[22m[39m[31m[1m^[22m[39m[31m[1m^[22m[39m[31m[1m^[22m[39m[31m[1m^[22m[39m[31m[1m^[22m[39m[31m[1m^[22m[39m[31m[1m^[22m[39m[31m[1m^[22m[39m[31m[1m^[22m[39m[31m[1m^[22m[39m[31m[1m^[22m[39m[31m[1m^[22m[39m[31m[1m^[22m[39m[31m[1m^[22m[39m[31m[1m^[22m[39m[31m[1m^[22m[39m[31m[1m^[22m[39m[31m[1m^[22m[39m[31m[1m^[22m[39m[31m[1m^[22m[39m[31m[1m^[22m[39m[31m[1m^[22m[39m[31m[1m^[22m[39m[31m[1m^[22m[39m[31m[1m^[22m[39m[31m[1m^[22m[39m[31m[1m^[22m[39m[31m[1m^[22m[39m[31m[1m^[22m[39m[31m[1m^[22m[39m[31m[1m^[22m[39m[31m[1m^[22m[39m[31m[1m^[22m[39m[31m[1m^[22m[39m[31m[1m^[22m[39m[31m[1m^[22m[39m[31m[1m^[22m[39m[31m[1m^[22m[39m[31m[1m^[22m[39m[31m[1m^[22m[39m[31m[1m^[22m[39m
 [90m 4 |[39m [36mimport[39m [33mCode2[39m [36mfrom[39m [32m'lucide-react/dist/esm/icons/code2'[39m[33m;[39m
 [90m 5 |[39m [36mimport[39m [33mCreditCard[39m [36mfrom[39m [32m'lucide-react/dist/esm/icons/credit-card'[39m[33m;[39m
 [90m 6 |[39m [36mimport[39m [33mGlobe[39m [36mfrom[39m [32m'lucide-react/dist/esm/icons/globe'[39m[33m;[39m[0m



https://nextjs.org/docs/messages/module-not-found


./src/app/lead-hacking/page.tsx:3:1
Module not found: Can't resolve 'lucide-react/dist/esm/icons/bar-chart3'
[0m [90m 1 |[39m [36mimport[39m [33mLink[39m [36mfrom[39m [32m"next/link"[39m[33m;[39m
 [90m 2 |[39m [36mimport[39m [33mArrowRight[39m [36mfrom[39m [32m'lucide-react/dist/esm/icons/arrow-right'[39m[33m;[39m
[31m[1m>[22m[39m[90m 3 |[39m [36mimport[39m [33mBarChart3[39m [36mfrom[39m [32m'lucide-react/dist/esm/icons/bar-chart3'[39m[33m;[39m
 [90m   |[39m [31m[1m^[22m[39m[31m[1m^[22m[39m[31m[1m^[22m[39m[31m[1m^[22m[39m[31m[1m^[22m[39m[31m[1m^[22m[39m[31m[1m^[22m[39m[31m[1m^[22m[39m[31m[1m^[22m[39m[31m[1m^[22m[39m[31m[1m^[22m[39m[31m[1m^[22m[39m[31m[1m^[22m[39m[31m[1m^[22m[39m[31m[1m^[22m[39m[31m[1m^[22m[39m[31m[1m^[22m[39m[31m[1m^[22m[39m[31m[1m^[22m[39m[31m[1m^[22m[39m[31m[1m^[22m[39m[31m[1m^[22m[39m[31m[1m^[22m[39m[31m[1m^[22m[39m[31m[1m^[22m[39m[31m[1m^[22m[39m[31m[1m^[22m[39m[31m[1m^[22m[39m[31m[1m^[22m[39m[31m[1m^[22m[39m[31m[1m^[22m[39m[31m[1m^[22m[39m[31m[1m^[22m[39m[31m[1m^[22m[39m[31m[1m^[22m[39m[31m[1m^[22m[39m[31m[1m^[22m[39m[31m[1m^[22m[39m[31m[1m^[22m[39m[31m[1m^[22m[39m[31m[1m^[22m[39m[31m[1m^[22m[39m[31m[1m^[22m[39m[31m[1m^[22m[39m[31m[1m^[22m[39m[31m[1m^[22m[39m[31m[1m^[22m[39m[31m[1m^[22m[39m[31m[1m^[22m[39m[31m[1m^[22m[39m[31m[1m^[22m[39m[31m[1m^[22m[39m[31m[1m^[22m[39m[31m[1m^[22m[39m[31m[1m^[22m[39m[31m[1m^[22m[39m[31m[1m^[22m[39m[31m[1m^[22m[39m[31m[1m^[22m[39m[31m[1m^[22m[39m[31m[1m^[22m[39m[31m[1m^[22m[39m[31m[1m^[22m[39m
 [90m 4 |[39m [36mimport[39m [33mCheckCircle2[39m [36mfrom[39m [32m'lucide-react/dist/esm/icons/check-circle2'[39m[33m;[39m
 [90m 5 |[39m [36mimport[39m [33mRoute[39m [36mfrom[39m [32m'lucide-react/dist/esm/icons/route'[39m[33m;[39m
 [90m 6 |[39m [36mimport[39m [33mSend[39m [36mfrom[39m [32m'lucide-react/dist/esm/icons/send'[39m[33m;[39m[0m



https://nextjs.org/docs/messages/module-not-found


./src/app/linkedin-growth/business/page.tsx:7:1
Module not found: Can't resolve 'lucide-react/dist/esm/icons/bar-chart3'
[0m [90m  5 |[39m [36mimport[39m [33mArrowRight[39m [36mfrom[39m [32m'lucide-react/dist/esm/icons/arrow-right'[39m[33m;[39m
 [90m  6 |[39m [36mimport[39m [33mBadgeCheck[39m [36mfrom[39m [32m'lucide-react/dist/esm/icons/badge-check'[39m[33m;[39m
[31m[1m>[22m[39m[90m  7 |[39m [36mimport[39m [33mBarChart3[39m [36mfrom[39m [32m'lucide-react/dist/esm/icons/bar-chart3'[39m[33m;[39m
 [90m    |[39m [31m[1m^[22m[39m[31m[1m^[22m[39m[31m[1m^[22m[39m[31m[1m^[22m[39m[31m[1m^[22m[39m[31m[1m^[22m[39m[31m[1m^[22m[39m[31m[1m^[22m[39m[31m[1m^[22m[39m[31m[1m^[22m[39m[31m[1m^[22m[39m[31m[1m^[22m[39m[31m[1m^[22m[39m[31m[1m^[22m[39m[31m[1m^[22m[39m[31m[1m^[22m[39m[31m[1m^[22m[39m[31m[1m^[22m[39m[31m[1m^[22m[39m[31m[1m^[22m[39m[31m[1m^[22m[39m[31m[1m^[22m[39m[31m[1m^[22m[39m[31m[1m^[22m[39m[31m[1m^[22m[39m[31m[1m^[22m[39m[31m[1m^[22m[39m[31m[1m^[22m[39m[31m[1m^[22m[39m[31m[1m^[22m[39m[31m[1m^[22m[39m[31m[1m^[22m[39m[31m[1m^[22m[39m[31m[1m^[22m[39m[31m[1m^[22m[39m[31m[1m^[22m[39m[31m[1m^[22m[39m[31m[1m^[22m[39m[31m[1m^[22m[39m[31m[1m^[22m[39m[31m[1m^[22m[39m[31m[1m^[22m[39m[31m[1m^[22m[39m[31m[1m^[22m[39m[31m[1m^[22m[39m[31m[1m^[22m[39m[31m[1m^[22m[39m[31m[1m^[22m[39m[31m[1m^[22m[39m[31m[1m^[22m[39m[31m[1m^[22m[39m[31m[1m^[22m[39m[31m[1m^[22m[39m[31m[1m^[22m[39m[31m[1m^[22m[39m[31m[1m^[22m[39m[31m[1m^[22m[39m[31m[1m^[22m[39m[31m[1m^[22m[39m[31m[1m^[22m[39m[31m[1m^[22m[39m[31m[1m^[22m[39m[31m[1m^[22m[39m
 [90m  8 |[39m [36mimport[39m [33mBriefcase[39m [36mfrom[39m [32m'lucide-react/dist/esm/icons/briefcase'[39m[33m;[39m
 [90m  9 |[39m [36mimport[39m [33mCheckCircle2[39m [36mfrom[39m [32m'lucide-react/dist/esm/icons/check-circle2'[39m[33m;[39m
 [90m 10 |[39m [36mimport[39m [33mLineChart[39m [36mfrom[39m [32m'lucide-react/dist/esm/icons/line-chart'[39m[33m;[39m[0m



https://nextjs.org/docs/messages/module-not-found


./src/app/linkedin-growth/page.tsx:4:1
Module not found: Can't resolve 'lucide-react/dist/esm/icons/bar-chart3'
[0m [90m 2 |[39m [36mimport[39m [33mLink[39m [36mfrom[39m [32m"next/link"[39m[33m;[39m
 [90m 3 |[39m [36mimport[39m [33mArrowRight[39m [36mfrom[39m [32m'lucide-react/dist/esm/icons/arrow-right'[39m[33m;[39m
[31m[1m>[22m[39m[90m 4 |[39m [36mimport[39m [33mBarChart3[39m [36mfrom[39m [32m'lucide-react/dist/esm/icons/bar-chart3'[39m[33m;[39m
 [90m   |[39m [31m[1m^[22m[39m[31m[1m^[22m[39m[31m[1m^[22m[39m[31m[1m^[22m[39m[31m[1m^[22m[39m[31m[1m^[22m[39m[31m[1m^[22m[39m[31m[1m^[22m[39m[31m[1m^[22m[39m[31m[1m^[22m[39m[31m[1m^[22m[39m[31m[1m^[22m[39m[31m[1m^[22m[39m[31m[1m^[22m[39m[31m[1m^[22m[39m[31m[1m^[22m[39m[31m[1m^[22m[39m[31m[1m^[22m[39m[31m[1m^[22m[39m[31m[1m^[22m[39m[31m[1m^[22m[39m[31m[1m^[22m[39m[31m[1m^[22m[39m[31m[1m^[22m[39m[31m[1m^[22m[39m[31m[1m^[22m[39m[31m[1m^[22m[39m[31m[1m^[22m[39m[31m[1m^[22m[39m[31m[1m^[22m[39m[31m[1m^[22m[39m[31m[1m^[22m[39m[31m[1m^[22m[39m[31m[1m^[22m[39m[31m[1m^[22m[39m[31m[1m^[22m[39m[31m[1m^[22m[39m[31m[1m^[22m[39m[31m[1m^[22m[39m[31m[1m^[22m[39m[31m[1m^[22m[39m[31m[1m^[22m[39m[31m[1m^[22m[39m[31m[1m^[22m[39m[31m[1m^[22m[39m[31m[1m^[22m[39m[31m[1m^[22m[39m[31m[1m^[22m[39m[31m[1m^[22m[39m[31m[1m^[22m[39m[31m[1m^[22m[39m[31m[1m^[22m[39m[31m[1m^[22m[39m[31m[1m^[22m[39m[31m[1m^[22m[39m[31m[1m^[22m[39m[31m[1m^[22m[39m[31m[1m^[22m[39m[31m[1m^[22m[39m[31m[1m^[22m[39m[31m[1m^[22m[39m[31m[1m^[22m[39m[31m[1m^[22m[39m
 [90m 5 |[39m [36mimport[39m [33mCheckCircle2[39m [36mfrom[39m [32m'lucide-react/dist/esm/icons/check-circle2'[39m[33m;[39m
 [90m 6 |[39m [36mimport[39m [33mChevronDown[39m [36mfrom[39m [32m'lucide-react/dist/esm/icons/chevron-down'[39m[33m;[39m
 [90m 7 |[39m [36mimport[39m [33mChevronRight[39m [36mfrom[39m [32m'lucide-react/dist/esm/icons/chevron-right'[39m[33m;[39m[0m



https://nextjs.org/docs/messages/module-not-found


./src/app/linkedin-influencer/business/page.tsx:7:1
Module not found: Can't resolve 'lucide-react/dist/esm/icons/bar-chart3'
[0m [90m  5 |[39m [36mimport[39m [33mArrowRight[39m [36mfrom[39m [32m'lucide-react/dist/esm/icons/arrow-right'[39m[33m;[39m
 [90m  6 |[39m [36mimport[39m [33mBadgeCheck[39m [36mfrom[39m [32m'lucide-react/dist/esm/icons/badge-check'[39m[33m;[39m
[31m[1m>[22m[39m[90m  7 |[39m [36mimport[39m [33mBarChart3[39m [36mfrom[39m [32m'lucide-react/dist/esm/icons/bar-chart3'[39m[33m;[39m
 [90m    |[39m [31m[1m^[22m[39m[31m[1m^[22m[39m[31m[1m^[22m[39m[31m[1m^[22m[39m[31m[1m^[22m[39m[31m[1m^[22m[39m[31m[1m^[22m[39m[31m[1m^[22m[39m[31m[1m^[22m[39m[31m[1m^[22m[39m[31m[1m^[22m[39m[31m[1m^[22m[39m[31m[1m^[22m[39m[31m[1m^[22m[39m[31m[1m^[22m[39m[31m[1m^[22m[39m[31m[1m^[22m[39m[31m[1m^[22m[39m[31m[1m^[22m[39m[31m[1m^[22m[39m[31m[1m^[22m[39m[31m[1m^[22m[39m[31m[1m^[22m[39m[31m[1m^[22m[39m[31m[1m^[22m[39m[31m[1m^[22m[39m[31m[1m^[22m[39m[31m[1m^[22m[39m[31m[1m^[22m[39m[31m[1m^[22m[39m[31m[1m^[22m[39m[31m[1m^[22m[39m[31m[1m^[22m[39m[31m[1m^[22m[39m[31m[1m^[22m[39m[31m[1m^[22m[39m[31m[1m^[22m[39m[31m[1m^[22m[39m[31m[1m^[22m[39m[31m[1m^[22m[39m[31m[1m^[22m[39m[31m[1m^[22m[39m[31m[1m^[22m[39m[31m[1m^[22m[39m[31m[1m^[22m[39m[31m[1m^[22m[39m[31m[1m^[22m[39m[31m[1m^[22m[39m[31m[1m^[22m[39m[31m[1m^[22m[39m[31m[1m^[22m[39m[31m[1m^[22m[39m[31m[1m^[22m[39m[31m[1m^[22m[39m[31m[1m^[22m[39m[31m[1m^[22m[39m[31m[1m^[22m[39m[31m[1m^[22m[39m[31m[1m^[22m[39m[31m[1m^[22m[39m[31m[1m^[22m[39m[31m[1m^[22m[39m[31m[1m^[22m[39m
 [90m  8 |[39m [36mimport[39m [33mBriefcase[39m [36mfrom[39m [32m'lucide-react/dist/esm/icons/briefcase'[39m[33m;[39m
 [90m  9 |[39m [36mimport[39m [33mCheckCircle2[39m [36mfrom[39m [32m'lucide-react/dist/esm/icons/check-circle2'[39m[33m;[39m
 [90m 10 |[39m [36mimport[39m [33mLineChart[39m [36mfrom[39m [32m'lucide-react/dist/esm/icons/line-chart'[39m[33m;[39m[0m



https://nextjs.org/docs/messages/module-not-found


./src/app/linkedin-influencer/page.tsx:4:1
Module not found: Can't resolve 'lucide-react/dist/esm/icons/bar-chart3'
[0m [90m 2 |[39m [36mimport[39m [33mLink[39m [36mfrom[39m [32m"next/link"[39m[33m;[39m
 [90m 3 |[39m [36mimport[39m [33mArrowRight[39m [36mfrom[39m [32m'lucide-react/dist/esm/icons/arrow-right'[39m[33m;[39m
[31m[1m>[22m[39m[90m 4 |[39m [36mimport[39m [33mBarChart3[39m [36mfrom[39m [32m'lucide-react/dist/esm/icons/bar-chart3'[39m[33m;[39m
 [90m   |[39m [31m[1m^[22m[39m[31m[1m^[22m[39m[31m[1m^[22m[39m[31m[1m^[22m[39m[31m[1m^[22m[39m[31m[1m^[22m[39m[31m[1m^[22m[39m[31m[1m^[22m[39m[31m[1m^[22m[39m[31m[1m^[22m[39m[31m[1m^[22m[39m[31m[1m^[22m[39m[31m[1m^[22m[39m[31m[1m^[22m[39m[31m[1m^[22m[39m[31m[1m^[22m[39m[31m[1m^[22m[39m[31m[1m^[22m[39m[31m[1m^[22m[39m[31m[1m^[22m[39m[31m[1m^[22m[39m[31m[1m^[22m[39m[31m[1m^[22m[39m[31m[1m^[22m[39m[31m[1m^[22m[39m[31m[1m^[22m[39m[31m[1m^[22m[39m[31m[1m^[22m[39m[31m[1m^[22m[39m[31m[1m^[22m[39m[31m[1m^[22m[39m[31m[1m^[22m[39m[31m[1m^[22m[39m[31m[1m^[22m[39m[31m[1m^[22m[39m[31m[1m^[22m[39m[31m[1m^[22m[39m[31m[1m^[22m[39m[31m[1m^[22m[39m[31m[1m^[22m[39m[31m[1m^[22m[39m[31m[1m^[22m[39m[31m[1m^[22m[39m[31m[1m^[22m[39m[31m[1m^[22m[39m[31m[1m^[22m[39m[31m[1m^[22m[39m[31m[1m^[22m[39m[31m[1m^[22m[39m[31m[1m^[22m[39m[31m[1m^[22m[39m[31m[1m^[22m[39m[31m[1m^[22m[39m[31m[1m^[22m[39m[31m[1m^[22m[39m[31m[1m^[22m[39m[31m[1m^[22m[39m[31m[1m^[22m[39m[31m[1m^[22m[39m[31m[1m^[22m[39m[31m[1m^[22m[39m[31m[1m^[22m[39m[31m[1m^[22m[39m
 [90m 5 |[39m [36mimport[39m [33mBookOpen[39m [36mfrom[39m [32m'lucide-react/dist/esm/icons/book-open'[39m[33m;[39m
 [90m 6 |[39m [36mimport[39m [33mCheckCircle2[39m [36mfrom[39m [32m'lucide-react/dist/esm/icons/check-circle2'[39m[33m;[39m
 [90m 7 |[39m [36mimport[39m [33mChevronDown[39m [36mfrom[39m [32m'lucide-react/dist/esm/icons/chevron-down'[39m[33m;[39m[0m



https://nextjs.org/docs/messages/module-not-found


./src/app/referral/page.tsx:9:1
Module not found: Can't resolve 'lucide-react/dist/esm/icons/bar-chart3'
[0m [90m  7 |[39m [36mimport[39m [33mShare2[39m [36mfrom[39m [32m'lucide-react/dist/esm/icons/share2'[39m[33m;[39m
 [90m  8 |[39m [36mimport[39m [33mDollarSign[39m [36mfrom[39m [32m'lucide-react/dist/esm/icons/dollar-sign'[39m[33m;[39m
[31m[1m>[22m[39m[90m  9 |[39m [36mimport[39m [33mBarChart3[39m [36mfrom[39m [32m'lucide-react/dist/esm/icons/bar-chart3'[39m[33m;[39m
 [90m    |[39m [31m[1m^[22m[39m[31m[1m^[22m[39m[31m[1m^[22m[39m[31m[1m^[22m[39m[31m[1m^[22m[39m[31m[1m^[22m[39m[31m[1m^[22m[39m[31m[1m^[22m[39m[31m[1m^[22m[39m[31m[1m^[22m[39m[31m[1m^[22m[39m[31m[1m^[22m[39m[31m[1m^[22m[39m[31m[1m^[22m[39m[31m[1m^[22m[39m[31m[1m^[22m[39m[31m[1m^[22m[39m[31m[1m^[22m[39m[31m[1m^[22m[39m[31m[1m^[22m[39m[31m[1m^[22m[39m[31m[1m^[22m[39m[31m[1m^[22m[39m[31m[1m^[22m[39m[31m[1m^[22m[39m[31m[1m^[22m[39m[31m[1m^[22m[39m[31m[1m^[22m[39m[31m[1m^[22m[39m[31m[1m^[22m[39m[31m[1m^[22m[39m[31m[1m^[22m[39m[31m[1m^[22m[39m[31m[1m^[22m[39m[31m[1m^[22m[39m[31m[1m^[22m[39m[31m[1m^[22m[39m[31m[1m^[22m[39m[31m[1m^[22m[39m[31m[1m^[22m[39m[31m[1m^[22m[39m[31m[1m^[22m[39m[31m[1m^[22m[39m[31m[1m^[22m[39m[31m[1m^[22m[39m[31m[1m^[22m[39m[31m[1m^[22m[39m[31m[1m^[22m[39m[31m[1m^[22m[39m[31m[1m^[22m[39m[31m[1m^[22m[39m[31m[1m^[22m[39m[31m[1m^[22m[39m[31m[1m^[22m[39m[31m[1m^[22m[39m[31m[1m^[22m[39m[31m[1m^[22m[39m[31m[1m^[22m[39m[31m[1m^[22m[39m[31m[1m^[22m[39m[31m[1m^[22m[39m[31m[1m^[22m[39m[31m[1m^[22m[39m
 [90m 10 |[39m [36mimport[39m [33mZap[39m [36mfrom[39m [32m'lucide-react/dist/esm/icons/zap'[39m[33m;[39m[33m;[39m
 [90m 11 |[39m [36mimport[39m { [33mButton[39m } [36mfrom[39m [32m"@/components/ui/button"[39m[33m;[39m
 [90m 12 |[39m [36mimport[39m { [33mCard[39m } [36mfrom[39m [32m"@/components/ui/card"[39m[33m;[39m[0m



https://nextjs.org/docs/messages/module-not-found


./src/components/DashboardExplainerDialog.tsx:12:1
Module not found: Can't resolve 'lucide-react/dist/esm/icons/bar-chart3'
[0m [90m 10 |[39m [36mimport[39m [33mRocket[39m [36mfrom[39m [32m'lucide-react/dist/esm/icons/rocket'[39m[33m;[39m
 [90m 11 |[39m [36mimport[39m [33mUsers[39m [36mfrom[39m [32m'lucide-react/dist/esm/icons/users'[39m[33m;[39m
[31m[1m>[22m[39m[90m 12 |[39m [36mimport[39m [33mBarChart3[39m [36mfrom[39m [32m'lucide-react/dist/esm/icons/bar-chart3'[39m[33m;[39m
 [90m    |[39m [31m[1m^[22m[39m[31m[1m^[22m[39m[31m[1m^[22m[39m[31m[1m^[22m[39m[31m[1m^[22m[39m[31m[1m^[22m[39m[31m[1m^[22m[39m[31m[1m^[22m[39m[31m[1m^[22m[39m[31m[1m^[22m[39m[31m[1m^[22m[39m[31m[1m^[22m[39m[31m[1m^[22m[39m[31m[1m^[22m[39m[31m[1m^[22m[39m[31m[1m^[22m[39m[31m[1m^[22m[39m[31m[1m^[22m[39m[31m[1m^[22m[39m[31m[1m^[22m[39m[31m[1m^[22m[39m[31m[1m^[22m[39m[31m[1m^[22m[39m[31m[1m^[22m[39m[31m[1m^[22m[39m[31m[1m^[22m[39m[31m[1m^[22m[39m[31m[1m^[22m[39m[31m[1m^[22m[39m[31m[1m^[22m[39m[31m[1m^[22m[39m[31m[1m^[22m[39m[31m[1m^[22m[39m[31m[1m^[22m[39m[31m[1m^[22m[39m[31m[1m^[22m[39m[31m[1m^[22m[39m[31m[1m^[22m[39m[31m[1m^[22m[39m[31m[1m^[22m[39m[31m[1m^[22m[39m[31m[1m^[22m[39m[31m[1m^[22m[39m[31m[1m^[22m[39m[31m[1m^[22m[39m[31m[1m^[22m[39m[31m[1m^[22m[39m[31m[1m^[22m[39m[31m[1m^[22m[39m[31m[1m^[22m[39m[31m[1m^[22m[39m[31m[1m^[22m[39m[31m[1m^[22m[39m[31m[1m^[22m[39m[31m[1m^[22m[39m[31m[1m^[22m[39m[31m[1m^[22m[39m[31m[1m^[22m[39m[31m[1m^[22m[39m[31m[1m^[22m[39m[31m[1m^[22m[39m[31m[1m^[22m[39m[31m[1m^[22m[39m
 [90m 13 |[39m [33m;[39m
 [90m 14 |[39m [36mimport[39m { cn } [36mfrom[39m [32m"@/lib/utils"[39m[33m;[39m
 [90m 15 |[39m type [33mDashboardExplainerDialogProps[39m [33m=[39m {[0m



Import traces:
  Client Component Browser:
    ./src/components/DashboardExplainerDialog.tsx [Client Component Browser]
    ./src/app/dashboard/components/DashboardHeader.tsx [Client Component Browser]
    ./src/app/dashboard/components/DashboardHeader.tsx [Server Component]
    ./src/app/dashboard/page.tsx [Server Component]

  Client Component SSR:
    ./src/components/DashboardExplainerDialog.tsx [Client Component SSR]
    ./src/app/dashboard/components/DashboardHeader.tsx [Client Component SSR]
    ./src/app/dashboard/components/DashboardHeader.tsx [Server Component]
    ./src/app/dashboard/page.tsx [Server Component]

https://nextjs.org/docs/messages/module-not-found


./src/components/DashboardExplainerDialog.tsx:17:1
Module not found: Can't resolve 'lucide-react/dist/esm/icons/bar-chart3'
[0m [90m 15 |[39m [36mimport[39m [33mRocket[39m [36mfrom[39m [32m'lucide-react/dist/esm/icons/rocket'[39m[33m;[39m
 [90m 16 |[39m [36mimport[39m [33mUsers[39m [36mfrom[39m [32m'lucide-react/dist/esm/icons/users'[39m[33m;[39m
[31m[1m>[22m[39m[90m 17 |[39m [36mimport[39m [33mBarChart3[39m [36mfrom[39m [32m'lucide-react/dist/esm/icons/bar-chart3'[39m[33m;[39m[33m;[39m
 [90m    |[39m [31m[1m^[22m[39m[31m[1m^[22m[39m[31m[1m^[22m[39m[31m[1m^[22m[39m[31m[1m^[22m[39m[31m[1m^[22m[39m[31m[1m^[22m[39m[31m[1m^[22m[39m[31m[1m^[22m[39m[31m[1m^[22m[39m[31m[1m^[22m[39m[31m[1m^[22m[39m[31m[1m^[22m[39m[31m[1m^[22m[39m[31m[1m^[22m[39m[31m[1m^[22m[39m[31m[1m^[22m[39m[31m[1m^[22m[39m[31m[1m^[22m[39m[31m[1m^[22m[39m[31m[1m^[22m[39m[31m[1m^[22m[39m[31m[1m^[22m[39m[31m[1m^[22m[39m[31m[1m^[22m[39m[31m[1m^[22m[39m[31m[1m^[22m[39m[31m[1m^[22m[39m[31m[1m^[22m[39m[31m[1m^[22m[39m[31m[1m^[22m[39m[31m[1m^[22m[39m[31m[1m^[22m[39m[31m[1m^[22m[39m[31m[1m^[22m[39m[31m[1m^[22m[39m[31m[1m^[22m[39m[31m[1m^[22m[39m[31m[1m^[22m[39m[31m[1m^[22m[39m[31m[1m^[22m[39m[31m[1m^[22m[39m[31m[1m^[22m[39m[31m[1m^[22m[39m[31m[1m^[22m[39m[31m[1m^[22m[39m[31m[1m^[22m[39m[31m[1m^[22m[39m[31m[1m^[22m[39m[31m[1m^[22m[39m[31m[1m^[22m[39m[31m[1m^[22m[39m[31m[1m^[22m[39m[31m[1m^[22m[39m[31m[1m^[22m[39m[31m[1m^[22m[39m[31m[1m^[22m[39m[31m[1m^[22m[39m[31m[1m^[22m[39m[31m[1m^[22m[39m[31m[1m^[22m[39m[31m[1m^[22m[39m[31m[1m^[22m[39m
 [90m 18 |[39m [36mimport[39m { cn } [36mfrom[39m [32m"@/lib/utils"[39m[33m;[39m
 [90m 19 |[39m
 [90m 20 |[39m type [33mDashboardExplainerDialogProps[39m [33m=[39m {[0m



Import traces:
  Client Component Browser:
    ./src/components/DashboardExplainerDialog.tsx [Client Component Browser]
    ./src/app/dashboard/components/DashboardHeader.tsx [Client Component Browser]
    ./src/app/dashboard/components/DashboardHeader.tsx [Server Component]
    ./src/app/dashboard/page.tsx [Server Component]

  Client Component SSR:
    ./src/components/DashboardExplainerDialog.tsx [Client Component SSR]
    ./src/app/dashboard/components/DashboardHeader.tsx [Client Component SSR]
    ./src/app/dashboard/components/DashboardHeader.tsx [Server Component]
    ./src/app/dashboard/page.tsx [Server Component]

https://nextjs.org/docs/messages/module-not-found


./src/components/dashboard/steps/Step4Content.tsx:8:1
Module not found: Can't resolve 'lucide-react/dist/esm/icons/bar-chart3'
[0m [90m  6 |[39m [36mimport[39m { [33mPartnerReferralsTab[39m } [36mfrom[39m [32m"@/components/PartnerReferralsTab"[39m[33m;[39m
 [90m  7 |[39m [36mimport[39m { [33mShareReferralCard[39m } [36mfrom[39m [32m"@/components/ShareReferralCard"[39m[33m;[39m
[31m[1m>[22m[39m[90m  8 |[39m [36mimport[39m [33mBarChart3[39m [36mfrom[39m [32m'lucide-react/dist/esm/icons/bar-chart3'[39m[33m;[39m
 [90m    |[39m [31m[1m^[22m[39m[31m[1m^[22m[39m[31m[1m^[22m[39m[31m[1m^[22m[39m[31m[1m^[22m[39m[31m[1m^[22m[39m[31m[1m^[22m[39m[31m[1m^[22m[39m[31m[1m^[22m[39m[31m[1m^[22m[39m[31m[1m^[22m[39m[31m[1m^[22m[39m[31m[1m^[22m[39m[31m[1m^[22m[39m[31m[1m^[22m[39m[31m[1m^[22m[39m[31m[1m^[22m[39m[31m[1m^[22m[39m[31m[1m^[22m[39m[31m[1m^[22m[39m[31m[1m^[22m[39m[31m[1m^[22m[39m[31m[1m^[22m[39m[31m[1m^[22m[39m[31m[1m^[22m[39m[31m[1m^[22m[39m[31m[1m^[22m[39m[31m[1m^[22m[39m[31m[1m^[22m[39m[31m[1m^[22m[39m[31m[1m^[22m[39m[31m[1m^[22m[39m[31m[1m^[22m[39m[31m[1m^[22m[39m[31m[1m^[22m[39m[31m[1m^[22m[39m[31m[1m^[22m[39m[31m[1m^[22m[39m[31m[1m^[22m[39m[31m[1m^[22m[39m[31m[1m^[22m[39m[31m[1m^[22m[39m[31m[1m^[22m[39m[31m[1m^[22m[39m[31m[1m^[22m[39m[31m[1m^[22m[39m[31m[1m^[22m[39m[31m[1m^[22m[39m[31m[1m^[22m[39m[31m[1m^[22m[39m[31m[1m^[22m[39m[31m[1m^[22m[39m[31m[1m^[22m[39m[31m[1m^[22m[39m[31m[1m^[22m[39m[31m[1m^[22m[39m[31m[1m^[22m[39m[31m[1m^[22m[39m[31m[1m^[22m[39m[31m[1m^[22m[39m[31m[1m^[22m[39m[31m[1m^[22m[39m[31m[1m^[22m[39m
 [90m  9 |[39m [36mimport[39m [33mMail[39m [36mfrom[39m [32m'lucide-react/dist/esm/icons/mail'[39m[33m;[39m[33m;[39m
 [90m 10 |[39m [36mimport[39m type { [33mDatabase[39m } [36mfrom[39m [32m"@/types/supabase"[39m[33m;[39m
 [90m 11 |[39m[0m



Import trace:
  Server Component:
    ./src/components/dashboard/steps/Step4Content.tsx
    ./src/app/dashboard/page.tsx

https://nextjs.org/docs/messages/module-not-found


./src/components/referred/ReferredFeatures.tsx:3:1
Module not found: Can't resolve 'lucide-react/dist/esm/icons/bar-chart3'
[0m [90m 1 |[39m [36mimport[39m [33mZap[39m [36mfrom[39m [32m'lucide-react/dist/esm/icons/zap'[39m[33m;[39m
 [90m 2 |[39m [36mimport[39m [33mTarget[39m [36mfrom[39m [32m'lucide-react/dist/esm/icons/target'[39m[33m;[39m
[31m[1m>[22m[39m[90m 3 |[39m [36mimport[39m [33mBarChart3[39m [36mfrom[39m [32m'lucide-react/dist/esm/icons/bar-chart3'[39m[33m;[39m
 [90m   |[39m [31m[1m^[22m[39m[31m[1m^[22m[39m[31m[1m^[22m[39m[31m[1m^[22m[39m[31m[1m^[22m[39m[31m[1m^[22m[39m[31m[1m^[22m[39m[31m[1m^[22m[39m[31m[1m^[22m[39m[31m[1m^[22m[39m[31m[1m^[22m[39m[31m[1m^[22m[39m[31m[1m^[22m[39m[31m[1m^[22m[39m[31m[1m^[22m[39m[31m[1m^[22m[39m[31m[1m^[22m[39m[31m[1m^[22m[39m[31m[1m^[22m[39m[31m[1m^[22m[39m[31m[1m^[22m[39m[31m[1m^[22m[39m[31m[1m^[22m[39m[31m[1m^[22m[39m[31m[1m^[22m[39m[31m[1m^[22m[39m[31m[1m^[22m[39m[31m[1m^[22m[39m[31m[1m^[22m[39m[31m[1m^[22m[39m[31m[1m^[22m[39m[31m[1m^[22m[39m[31m[1m^[22m[39m[31m[1m^[22m[39m[31m[1m^[22m[39m[31m[1m^[22m[39m[31m[1m^[22m[39m[31m[1m^[22m[39m[31m[1m^[22m[39m[31m[1m^[22m[39m[31m[1m^[22m[39m[31m[1m^[22m[39m[31m[1m^[22m[39m[31m[1m^[22m[39m[31m[1m^[22m[39m[31m[1m^[22m[39m[31m[1m^[22m[39m[31m[1m^[22m[39m[31m[1m^[22m[39m[31m[1m^[22m[39m[31m[1m^[22m[39m[31m[1m^[22m[39m[31m[1m^[22m[39m[31m[1m^[22m[39m[31m[1m^[22m[39m[31m[1m^[22m[39m[31m[1m^[22m[39m[31m[1m^[22m[39m[31m[1m^[22m[39m[31m[1m^[22m[39m[31m[1m^[22m[39m[31m[1m^[22m[39m[31m[1m^[22m[39m
 [90m 4 |[39m [36mimport[39m [33mRocket[39m [36mfrom[39m [32m'lucide-react/dist/esm/icons/rocket'[39m[33m;[39m
 [90m 5 |[39m [36mimport[39m [33mShield[39m [36mfrom[39m [32m'lucide-react/dist/esm/icons/shield'[39m[33m;[39m
 [90m 6 |[39m [36mimport[39m [33mRefreshCw[39m [36mfrom[39m [32m'lucide-react/dist/esm/icons/refresh-cw'[39m[33m;[39m[0m



Import trace:
  Server Component:
    ./src/components/referred/ReferredFeatures.tsx
    ./src/app/referred/page.tsx

https://nextjs.org/docs/messages/module-not-found


./src/app/case-studies/page.tsx:14:1
Module not found: Can't resolve 'lucide-react/dist/esm/icons/building2'
[0m [90m 12 |[39m [36mimport[39m [33mUsers[39m [36mfrom[39m [32m'lucide-react/dist/esm/icons/users'[39m[33m;[39m
 [90m 13 |[39m [36mimport[39m [33mBriefcase[39m [36mfrom[39m [32m'lucide-react/dist/esm/icons/briefcase'[39m[33m;[39m
[31m[1m>[22m[39m[90m 14 |[39m [36mimport[39m [33mBuilding2[39m [36mfrom[39m [32m'lucide-react/dist/esm/icons/building2'[39m[33m;[39m
 [90m    |[39m [31m[1m^[22m[39m[31m[1m^[22m[39m[31m[1m^[22m[39m[31m[1m^[22m[39m[31m[1m^[22m[39m[31m[1m^[22m[39m[31m[1m^[22m[39m[31m[1m^[22m[39m[31m[1m^[22m[39m[31m[1m^[22m[39m[31m[1m^[22m[39m[31m[1m^[22m[39m[31m[1m^[22m[39m[31m[1m^[22m[39m[31m[1m^[22m[39m[31m[1m^[22m[39m[31m[1m^[22m[39m[31m[1m^[22m[39m[31m[1m^[22m[39m[31m[1m^[22m[39m[31m[1m^[22m[39m[31m[1m^[22m[39m[31m[1m^[22m[39m[31m[1m^[22m[39m[31m[1m^[22m[39m[31m[1m^[22m[39m[31m[1m^[22m[39m[31m[1m^[22m[39m[31m[1m^[22m[39m[31m[1m^[22m[39m[31m[1m^[22m[39m[31m[1m^[22m[39m[31m[1m^[22m[39m[31m[1m^[22m[39m[31m[1m^[22m[39m[31m[1m^[22m[39m[31m[1m^[22m[39m[31m[1m^[22m[39m[31m[1m^[22m[39m[31m[1m^[22m[39m[31m[1m^[22m[39m[31m[1m^[22m[39m[31m[1m^[22m[39m[31m[1m^[22m[39m[31m[1m^[22m[39m[31m[1m^[22m[39m[31m[1m^[22m[39m[31m[1m^[22m[39m[31m[1m^[22m[39m[31m[1m^[22m[39m[31m[1m^[22m[39m[31m[1m^[22m[39m[31m[1m^[22m[39m[31m[1m^[22m[39m[31m[1m^[22m[39m[31m[1m^[22m[39m[31m[1m^[22m[39m[31m[1m^[22m[39m[31m[1m^[22m[39m[31m[1m^[22m[39m[31m[1m^[22m[39m[31m[1m^[22m[39m
 [90m 15 |[39m [36mimport[39m [33mHeart[39m [36mfrom[39m [32m'lucide-react/dist/esm/icons/heart'[39m[33m;[39m[33m;[39m
 [90m 16 |[39m
 [90m 17 |[39m type [33mMetricCard[39m [33m=[39m {[0m



Import traces:
  Client Component Browser:
    ./src/app/case-studies/page.tsx [Client Component Browser]
    ./src/app/case-studies/page.tsx [Server Component]

  Client Component SSR:
    ./src/app/case-studies/page.tsx [Client Component SSR]
    ./src/app/case-studies/page.tsx [Server Component]

https://nextjs.org/docs/messages/module-not-found


./src/app/case-studies/page.tsx:15:1
Module not found: Can't resolve 'lucide-react/dist/esm/icons/building2'
[0m [90m 13 |[39m [36mimport[39m [33mUsers[39m [36mfrom[39m [32m'lucide-react/dist/esm/icons/users'[39m[33m;[39m
 [90m 14 |[39m [36mimport[39m [33mBriefcase[39m [36mfrom[39m [32m'lucide-react/dist/esm/icons/briefcase'[39m[33m;[39m
[31m[1m>[22m[39m[90m 15 |[39m [36mimport[39m [33mBuilding2[39m [36mfrom[39m [32m'lucide-react/dist/esm/icons/building2'[39m[33m;[39m
 [90m    |[39m [31m[1m^[22m[39m[31m[1m^[22m[39m[31m[1m^[22m[39m[31m[1m^[22m[39m[31m[1m^[22m[39m[31m[1m^[22m[39m[31m[1m^[22m[39m[31m[1m^[22m[39m[31m[1m^[22m[39m[31m[1m^[22m[39m[31m[1m^[22m[39m[31m[1m^[22m[39m[31m[1m^[22m[39m[31m[1m^[22m[39m[31m[1m^[22m[39m[31m[1m^[22m[39m[31m[1m^[22m[39m[31m[1m^[22m[39m[31m[1m^[22m[39m[31m[1m^[22m[39m[31m[1m^[22m[39m[31m[1m^[22m[39m[31m[1m^[22m[39m[31m[1m^[22m[39m[31m[1m^[22m[39m[31m[1m^[22m[39m[31m[1m^[22m[39m[31m[1m^[22m[39m[31m[1m^[22m[39m[31m[1m^[22m[39m[31m[1m^[22m[39m[31m[1m^[22m[39m[31m[1m^[22m[39m[31m[1m^[22m[39m[31m[1m^[22m[39m[31m[1m^[22m[39m[31m[1m^[22m[39m[31m[1m^[22m[39m[31m[1m^[22m[39m[31m[1m^[22m[39m[31m[1m^[22m[39m[31m[1m^[22m[39m[31m[1m^[22m[39m[31m[1m^[22m[39m[31m[1m^[22m[39m[31m[1m^[22m[39m[31m[1m^[22m[39m[31m[1m^[22m[39m[31m[1m^[22m[39m[31m[1m^[22m[39m[31m[1m^[22m[39m[31m[1m^[22m[39m[31m[1m^[22m[39m[31m[1m^[22m[39m[31m[1m^[22m[39m[31m[1m^[22m[39m[31m[1m^[22m[39m[31m[1m^[22m[39m[31m[1m^[22m[39m[31m[1m^[22m[39m[31m[1m^[22m[39m[31m[1m^[22m[39m
 [90m 16 |[39m [36mimport[39m [33mHeart[39m [36mfrom[39m [32m'lucide-react/dist/esm/icons/heart'[39m[33m;[39m
 [90m 17 |[39m [33m;[39m
 [90m 18 |[39m type [33mMetricCard[39m [33m=[39m {[0m



Import traces:
  Client Component Browser:
    ./src/app/case-studies/page.tsx [Client Component Browser]
    ./src/app/case-studies/page.tsx [Server Component]

  Client Component SSR:
    ./src/app/case-studies/page.tsx [Client Component SSR]
    ./src/app/case-studies/page.tsx [Server Component]

https://nextjs.org/docs/messages/module-not-found


./src/app/login/page.tsx:11:1
Module not found: Can't resolve 'lucide-react/dist/esm/icons/building2'
[0m [90m  9 |[39m [36mimport[39m { [33mCard[39m } [36mfrom[39m [32m"@/components/ui/card"[39m[33m;[39m
 [90m 10 |[39m [36mimport[39m { createBrowserSupabaseClient } [36mfrom[39m [32m"@/lib/supabase-browser"[39m[33m;[39m
[31m[1m>[22m[39m[90m 11 |[39m [36mimport[39m [33mBuilding2[39m [36mfrom[39m [32m'lucide-react/dist/esm/icons/building2'[39m[33m;[39m
 [90m    |[39m [31m[1m^[22m[39m[31m[1m^[22m[39m[31m[1m^[22m[39m[31m[1m^[22m[39m[31m[1m^[22m[39m[31m[1m^[22m[39m[31m[1m^[22m[39m[31m[1m^[22m[39m[31m[1m^[22m[39m[31m[1m^[22m[39m[31m[1m^[22m[39m[31m[1m^[22m[39m[31m[1m^[22m[39m[31m[1m^[22m[39m[31m[1m^[22m[39m[31m[1m^[22m[39m[31m[1m^[22m[39m[31m[1m^[22m[39m[31m[1m^[22m[39m[31m[1m^[22m[39m[31m[1m^[22m[39m[31m[1m^[22m[39m[31m[1m^[22m[39m[31m[1m^[22m[39m[31m[1m^[22m[39m[31m[1m^[22m[39m[31m[1m^[22m[39m[31m[1m^[22m[39m[31m[1m^[22m[39m[31m[1m^[22m[39m[31m[1m^[22m[39m[31m[1m^[22m[39m[31m[1m^[22m[39m[31m[1m^[22m[39m[31m[1m^[22m[39m[31m[1m^[22m[39m[31m[1m^[22m[39m[31m[1m^[22m[39m[31m[1m^[22m[39m[31m[1m^[22m[39m[31m[1m^[22m[39m[31m[1m^[22m[39m[31m[1m^[22m[39m[31m[1m^[22m[39m[31m[1m^[22m[39m[31m[1m^[22m[39m[31m[1m^[22m[39m[31m[1m^[22m[39m[31m[1m^[22m[39m[31m[1m^[22m[39m[31m[1m^[22m[39m[31m[1m^[22m[39m[31m[1m^[22m[39m[31m[1m^[22m[39m[31m[1m^[22m[39m[31m[1m^[22m[39m[31m[1m^[22m[39m[31m[1m^[22m[39m[31m[1m^[22m[39m[31m[1m^[22m[39m[31m[1m^[22m[39m[31m[1m^[22m[39m
 [90m 12 |[39m [36mimport[39m [33mArrowRight[39m [36mfrom[39m [32m'lucide-react/dist/esm/icons/arrow-right'[39m[33m;[39m
 [90m 13 |[39m [36mimport[39m [33mCheckCircle2[39m [36mfrom[39m [32m'lucide-react/dist/esm/icons/check-circle2'[39m[33m;[39m
 [90m 14 |[39m [33m;[39m[0m



Import traces:
  Client Component Browser:
    ./src/app/login/page.tsx [Client Component Browser]
    ./src/app/login/page.tsx [Server Component]

  Client Component SSR:
    ./src/app/login/page.tsx [Client Component SSR]
    ./src/app/login/page.tsx [Server Component]

https://nextjs.org/docs/messages/module-not-found


./src/app/login/page.tsx:10:1
Module not found: Can't resolve 'lucide-react/dist/esm/icons/building2'
[0m [90m  8 |[39m [36mimport[39m { [33mCard[39m } [36mfrom[39m [32m"@/components/ui/card"[39m[33m;[39m
 [90m  9 |[39m [36mimport[39m { createBrowserSupabaseClient } [36mfrom[39m [32m"@/lib/supabase-browser"[39m[33m;[39m
[31m[1m>[22m[39m[90m 10 |[39m [36mimport[39m [33mBuilding2[39m [36mfrom[39m [32m'lucide-react/dist/esm/icons/building2'[39m[33m;[39m
 [90m    |[39m [31m[1m^[22m[39m[31m[1m^[22m[39m[31m[1m^[22m[39m[31m[1m^[22m[39m[31m[1m^[22m[39m[31m[1m^[22m[39m[31m[1m^[22m[39m[31m[1m^[22m[39m[31m[1m^[22m[39m[31m[1m^[22m[39m[31m[1m^[22m[39m[31m[1m^[22m[39m[31m[1m^[22m[39m[31m[1m^[22m[39m[31m[1m^[22m[39m[31m[1m^[22m[39m[31m[1m^[22m[39m[31m[1m^[22m[39m[31m[1m^[22m[39m[31m[1m^[22m[39m[31m[1m^[22m[39m[31m[1m^[22m[39m[31m[1m^[22m[39m[31m[1m^[22m[39m[31m[1m^[22m[39m[31m[1m^[22m[39m[31m[1m^[22m[39m[31m[1m^[22m[39m[31m[1m^[22m[39m[31m[1m^[22m[39m[31m[1m^[22m[39m[31m[1m^[22m[39m[31m[1m^[22m[39m[31m[1m^[22m[39m[31m[1m^[22m[39m[31m[1m^[22m[39m[31m[1m^[22m[39m[31m[1m^[22m[39m[31m[1m^[22m[39m[31m[1m^[22m[39m[31m[1m^[22m[39m[31m[1m^[22m[39m[31m[1m^[22m[39m[31m[1m^[22m[39m[31m[1m^[22m[39m[31m[1m^[22m[39m[31m[1m^[22m[39m[31m[1m^[22m[39m[31m[1m^[22m[39m[31m[1m^[22m[39m[31m[1m^[22m[39m[31m[1m^[22m[39m[31m[1m^[22m[39m[31m[1m^[22m[39m[31m[1m^[22m[39m[31m[1m^[22m[39m[31m[1m^[22m[39m[31m[1m^[22m[39m[31m[1m^[22m[39m[31m[1m^[22m[39m[31m[1m^[22m[39m[31m[1m^[22m[39m
 [90m 11 |[39m [36mimport[39m [33mArrowRight[39m [36mfrom[39m [32m'lucide-react/dist/esm/icons/arrow-right'[39m[33m;[39m
 [90m 12 |[39m [36mimport[39m [33mCheckCircle2[39m [36mfrom[39m [32m'lucide-react/dist/esm/icons/check-circle2'[39m[33m;[39m[33m;[39m
 [90m 13 |[39m [36mimport[39m [33mLink[39m [36mfrom[39m [32m"next/link"[39m[33m;[39m[0m



Import traces:
  Client Component Browser:
    ./src/app/login/page.tsx [Client Component Browser]
    ./src/app/login/page.tsx [Server Component]

  Client Component SSR:
    ./src/app/login/page.tsx [Client Component SSR]
    ./src/app/login/page.tsx [Server Component]

https://nextjs.org/docs/messages/module-not-found


./src/app/our-referral-program/page.tsx:12:1
Module not found: Can't resolve 'lucide-react/dist/esm/icons/building2'
[0m [90m 10 |[39m [36mimport[39m [33mZap[39m [36mfrom[39m [32m'lucide-react/dist/esm/icons/zap'[39m[33m;[39m
 [90m 11 |[39m [36mimport[39m [33mTarget[39m [36mfrom[39m [32m'lucide-react/dist/esm/icons/target'[39m[33m;[39m
[31m[1m>[22m[39m[90m 12 |[39m [36mimport[39m [33mBuilding2[39m [36mfrom[39m [32m'lucide-react/dist/esm/icons/building2'[39m[33m;[39m
 [90m    |[39m [31m[1m^[22m[39m[31m[1m^[22m[39m[31m[1m^[22m[39m[31m[1m^[22m[39m[31m[1m^[22m[39m[31m[1m^[22m[39m[31m[1m^[22m[39m[31m[1m^[22m[39m[31m[1m^[22m[39m[31m[1m^[22m[39m[31m[1m^[22m[39m[31m[1m^[22m[39m[31m[1m^[22m[39m[31m[1m^[22m[39m[31m[1m^[22m[39m[31m[1m^[22m[39m[31m[1m^[22m[39m[31m[1m^[22m[39m[31m[1m^[22m[39m[31m[1m^[22m[39m[31m[1m^[22m[39m[31m[1m^[22m[39m[31m[1m^[22m[39m[31m[1m^[22m[39m[31m[1m^[22m[39m[31m[1m^[22m[39m[31m[1m^[22m[39m[31m[1m^[22m[39m[31m[1m^[22m[39m[31m[1m^[22m[39m[31m[1m^[22m[39m[31m[1m^[22m[39m[31m[1m^[22m[39m[31m[1m^[22m[39m[31m[1m^[22m[39m[31m[1m^[22m[39m[31m[1m^[22m[39m[31m[1m^[22m[39m[31m[1m^[22m[39m[31m[1m^[22m[39m[31m[1m^[22m[39m[31m[1m^[22m[39m[31m[1m^[22m[39m[31m[1m^[22m[39m[31m[1m^[22m[39m[31m[1m^[22m[39m[31m[1m^[22m[39m[31m[1m^[22m[39m[31m[1m^[22m[39m[31m[1m^[22m[39m[31m[1m^[22m[39m[31m[1m^[22m[39m[31m[1m^[22m[39m[31m[1m^[22m[39m[31m[1m^[22m[39m[31m[1m^[22m[39m[31m[1m^[22m[39m[31m[1m^[22m[39m[31m[1m^[22m[39m[31m[1m^[22m[39m[31m[1m^[22m[39m[31m[1m^[22m[39m
 [90m 13 |[39m [36mimport[39m [33mGlobe[39m [36mfrom[39m [32m'lucide-react/dist/esm/icons/globe'[39m[33m;[39m
 [90m 14 |[39m [36mimport[39m [33mShare2[39m [36mfrom[39m [32m'lucide-react/dist/esm/icons/share2'[39m[33m;[39m[33m;[39m
 [90m 15 |[39m [36mimport[39m { [33mButton[39m } [36mfrom[39m [32m"@/components/ui/button"[39m[33m;[39m[0m



https://nextjs.org/docs/messages/module-not-found


./src/components/PartnerReferralsTab.tsx:11:1
Module not found: Can't resolve 'lucide-react/dist/esm/icons/building2'
[0m [90m  9 |[39m [36mimport[39m [33mDollarSign[39m [36mfrom[39m [32m'lucide-react/dist/esm/icons/dollar-sign'[39m[33m;[39m
 [90m 10 |[39m [36mimport[39m [33mCalendar[39m [36mfrom[39m [32m'lucide-react/dist/esm/icons/calendar'[39m[33m;[39m
[31m[1m>[22m[39m[90m 11 |[39m [36mimport[39m [33mBuilding2[39m [36mfrom[39m [32m'lucide-react/dist/esm/icons/building2'[39m[33m;[39m
 [90m    |[39m [31m[1m^[22m[39m[31m[1m^[22m[39m[31m[1m^[22m[39m[31m[1m^[22m[39m[31m[1m^[22m[39m[31m[1m^[22m[39m[31m[1m^[22m[39m[31m[1m^[22m[39m[31m[1m^[22m[39m[31m[1m^[22m[39m[31m[1m^[22m[39m[31m[1m^[22m[39m[31m[1m^[22m[39m[31m[1m^[22m[39m[31m[1m^[22m[39m[31m[1m^[22m[39m[31m[1m^[22m[39m[31m[1m^[22m[39m[31m[1m^[22m[39m[31m[1m^[22m[39m[31m[1m^[22m[39m[31m[1m^[22m[39m[31m[1m^[22m[39m[31m[1m^[22m[39m[31m[1m^[22m[39m[31m[1m^[22m[39m[31m[1m^[22m[39m[31m[1m^[22m[39m[31m[1m^[22m[39m[31m[1m^[22m[39m[31m[1m^[22m[39m[31m[1m^[22m[39m[31m[1m^[22m[39m[31m[1m^[22m[39m[31m[1m^[22m[39m[31m[1m^[22m[39m[31m[1m^[22m[39m[31m[1m^[22m[39m[31m[1m^[22m[39m[31m[1m^[22m[39m[31m[1m^[22m[39m[31m[1m^[22m[39m[31m[1m^[22m[39m[31m[1m^[22m[39m[31m[1m^[22m[39m[31m[1m^[22m[39m[31m[1m^[22m[39m[31m[1m^[22m[39m[31m[1m^[22m[39m[31m[1m^[22m[39m[31m[1m^[22m[39m[31m[1m^[22m[39m[31m[1m^[22m[39m[31m[1m^[22m[39m[31m[1m^[22m[39m[31m[1m^[22m[39m[31m[1m^[22m[39m[31m[1m^[22m[39m[31m[1m^[22m[39m[31m[1m^[22m[39m[31m[1m^[22m[39m[31m[1m^[22m[39m
 [90m 12 |[39m [36mimport[39m [33mCheckCircle[39m [36mfrom[39m [32m'lucide-react/dist/esm/icons/check-circle'[39m[33m;[39m
 [90m 13 |[39m [36mimport[39m [33mClock[39m [36mfrom[39m [32m'lucide-react/dist/esm/icons/clock'[39m[33m;[39m
 [90m 14 |[39m [36mimport[39m [33mXCircle[39m [36mfrom[39m [32m'lucide-react/dist/esm/icons/xcircle'[39m[33m;[39m[33m;[39m[0m



Import trace:
  Server Component:
    ./src/components/PartnerReferralsTab.tsx
    ./src/components/dashboard/steps/Step4Content.tsx
    ./src/app/dashboard/page.tsx

https://nextjs.org/docs/messages/module-not-found


./src/components/PartnerReferralsTab.tsx:12:1
Module not found: Can't resolve 'lucide-react/dist/esm/icons/building2'
[0m [90m 10 |[39m [36mimport[39m [33mDollarSign[39m [36mfrom[39m [32m'lucide-react/dist/esm/icons/dollar-sign'[39m[33m;[39m
 [90m 11 |[39m [36mimport[39m [33mCalendar[39m [36mfrom[39m [32m'lucide-react/dist/esm/icons/calendar'[39m[33m;[39m
[31m[1m>[22m[39m[90m 12 |[39m [36mimport[39m [33mBuilding2[39m [36mfrom[39m [32m'lucide-react/dist/esm/icons/building2'[39m[33m;[39m
 [90m    |[39m [31m[1m^[22m[39m[31m[1m^[22m[39m[31m[1m^[22m[39m[31m[1m^[22m[39m[31m[1m^[22m[39m[31m[1m^[22m[39m[31m[1m^[22m[39m[31m[1m^[22m[39m[31m[1m^[22m[39m[31m[1m^[22m[39m[31m[1m^[22m[39m[31m[1m^[22m[39m[31m[1m^[22m[39m[31m[1m^[22m[39m[31m[1m^[22m[39m[31m[1m^[22m[39m[31m[1m^[22m[39m[31m[1m^[22m[39m[31m[1m^[22m[39m[31m[1m^[22m[39m[31m[1m^[22m[39m[31m[1m^[22m[39m[31m[1m^[22m[39m[31m[1m^[22m[39m[31m[1m^[22m[39m[31m[1m^[22m[39m[31m[1m^[22m[39m[31m[1m^[22m[39m[31m[1m^[22m[39m[31m[1m^[22m[39m[31m[1m^[22m[39m[31m[1m^[22m[39m[31m[1m^[22m[39m[31m[1m^[22m[39m[31m[1m^[22m[39m[31m[1m^[22m[39m[31m[1m^[22m[39m[31m[1m^[22m[39m[31m[1m^[22m[39m[31m[1m^[22m[39m[31m[1m^[22m[39m[31m[1m^[22m[39m[31m[1m^[22m[39m[31m[1m^[22m[39m[31m[1m^[22m[39m[31m[1m^[22m[39m[31m[1m^[22m[39m[31m[1m^[22m[39m[31m[1m^[22m[39m[31m[1m^[22m[39m[31m[1m^[22m[39m[31m[1m^[22m[39m[31m[1m^[22m[39m[31m[1m^[22m[39m[31m[1m^[22m[39m[31m[1m^[22m[39m[31m[1m^[22m[39m[31m[1m^[22m[39m[31m[1m^[22m[39m[31m[1m^[22m[39m[31m[1m^[22m[39m[31m[1m^[22m[39m
 [90m 13 |[39m [36mimport[39m [33mCheckCircle[39m [36mfrom[39m [32m'lucide-react/dist/esm/icons/check-circle'[39m[33m;[39m
 [90m 14 |[39m [36mimport[39m [33mClock[39m [36mfrom[39m [32m'lucide-react/dist/esm/icons/clock'[39m[33m;[39m
 [90m 15 |[39m [36mimport[39m [33mXCircle[39m [36mfrom[39m [32m'lucide-react/dist/esm/icons/xcircle'[39m[33m;[39m[0m



Import trace:
  Server Component:
    ./src/components/PartnerReferralsTab.tsx
    ./src/components/dashboard/steps/Step4Content.tsx
    ./src/app/dashboard/page.tsx

https://nextjs.org/docs/messages/module-not-found


./src/components/referred/ReferredApplicationForm.tsx:8:1
Module not found: Can't resolve 'lucide-react/dist/esm/icons/building2'
[0m [90m  6 |[39m [36mimport[39m { [33mButton[39m } [36mfrom[39m [32m"@/components/ui/button"[39m[33m;[39m
 [90m  7 |[39m [36mimport[39m { [33mCard[39m } [36mfrom[39m [32m"@/components/ui/card"[39m[33m;[39m
[31m[1m>[22m[39m[90m  8 |[39m [36mimport[39m [33mBuilding2[39m [36mfrom[39m [32m'lucide-react/dist/esm/icons/building2'[39m[33m;[39m
 [90m    |[39m [31m[1m^[22m[39m[31m[1m^[22m[39m[31m[1m^[22m[39m[31m[1m^[22m[39m[31m[1m^[22m[39m[31m[1m^[22m[39m[31m[1m^[22m[39m[31m[1m^[22m[39m[31m[1m^[22m[39m[31m[1m^[22m[39m[31m[1m^[22m[39m[31m[1m^[22m[39m[31m[1m^[22m[39m[31m[1m^[22m[39m[31m[1m^[22m[39m[31m[1m^[22m[39m[31m[1m^[22m[39m[31m[1m^[22m[39m[31m[1m^[22m[39m[31m[1m^[22m[39m[31m[1m^[22m[39m[31m[1m^[22m[39m[31m[1m^[22m[39m[31m[1m^[22m[39m[31m[1m^[22m[39m[31m[1m^[22m[39m[31m[1m^[22m[39m[31m[1m^[22m[39m[31m[1m^[22m[39m[31m[1m^[22m[39m[31m[1m^[22m[39m[31m[1m^[22m[39m[31m[1m^[22m[39m[31m[1m^[22m[39m[31m[1m^[22m[39m[31m[1m^[22m[39m[31m[1m^[22m[39m[31m[1m^[22m[39m[31m[1m^[22m[39m[31m[1m^[22m[39m[31m[1m^[22m[39m[31m[1m^[22m[39m[31m[1m^[22m[39m[31m[1m^[22m[39m[31m[1m^[22m[39m[31m[1m^[22m[39m[31m[1m^[22m[39m[31m[1m^[22m[39m[31m[1m^[22m[39m[31m[1m^[22m[39m[31m[1m^[22m[39m[31m[1m^[22m[39m[31m[1m^[22m[39m[31m[1m^[22m[39m[31m[1m^[22m[39m[31m[1m^[22m[39m[31m[1m^[22m[39m[31m[1m^[22m[39m[31m[1m^[22m[39m[31m[1m^[22m[39m[31m[1m^[22m[39m[31m[1m^[22m[39m
 [90m  9 |[39m [36mimport[39m [33mUser[39m [36mfrom[39m [32m'lucide-react/dist/esm/icons/user'[39m[33m;[39m
 [90m 10 |[39m [36mimport[39m [33mMail[39m [36mfrom[39m [32m'lucide-react/dist/esm/icons/mail'[39m[33m;[39m
 [90m 11 |[39m [36mimport[39m [33mPhone[39m [36mfrom[39m [32m'lucide-react/dist/esm/icons/phone'[39m[33m;[39m[0m



Import trace:
  Server Component:
    ./src/components/referred/ReferredApplicationForm.tsx
    ./src/app/referred/page.tsx

https://nextjs.org/docs/messages/module-not-found


./src/app/auth/reset-password/page.tsx:11:1
Module not found: Can't resolve 'lucide-react/dist/esm/icons/check-circle2'
[0m [90m  9 |[39m [36mimport[39m { [33mCard[39m } [36mfrom[39m [32m"@/components/ui/card"[39m[33m;[39m
 [90m 10 |[39m [36mimport[39m { createBrowserSupabaseClient } [36mfrom[39m [32m"@/lib/supabase-browser"[39m[33m;[39m
[31m[1m>[22m[39m[90m 11 |[39m [36mimport[39m [33mCheckCircle2[39m [36mfrom[39m [32m'lucide-react/dist/esm/icons/check-circle2'[39m[33m;[39m
 [90m    |[39m [31m[1m^[22m[39m[31m[1m^[22m[39m[31m[1m^[22m[39m[31m[1m^[22m[39m[31m[1m^[22m[39m[31m[1m^[22m[39m[31m[1m^[22m[39m[31m[1m^[22m[39m[31m[1m^[22m[39m[31m[1m^[22m[39m[31m[1m^[22m[39m[31m[1m^[22m[39m[31m[1m^[22m[39m[31m[1m^[22m[39m[31m[1m^[22m[39m[31m[1m^[22m[39m[31m[1m^[22m[39m[31m[1m^[22m[39m[31m[1m^[22m[39m[31m[1m^[22m[39m[31m[1m^[22m[39m[31m[1m^[22m[39m[31m[1m^[22m[39m[31m[1m^[22m[39m[31m[1m^[22m[39m[31m[1m^[22m[39m[31m[1m^[22m[39m[31m[1m^[22m[39m[31m[1m^[22m[39m[31m[1m^[22m[39m[31m[1m^[22m[39m[31m[1m^[22m[39m[31m[1m^[22m[39m[31m[1m^[22m[39m[31m[1m^[22m[39m[31m[1m^[22m[39m[31m[1m^[22m[39m[31m[1m^[22m[39m[31m[1m^[22m[39m[31m[1m^[22m[39m[31m[1m^[22m[39m[31m[1m^[22m[39m[31m[1m^[22m[39m[31m[1m^[22m[39m[31m[1m^[22m[39m[31m[1m^[22m[39m[31m[1m^[22m[39m[31m[1m^[22m[39m[31m[1m^[22m[39m[31m[1m^[22m[39m[31m[1m^[22m[39m[31m[1m^[22m[39m[31m[1m^[22m[39m[31m[1m^[22m[39m[31m[1m^[22m[39m[31m[1m^[22m[39m[31m[1m^[22m[39m[31m[1m^[22m[39m[31m[1m^[22m[39m[31m[1m^[22m[39m[31m[1m^[22m[39m[31m[1m^[22m[39m[31m[1m^[22m[39m[31m[1m^[22m[39m[31m[1m^[22m[39m[31m[1m^[22m[39m[31m[1m^[22m[39m[31m[1m^[22m[39m[31m[1m^[22m[39m
 [90m 12 |[39m [36mimport[39m [33mAlertCircle[39m [36mfrom[39m [32m'lucide-react/dist/esm/icons/alert-circle'[39m[33m;[39m
 [90m 13 |[39m [36mimport[39m [33mMail[39m [36mfrom[39m [32m'lucide-react/dist/esm/icons/mail'[39m[33m;[39m
 [90m 14 |[39m [33m;[39m[0m



Import traces:
  Client Component Browser:
    ./src/app/auth/reset-password/page.tsx [Client Component Browser]
    ./src/app/auth/reset-password/page.tsx [Server Component]

  Client Component SSR:
    ./src/app/auth/reset-password/page.tsx [Client Component SSR]
    ./src/app/auth/reset-password/page.tsx [Server Component]

https://nextjs.org/docs/messages/module-not-found


./src/app/auth/reset-password/page.tsx:11:1
Module not found: Can't resolve 'lucide-react/dist/esm/icons/check-circle2'
[0m [90m  9 |[39m [36mimport[39m { [33mCard[39m } [36mfrom[39m [32m"@/components/ui/card"[39m[33m;[39m
 [90m 10 |[39m [36mimport[39m { createBrowserSupabaseClient } [36mfrom[39m [32m"@/lib/supabase-browser"[39m[33m;[39m
[31m[1m>[22m[39m[90m 11 |[39m [36mimport[39m [33mCheckCircle2[39m [36mfrom[39m [32m'lucide-react/dist/esm/icons/check-circle2'[39m[33m;[39m
 [90m    |[39m [31m[1m^[22m[39m[31m[1m^[22m[39m[31m[1m^[22m[39m[31m[1m^[22m[39m[31m[1m^[22m[39m[31m[1m^[22m[39m[31m[1m^[22m[39m[31m[1m^[22m[39m[31m[1m^[22m[39m[31m[1m^[22m[39m[31m[1m^[22m[39m[31m[1m^[22m[39m[31m[1m^[22m[39m[31m[1m^[22m[39m[31m[1m^[22m[39m[31m[1m^[22m[39m[31m[1m^[22m[39m[31m[1m^[22m[39m[31m[1m^[22m[39m[31m[1m^[22m[39m[31m[1m^[22m[39m[31m[1m^[22m[39m[31m[1m^[22m[39m[31m[1m^[22m[39m[31m[1m^[22m[39m[31m[1m^[22m[39m[31m[1m^[22m[39m[31m[1m^[22m[39m[31m[1m^[22m[39m[31m[1m^[22m[39m[31m[1m^[22m[39m[31m[1m^[22m[39m[31m[1m^[22m[39m[31m[1m^[22m[39m[31m[1m^[22m[39m[31m[1m^[22m[39m[31m[1m^[22m[39m[31m[1m^[22m[39m[31m[1m^[22m[39m[31m[1m^[22m[39m[31m[1m^[22m[39m[31m[1m^[22m[39m[31m[1m^[22m[39m[31m[1m^[22m[39m[31m[1m^[22m[39m[31m[1m^[22m[39m[31m[1m^[22m[39m[31m[1m^[22m[39m[31m[1m^[22m[39m[31m[1m^[22m[39m[31m[1m^[22m[39m[31m[1m^[22m[39m[31m[1m^[22m[39m[31m[1m^[22m[39m[31m[1m^[22m[39m[31m[1m^[22m[39m[31m[1m^[22m[39m[31m[1m^[22m[39m[31m[1m^[22m[39m[31m[1m^[22m[39m[31m[1m^[22m[39m[31m[1m^[22m[39m[31m[1m^[22m[39m[31m[1m^[22m[39m[31m[1m^[22m[39m[31m[1m^[22m[39m[31m[1m^[22m[39m[31m[1m^[22m[39m[31m[1m^[22m[39m
 [90m 12 |[39m [36mimport[39m [33mAlertCircle[39m [36mfrom[39m [32m'lucide-react/dist/esm/icons/alert-circle'[39m[33m;[39m
 [90m 13 |[39m [36mimport[39m [33mMail[39m [36mfrom[39m [32m'lucide-react/dist/esm/icons/mail'[39m[33m;[39m[33m;[39m
 [90m 14 |[39m [36mimport[39m { logger } [36mfrom[39m [32m"@/lib/logger"[39m[33m;[39m[0m



Import traces:
  Client Component Browser:
    ./src/app/auth/reset-password/page.tsx [Client Component Browser]
    ./src/app/auth/reset-password/page.tsx [Server Component]

  Client Component SSR:
    ./src/app/auth/reset-password/page.tsx [Client Component SSR]
    ./src/app/auth/reset-password/page.tsx [Server Component]

https://nextjs.org/docs/messages/module-not-found


./src/app/dashboard/components/DashboardHeader.tsx:9:1
Module not found: Can't resolve 'lucide-react/dist/esm/icons/check-circle2'
[0m [90m  7 |[39m [36mimport[39m [33mTrendingUp[39m [36mfrom[39m [32m'lucide-react/dist/esm/icons/trending-up'[39m[33m;[39m
 [90m  8 |[39m [36mimport[39m [33mDollarSign[39m [36mfrom[39m [32m'lucide-react/dist/esm/icons/dollar-sign'[39m[33m;[39m
[31m[1m>[22m[39m[90m  9 |[39m [36mimport[39m [33mCheckCircle2[39m [36mfrom[39m [32m'lucide-react/dist/esm/icons/check-circle2'[39m[33m;[39m
 [90m    |[39m [31m[1m^[22m[39m[31m[1m^[22m[39m[31m[1m^[22m[39m[31m[1m^[22m[39m[31m[1m^[22m[39m[31m[1m^[22m[39m[31m[1m^[22m[39m[31m[1m^[22m[39m[31m[1m^[22m[39m[31m[1m^[22m[39m[31m[1m^[22m[39m[31m[1m^[22m[39m[31m[1m^[22m[39m[31m[1m^[22m[39m[31m[1m^[22m[39m[31m[1m^[22m[39m[31m[1m^[22m[39m[31m[1m^[22m[39m[31m[1m^[22m[39m[31m[1m^[22m[39m[31m[1m^[22m[39m[31m[1m^[22m[39m[31m[1m^[22m[39m[31m[1m^[22m[39m[31m[1m^[22m[39m[31m[1m^[22m[39m[31m[1m^[22m[39m[31m[1m^[22m[39m[31m[1m^[22m[39m[31m[1m^[22m[39m[31m[1m^[22m[39m[31m[1m^[22m[39m[31m[1m^[22m[39m[31m[1m^[22m[39m[31m[1m^[22m[39m[31m[1m^[22m[39m[31m[1m^[22m[39m[31m[1m^[22m[39m[31m[1m^[22m[39m[31m[1m^[22m[39m[31m[1m^[22m[39m[31m[1m^[22m[39m[31m[1m^[22m[39m[31m[1m^[22m[39m[31m[1m^[22m[39m[31m[1m^[22m[39m[31m[1m^[22m[39m[31m[1m^[22m[39m[31m[1m^[22m[39m[31m[1m^[22m[39m[31m[1m^[22m[39m[31m[1m^[22m[39m[31m[1m^[22m[39m[31m[1m^[22m[39m[31m[1m^[22m[39m[31m[1m^[22m[39m[31m[1m^[22m[39m[31m[1m^[22m[39m[31m[1m^[22m[39m[31m[1m^[22m[39m[31m[1m^[22m[39m[31m[1m^[22m[39m[31m[1m^[22m[39m[31m[1m^[22m[39m[31m[1m^[22m[39m[31m[1m^[22m[39m[31m[1m^[22m[39m[31m[1m^[22m[39m[31m[1m^[22m[39m
 [90m 10 |[39m [36mimport[39m [33mCircle[39m [36mfrom[39m [32m'lucide-react/dist/esm/icons/circle'[39m[33m;[39m
 [90m 11 |[39m [36mimport[39m [33mAlertCircle[39m [36mfrom[39m [32m'lucide-react/dist/esm/icons/alert-circle'[39m[33m;[39m
 [90m 12 |[39m [36mimport[39m [33mArrowRight[39m [36mfrom[39m [32m'lucide-react/dist/esm/icons/arrow-right'[39m[33m;[39m[0m



Import trace:
  Server Component:
    ./src/app/dashboard/components/DashboardHeader.tsx
    ./src/app/dashboard/page.tsx

https://nextjs.org/docs/messages/module-not-found


./src/app/dashboard/components/DashboardHeader.tsx:10:1
Module not found: Can't resolve 'lucide-react/dist/esm/icons/check-circle2'
[0m [90m  8 |[39m [36mimport[39m [33mTrendingUp[39m [36mfrom[39m [32m'lucide-react/dist/esm/icons/trending-up'[39m[33m;[39m
 [90m  9 |[39m [36mimport[39m [33mDollarSign[39m [36mfrom[39m [32m'lucide-react/dist/esm/icons/dollar-sign'[39m[33m;[39m
[31m[1m>[22m[39m[90m 10 |[39m [36mimport[39m [33mCheckCircle2[39m [36mfrom[39m [32m'lucide-react/dist/esm/icons/check-circle2'[39m[33m;[39m
 [90m    |[39m [31m[1m^[22m[39m[31m[1m^[22m[39m[31m[1m^[22m[39m[31m[1m^[22m[39m[31m[1m^[22m[39m[31m[1m^[22m[39m[31m[1m^[22m[39m[31m[1m^[22m[39m[31m[1m^[22m[39m[31m[1m^[22m[39m[31m[1m^[22m[39m[31m[1m^[22m[39m[31m[1m^[22m[39m[31m[1m^[22m[39m[31m[1m^[22m[39m[31m[1m^[22m[39m[31m[1m^[22m[39m[31m[1m^[22m[39m[31m[1m^[22m[39m[31m[1m^[22m[39m[31m[1m^[22m[39m[31m[1m^[22m[39m[31m[1m^[22m[39m[31m[1m^[22m[39m[31m[1m^[22m[39m[31m[1m^[22m[39m[31m[1m^[22m[39m[31m[1m^[22m[39m[31m[1m^[22m[39m[31m[1m^[22m[39m[31m[1m^[22m[39m[31m[1m^[22m[39m[31m[1m^[22m[39m[31m[1m^[22m[39m[31m[1m^[22m[39m[31m[1m^[22m[39m[31m[1m^[22m[39m[31m[1m^[22m[39m[31m[1m^[22m[39m[31m[1m^[22m[39m[31m[1m^[22m[39m[31m[1m^[22m[39m[31m[1m^[22m[39m[31m[1m^[22m[39m[31m[1m^[22m[39m[31m[1m^[22m[39m[31m[1m^[22m[39m[31m[1m^[22m[39m[31m[1m^[22m[39m[31m[1m^[22m[39m[31m[1m^[22m[39m[31m[1m^[22m[39m[31m[1m^[22m[39m[31m[1m^[22m[39m[31m[1m^[22m[39m[31m[1m^[22m[39m[31m[1m^[22m[39m[31m[1m^[22m[39m[31m[1m^[22m[39m[31m[1m^[22m[39m[31m[1m^[22m[39m[31m[1m^[22m[39m[31m[1m^[22m[39m[31m[1m^[22m[39m[31m[1m^[22m[39m[31m[1m^[22m[39m[31m[1m^[22m[39m[31m[1m^[22m[39m[31m[1m^[22m[39m
 [90m 11 |[39m [36mimport[39m [33mCircle[39m [36mfrom[39m [32m'lucide-react/dist/esm/icons/circle'[39m[33m;[39m
 [90m 12 |[39m [36mimport[39m [33mAlertCircle[39m [36mfrom[39m [32m'lucide-react/dist/esm/icons/alert-circle'[39m[33m;[39m
 [90m 13 |[39m [36mimport[39m [33mArrowRight[39m [36mfrom[39m [32m'lucide-react/dist/esm/icons/arrow-right'[39m[33m;[39m[0m



Import trace:
  Server Component:
    ./src/app/dashboard/components/DashboardHeader.tsx
    ./src/app/dashboard/page.tsx

https://nextjs.org/docs/messages/module-not-found


./src/app/lead-hacking/page.tsx:4:1
Module not found: Can't resolve 'lucide-react/dist/esm/icons/check-circle2'
[0m [90m 2 |[39m [36mimport[39m [33mArrowRight[39m [36mfrom[39m [32m'lucide-react/dist/esm/icons/arrow-right'[39m[33m;[39m
 [90m 3 |[39m [36mimport[39m [33mBarChart3[39m [36mfrom[39m [32m'lucide-react/dist/esm/icons/bar-chart3'[39m[33m;[39m
[31m[1m>[22m[39m[90m 4 |[39m [36mimport[39m [33mCheckCircle2[39m [36mfrom[39m [32m'lucide-react/dist/esm/icons/check-circle2'[39m[33m;[39m
 [90m   |[39m [31m[1m^[22m[39m[31m[1m^[22m[39m[31m[1m^[22m[39m[31m[1m^[22m[39m[31m[1m^[22m[39m[31m[1m^[22m[39m[31m[1m^[22m[39m[31m[1m^[22m[39m[31m[1m^[22m[39m[31m[1m^[22m[39m[31m[1m^[22m[39m[31m[1m^[22m[39m[31m[1m^[22m[39m[31m[1m^[22m[39m[31m[1m^[22m[39m[31m[1m^[22m[39m[31m[1m^[22m[39m[31m[1m^[22m[39m[31m[1m^[22m[39m[31m[1m^[22m[39m[31m[1m^[22m[39m[31m[1m^[22m[39m[31m[1m^[22m[39m[31m[1m^[22m[39m[31m[1m^[22m[39m[31m[1m^[22m[39m[31m[1m^[22m[39m[31m[1m^[22m[39m[31m[1m^[22m[39m[31m[1m^[22m[39m[31m[1m^[22m[39m[31m[1m^[22m[39m[31m[1m^[22m[39m[31m[1m^[22m[39m[31m[1m^[22m[39m[31m[1m^[22m[39m[31m[1m^[22m[39m[31m[1m^[22m[39m[31m[1m^[22m[39m[31m[1m^[22m[39m[31m[1m^[22m[39m[31m[1m^[22m[39m[31m[1m^[22m[39m[31m[1m^[22m[39m[31m[1m^[22m[39m[31m[1m^[22m[39m[31m[1m^[22m[39m[31m[1m^[22m[39m[31m[1m^[22m[39m[31m[1m^[22m[39m[31m[1m^[22m[39m[31m[1m^[22m[39m[31m[1m^[22m[39m[31m[1m^[22m[39m[31m[1m^[22m[39m[31m[1m^[22m[39m[31m[1m^[22m[39m[31m[1m^[22m[39m[31m[1m^[22m[39m[31m[1m^[22m[39m[31m[1m^[22m[39m[31m[1m^[22m[39m[31m[1m^[22m[39m[31m[1m^[22m[39m[31m[1m^[22m[39m[31m[1m^[22m[39m[31m[1m^[22m[39m[31m[1m^[22m[39m[31m[1m^[22m[39m
 [90m 5 |[39m [36mimport[39m [33mRoute[39m [36mfrom[39m [32m'lucide-react/dist/esm/icons/route'[39m[33m;[39m
 [90m 6 |[39m [36mimport[39m [33mSend[39m [36mfrom[39m [32m'lucide-react/dist/esm/icons/send'[39m[33m;[39m
 [90m 7 |[39m [36mimport[39m [33mTarget[39m [36mfrom[39m [32m'lucide-react/dist/esm/icons/target'[39m[33m;[39m[0m



https://nextjs.org/docs/messages/module-not-found


./src/app/lead-hacking/sections/AutomateLeadToolForm.tsx:5:1
Module not found: Can't resolve 'lucide-react/dist/esm/icons/check-circle2'
[0m [90m 3 |[39m [36mimport[39m { type [33mFormEvent[39m[33m,[39m useMemo[33m,[39m useState } [36mfrom[39m [32m"react"[39m[33m;[39m
 [90m 4 |[39m [36mimport[39m [33mArrowRight[39m [36mfrom[39m [32m'lucide-react/dist/esm/icons/arrow-right'[39m[33m;[39m
[31m[1m>[22m[39m[90m 5 |[39m [36mimport[39m [33mCheckCircle2[39m [36mfrom[39m [32m'lucide-react/dist/esm/icons/check-circle2'[39m[33m;[39m
 [90m   |[39m [31m[1m^[22m[39m[31m[1m^[22m[39m[31m[1m^[22m[39m[31m[1m^[22m[39m[31m[1m^[22m[39m[31m[1m^[22m[39m[31m[1m^[22m[39m[31m[1m^[22m[39m[31m[1m^[22m[39m[31m[1m^[22m[39m[31m[1m^[22m[39m[31m[1m^[22m[39m[31m[1m^[22m[39m[31m[1m^[22m[39m[31m[1m^[22m[39m[31m[1m^[22m[39m[31m[1m^[22m[39m[31m[1m^[22m[39m[31m[1m^[22m[39m[31m[1m^[22m[39m[31m[1m^[22m[39m[31m[1m^[22m[39m[31m[1m^[22m[39m[31m[1m^[22m[39m[31m[1m^[22m[39m[31m[1m^[22m[39m[31m[1m^[22m[39m[31m[1m^[22m[39m[31m[1m^[22m[39m[31m[1m^[22m[39m[31m[1m^[22m[39m[31m[1m^[22m[39m[31m[1m^[22m[39m[31m[1m^[22m[39m[31m[1m^[22m[39m[31m[1m^[22m[39m[31m[1m^[22m[39m[31m[1m^[22m[39m[31m[1m^[22m[39m[31m[1m^[22m[39m[31m[1m^[22m[39m[31m[1m^[22m[39m[31m[1m^[22m[39m[31m[1m^[22m[39m[31m[1m^[22m[39m[31m[1m^[22m[39m[31m[1m^[22m[39m[31m[1m^[22m[39m[31m[1m^[22m[39m[31m[1m^[22m[39m[31m[1m^[22m[39m[31m[1m^[22m[39m[31m[1m^[22m[39m[31m[1m^[22m[39m[31m[1m^[22m[39m[31m[1m^[22m[39m[31m[1m^[22m[39m[31m[1m^[22m[39m[31m[1m^[22m[39m[31m[1m^[22m[39m[31m[1m^[22m[39m[31m[1m^[22m[39m[31m[1m^[22m[39m[31m[1m^[22m[39m[31m[1m^[22m[39m[31m[1m^[22m[39m[31m[1m^[22m[39m[31m[1m^[22m[39m[31m[1m^[22m[39m
 [90m 6 |[39m [33m;[39m
 [90m 7 |[39m type [33mFormState[39m [33m=[39m {
 [90m 8 |[39m   fullName[33m:[39m string[33m;[39m[0m



Import trace:
  Server Component:
    ./src/app/lead-hacking/sections/AutomateLeadToolForm.tsx
    ./src/app/lead-hacking/page.tsx

https://nextjs.org/docs/messages/module-not-found


./src/app/lead-hacking/sections/AutomateLeadToolForm.tsx:5:1
Module not found: Can't resolve 'lucide-react/dist/esm/icons/check-circle2'
[0m [90m 3 |[39m [36mimport[39m { type [33mFormEvent[39m[33m,[39m useMemo[33m,[39m useState } [36mfrom[39m [32m"react"[39m[33m;[39m
 [90m 4 |[39m [36mimport[39m [33mArrowRight[39m [36mfrom[39m [32m'lucide-react/dist/esm/icons/arrow-right'[39m[33m;[39m
[31m[1m>[22m[39m[90m 5 |[39m [36mimport[39m [33mCheckCircle2[39m [36mfrom[39m [32m'lucide-react/dist/esm/icons/check-circle2'[39m[33m;[39m[33m;[39m
 [90m   |[39m [31m[1m^[22m[39m[31m[1m^[22m[39m[31m[1m^[22m[39m[31m[1m^[22m[39m[31m[1m^[22m[39m[31m[1m^[22m[39m[31m[1m^[22m[39m[31m[1m^[22m[39m[31m[1m^[22m[39m[31m[1m^[22m[39m[31m[1m^[22m[39m[31m[1m^[22m[39m[31m[1m^[22m[39m[31m[1m^[22m[39m[31m[1m^[22m[39m[31m[1m^[22m[39m[31m[1m^[22m[39m[31m[1m^[22m[39m[31m[1m^[22m[39m[31m[1m^[22m[39m[31m[1m^[22m[39m[31m[1m^[22m[39m[31m[1m^[22m[39m[31m[1m^[22m[39m[31m[1m^[22m[39m[31m[1m^[22m[39m[31m[1m^[22m[39m[31m[1m^[22m[39m[31m[1m^[22m[39m[31m[1m^[22m[39m[31m[1m^[22m[39m[31m[1m^[22m[39m[31m[1m^[22m[39m[31m[1m^[22m[39m[31m[1m^[22m[39m[31m[1m^[22m[39m[31m[1m^[22m[39m[31m[1m^[22m[39m[31m[1m^[22m[39m[31m[1m^[22m[39m[31m[1m^[22m[39m[31m[1m^[22m[39m[31m[1m^[22m[39m[31m[1m^[22m[39m[31m[1m^[22m[39m[31m[1m^[22m[39m[31m[1m^[22m[39m[31m[1m^[22m[39m[31m[1m^[22m[39m[31m[1m^[22m[39m[31m[1m^[22m[39m[31m[1m^[22m[39m[31m[1m^[22m[39m[31m[1m^[22m[39m[31m[1m^[22m[39m[31m[1m^[22m[39m[31m[1m^[22m[39m[31m[1m^[22m[39m[31m[1m^[22m[39m[31m[1m^[22m[39m[31m[1m^[22m[39m[31m[1m^[22m[39m[31m[1m^[22m[39m[31m[1m^[22m[39m[31m[1m^[22m[39m[31m[1m^[22m[39m[31m[1m^[22m[39m[31m[1m^[22m[39m[31m[1m^[22m[39m
 [90m 6 |[39m
 [90m 7 |[39m type [33mFormState[39m [33m=[39m {
 [90m 8 |[39m   fullName[33m:[39m string[33m;[39m[0m



Import trace:
  Server Component:
    ./src/app/lead-hacking/sections/AutomateLeadToolForm.tsx
    ./src/app/lead-hacking/page.tsx

https://nextjs.org/docs/messages/module-not-found


./src/app/linkedin-growth/business/page.tsx:9:1
Module not found: Can't resolve 'lucide-react/dist/esm/icons/check-circle2'
[0m [90m  7 |[39m [36mimport[39m [33mBarChart3[39m [36mfrom[39m [32m'lucide-react/dist/esm/icons/bar-chart3'[39m[33m;[39m
 [90m  8 |[39m [36mimport[39m [33mBriefcase[39m [36mfrom[39m [32m'lucide-react/dist/esm/icons/briefcase'[39m[33m;[39m
[31m[1m>[22m[39m[90m  9 |[39m [36mimport[39m [33mCheckCircle2[39m [36mfrom[39m [32m'lucide-react/dist/esm/icons/check-circle2'[39m[33m;[39m
 [90m    |[39m [31m[1m^[22m[39m[31m[1m^[22m[39m[31m[1m^[22m[39m[31m[1m^[22m[39m[31m[1m^[22m[39m[31m[1m^[22m[39m[31m[1m^[22m[39m[31m[1m^[22m[39m[31m[1m^[22m[39m[31m[1m^[22m[39m[31m[1m^[22m[39m[31m[1m^[22m[39m[31m[1m^[22m[39m[31m[1m^[22m[39m[31m[1m^[22m[39m[31m[1m^[22m[39m[31m[1m^[22m[39m[31m[1m^[22m[39m[31m[1m^[22m[39m[31m[1m^[22m[39m[31m[1m^[22m[39m[31m[1m^[22m[39m[31m[1m^[22m[39m[31m[1m^[22m[39m[31m[1m^[22m[39m[31m[1m^[22m[39m[31m[1m^[22m[39m[31m[1m^[22m[39m[31m[1m^[22m[39m[31m[1m^[22m[39m[31m[1m^[22m[39m[31m[1m^[22m[39m[31m[1m^[22m[39m[31m[1m^[22m[39m[31m[1m^[22m[39m[31m[1m^[22m[39m[31m[1m^[22m[39m[31m[1m^[22m[39m[31m[1m^[22m[39m[31m[1m^[22m[39m[31m[1m^[22m[39m[31m[1m^[22m[39m[31m[1m^[22m[39m[31m[1m^[22m[39m[31m[1m^[22m[39m[31m[1m^[22m[39m[31m[1m^[22m[39m[31m[1m^[22m[39m[31m[1m^[22m[39m[31m[1m^[22m[39m[31m[1m^[22m[39m[31m[1m^[22m[39m[31m[1m^[22m[39m[31m[1m^[22m[39m[31m[1m^[22m[39m[31m[1m^[22m[39m[31m[1m^[22m[39m[31m[1m^[22m[39m[31m[1m^[22m[39m[31m[1m^[22m[39m[31m[1m^[22m[39m[31m[1m^[22m[39m[31m[1m^[22m[39m[31m[1m^[22m[39m[31m[1m^[22m[39m[31m[1m^[22m[39m[31m[1m^[22m[39m[31m[1m^[22m[39m[31m[1m^[22m[39m
 [90m 10 |[39m [36mimport[39m [33mLineChart[39m [36mfrom[39m [32m'lucide-react/dist/esm/icons/line-chart'[39m[33m;[39m
 [90m 11 |[39m [36mimport[39m [33mShield[39m [36mfrom[39m [32m'lucide-react/dist/esm/icons/shield'[39m[33m;[39m
 [90m 12 |[39m [36mimport[39m [33mTarget[39m [36mfrom[39m [32m'lucide-react/dist/esm/icons/target'[39m[33m;[39m[0m



https://nextjs.org/docs/messages/module-not-found


./src/app/linkedin-growth/influencer/page.tsx:7:1
Module not found: Can't resolve 'lucide-react/dist/esm/icons/check-circle2'
[0m [90m  5 |[39m [36mimport[39m [33mArrowRight[39m [36mfrom[39m [32m'lucide-react/dist/esm/icons/arrow-right'[39m[33m;[39m
 [90m  6 |[39m [36mimport[39m [33mBadgeCheck[39m [36mfrom[39m [32m'lucide-react/dist/esm/icons/badge-check'[39m[33m;[39m
[31m[1m>[22m[39m[90m  7 |[39m [36mimport[39m [33mCheckCircle2[39m [36mfrom[39m [32m'lucide-react/dist/esm/icons/check-circle2'[39m[33m;[39m
 [90m    |[39m [31m[1m^[22m[39m[31m[1m^[22m[39m[31m[1m^[22m[39m[31m[1m^[22m[39m[31m[1m^[22m[39m[31m[1m^[22m[39m[31m[1m^[22m[39m[31m[1m^[22m[39m[31m[1m^[22m[39m[31m[1m^[22m[39m[31m[1m^[22m[39m[31m[1m^[22m[39m[31m[1m^[22m[39m[31m[1m^[22m[39m[31m[1m^[22m[39m[31m[1m^[22m[39m[31m[1m^[22m[39m[31m[1m^[22m[39m[31m[1m^[22m[39m[31m[1m^[22m[39m[31m[1m^[22m[39m[31m[1m^[22m[39m[31m[1m^[22m[39m[31m[1m^[22m[39m[31m[1m^[22m[39m[31m[1m^[22m[39m[31m[1m^[22m[39m[31m[1m^[22m[39m[31m[1m^[22m[39m[31m[1m^[22m[39m[31m[1m^[22m[39m[31m[1m^[22m[39m[31m[1m^[22m[39m[31m[1m^[22m[39m[31m[1m^[22m[39m[31m[1m^[22m[39m[31m[1m^[22m[39m[31m[1m^[22m[39m[31m[1m^[22m[39m[31m[1m^[22m[39m[31m[1m^[22m[39m[31m[1m^[22m[39m[31m[1m^[22m[39m[31m[1m^[22m[39m[31m[1m^[22m[39m[31m[1m^[22m[39m[31m[1m^[22m[39m[31m[1m^[22m[39m[31m[1m^[22m[39m[31m[1m^[22m[39m[31m[1m^[22m[39m[31m[1m^[22m[39m[31m[1m^[22m[39m[31m[1m^[22m[39m[31m[1m^[22m[39m[31m[1m^[22m[39m[31m[1m^[22m[39m[31m[1m^[22m[39m[31m[1m^[22m[39m[31m[1m^[22m[39m[31m[1m^[22m[39m[31m[1m^[22m[39m[31m[1m^[22m[39m[31m[1m^[22m[39m[31m[1m^[22m[39m[31m[1m^[22m[39m[31m[1m^[22m[39m[31m[1m^[22m[39m[31m[1m^[22m[39m
 [90m  8 |[39m [36mimport[39m [33mDollarSign[39m [36mfrom[39m [32m'lucide-react/dist/esm/icons/dollar-sign'[39m[33m;[39m
 [90m  9 |[39m [36mimport[39m [33mLineChart[39m [36mfrom[39m [32m'lucide-react/dist/esm/icons/line-chart'[39m[33m;[39m
 [90m 10 |[39m [36mimport[39m [33mSparkles[39m [36mfrom[39m [32m'lucide-react/dist/esm/icons/sparkles'[39m[33m;[39m[0m



https://nextjs.org/docs/messages/module-not-found


./src/app/linkedin-growth/page.tsx:5:1
Module not found: Can't resolve 'lucide-react/dist/esm/icons/check-circle2'
[0m [90m 3 |[39m [36mimport[39m [33mArrowRight[39m [36mfrom[39m [32m'lucide-react/dist/esm/icons/arrow-right'[39m[33m;[39m
 [90m 4 |[39m [36mimport[39m [33mBarChart3[39m [36mfrom[39m [32m'lucide-react/dist/esm/icons/bar-chart3'[39m[33m;[39m
[31m[1m>[22m[39m[90m 5 |[39m [36mimport[39m [33mCheckCircle2[39m [36mfrom[39m [32m'lucide-react/dist/esm/icons/check-circle2'[39m[33m;[39m
 [90m   |[39m [31m[1m^[22m[39m[31m[1m^[22m[39m[31m[1m^[22m[39m[31m[1m^[22m[39m[31m[1m^[22m[39m[31m[1m^[22m[39m[31m[1m^[22m[39m[31m[1m^[22m[39m[31m[1m^[22m[39m[31m[1m^[22m[39m[31m[1m^[22m[39m[31m[1m^[22m[39m[31m[1m^[22m[39m[31m[1m^[22m[39m[31m[1m^[22m[39m[31m[1m^[22m[39m[31m[1m^[22m[39m[31m[1m^[22m[39m[31m[1m^[22m[39m[31m[1m^[22m[39m[31m[1m^[22m[39m[31m[1m^[22m[39m[31m[1m^[22m[39m[31m[1m^[22m[39m[31m[1m^[22m[39m[31m[1m^[22m[39m[31m[1m^[22m[39m[31m[1m^[22m[39m[31m[1m^[22m[39m[31m[1m^[22m[39m[31m[1m^[22m[39m[31m[1m^[22m[39m[31m[1m^[22m[39m[31m[1m^[22m[39m[31m[1m^[22m[39m[31m[1m^[22m[39m[31m[1m^[22m[39m[31m[1m^[22m[39m[31m[1m^[22m[39m[31m[1m^[22m[39m[31m[1m^[22m[39m[31m[1m^[22m[39m[31m[1m^[22m[39m[31m[1m^[22m[39m[31m[1m^[22m[39m[31m[1m^[22m[39m[31m[1m^[22m[39m[31m[1m^[22m[39m[31m[1m^[22m[39m[31m[1m^[22m[39m[31m[1m^[22m[39m[31m[1m^[22m[39m[31m[1m^[22m[39m[31m[1m^[22m[39m[31m[1m^[22m[39m[31m[1m^[22m[39m[31m[1m^[22m[39m[31m[1m^[22m[39m[31m[1m^[22m[39m[31m[1m^[22m[39m[31m[1m^[22m[39m[31m[1m^[22m[39m[31m[1m^[22m[39m[31m[1m^[22m[39m[31m[1m^[22m[39m[31m[1m^[22m[39m[31m[1m^[22m[39m[31m[1m^[22m[39m[31m[1m^[22m[39m
 [90m 6 |[39m [36mimport[39m [33mChevronDown[39m [36mfrom[39m [32m'lucide-react/dist/esm/icons/chevron-down'[39m[33m;[39m
 [90m 7 |[39m [36mimport[39m [33mChevronRight[39m [36mfrom[39m [32m'lucide-react/dist/esm/icons/chevron-right'[39m[33m;[39m
 [90m 8 |[39m [36mimport[39m [33mDownload[39m [36mfrom[39m [32m'lucide-react/dist/esm/icons/download'[39m[33m;[39m[0m



https://nextjs.org/docs/messages/module-not-found


./src/app/linkedin-influencer/business/page.tsx:9:1
Module not found: Can't resolve 'lucide-react/dist/esm/icons/check-circle2'
[0m [90m  7 |[39m [36mimport[39m [33mBarChart3[39m [36mfrom[39m [32m'lucide-react/dist/esm/icons/bar-chart3'[39m[33m;[39m
 [90m  8 |[39m [36mimport[39m [33mBriefcase[39m [36mfrom[39m [32m'lucide-react/dist/esm/icons/briefcase'[39m[33m;[39m
[31m[1m>[22m[39m[90m  9 |[39m [36mimport[39m [33mCheckCircle2[39m [36mfrom[39m [32m'lucide-react/dist/esm/icons/check-circle2'[39m[33m;[39m
 [90m    |[39m [31m[1m^[22m[39m[31m[1m^[22m[39m[31m[1m^[22m[39m[31m[1m^[22m[39m[31m[1m^[22m[39m[31m[1m^[22m[39m[31m[1m^[22m[39m[31m[1m^[22m[39m[31m[1m^[22m[39m[31m[1m^[22m[39m[31m[1m^[22m[39m[31m[1m^[22m[39m[31m[1m^[22m[39m[31m[1m^[22m[39m[31m[1m^[22m[39m[31m[1m^[22m[39m[31m[1m^[22m[39m[31m[1m^[22m[39m[31m[1m^[22m[39m[31m[1m^[22m[39m[31m[1m^[22m[39m[31m[1m^[22m[39m[31m[1m^[22m[39m[31m[1m^[22m[39m[31m[1m^[22m[39m[31m[1m^[22m[39m[31m[1m^[22m[39m[31m[1m^[22m[39m[31m[1m^[22m[39m[31m[1m^[22m[39m[31m[1m^[22m[39m[31m[1m^[22m[39m[31m[1m^[22m[39m[31m[1m^[22m[39m[31m[1m^[22m[39m[31m[1m^[22m[39m[31m[1m^[22m[39m[31m[1m^[22m[39m[31m[1m^[22m[39m[31m[1m^[22m[39m[31m[1m^[22m[39m[31m[1m^[22m[39m[31m[1m^[22m[39m[31m[1m^[22m[39m[31m[1m^[22m[39m[31m[1m^[22m[39m[31m[1m^[22m[39m[31m[1m^[22m[39m[31m[1m^[22m[39m[31m[1m^[22m[39m[31m[1m^[22m[39m[31m[1m^[22m[39m[31m[1m^[22m[39m[31m[1m^[22m[39m[31m[1m^[22m[39m[31m[1m^[22m[39m[31m[1m^[22m[39m[31m[1m^[22m[39m[31m[1m^[22m[39m[31m[1m^[22m[39m[31m[1m^[22m[39m[31m[1m^[22m[39m[31m[1m^[22m[39m[31m[1m^[22m[39m[31m[1m^[22m[39m[31m[1m^[22m[39m[31m[1m^[22m[39m[31m[1m^[22m[39m[31m[1m^[22m[39m
 [90m 10 |[39m [36mimport[39m [33mLineChart[39m [36mfrom[39m [32m'lucide-react/dist/esm/icons/line-chart'[39m[33m;[39m
 [90m 11 |[39m [36mimport[39m [33mTarget[39m [36mfrom[39m [32m'lucide-react/dist/esm/icons/target'[39m[33m;[39m
 [90m 12 |[39m [36mimport[39m [33mTrendingUp[39m [36mfrom[39m [32m'lucide-react/dist/esm/icons/trending-up'[39m[33m;[39m[0m



https://nextjs.org/docs/messages/module-not-found


./src/app/linkedin-influencer/influencer/page.tsx:7:1
Module not found: Can't resolve 'lucide-react/dist/esm/icons/check-circle2'
[0m [90m  5 |[39m [36mimport[39m [33mArrowRight[39m [36mfrom[39m [32m'lucide-react/dist/esm/icons/arrow-right'[39m[33m;[39m
 [90m  6 |[39m [36mimport[39m [33mBadgeCheck[39m [36mfrom[39m [32m'lucide-react/dist/esm/icons/badge-check'[39m[33m;[39m
[31m[1m>[22m[39m[90m  7 |[39m [36mimport[39m [33mCheckCircle2[39m [36mfrom[39m [32m'lucide-react/dist/esm/icons/check-circle2'[39m[33m;[39m
 [90m    |[39m [31m[1m^[22m[39m[31m[1m^[22m[39m[31m[1m^[22m[39m[31m[1m^[22m[39m[31m[1m^[22m[39m[31m[1m^[22m[39m[31m[1m^[22m[39m[31m[1m^[22m[39m[31m[1m^[22m[39m[31m[1m^[22m[39m[31m[1m^[22m[39m[31m[1m^[22m[39m[31m[1m^[22m[39m[31m[1m^[22m[39m[31m[1m^[22m[39m[31m[1m^[22m[39m[31m[1m^[22m[39m[31m[1m^[22m[39m[31m[1m^[22m[39m[31m[1m^[22m[39m[31m[1m^[22m[39m[31m[1m^[22m[39m[31m[1m^[22m[39m[31m[1m^[22m[39m[31m[1m^[22m[39m[31m[1m^[22m[39m[31m[1m^[22m[39m[31m[1m^[22m[39m[31m[1m^[22m[39m[31m[1m^[22m[39m[31m[1m^[22m[39m[31m[1m^[22m[39m[31m[1m^[22m[39m[31m[1m^[22m[39m[31m[1m^[22m[39m[31m[1m^[22m[39m[31m[1m^[22m[39m[31m[1m^[22m[39m[31m[1m^[22m[39m[31m[1m^[22m[39m[31m[1m^[22m[39m[31m[1m^[22m[39m[31m[1m^[22m[39m[31m[1m^[22m[39m[31m[1m^[22m[39m[31m[1m^[22m[39m[31m[1m^[22m[39m[31m[1m^[22m[39m[31m[1m^[22m[39m[31m[1m^[22m[39m[31m[1m^[22m[39m[31m[1m^[22m[39m[31m[1m^[22m[39m[31m[1m^[22m[39m[31m[1m^[22m[39m[31m[1m^[22m[39m[31m[1m^[22m[39m[31m[1m^[22m[39m[31m[1m^[22m[39m[31m[1m^[22m[39m[31m[1m^[22m[39m[31m[1m^[22m[39m[31m[1m^[22m[39m[31m[1m^[22m[39m[31m[1m^[22m[39m[31m[1m^[22m[39m[31m[1m^[22m[39m[31m[1m^[22m[39m[31m[1m^[22m[39m
 [90m  8 |[39m [36mimport[39m [33mDollarSign[39m [36mfrom[39m [32m'lucide-react/dist/esm/icons/dollar-sign'[39m[33m;[39m
 [90m  9 |[39m [36mimport[39m [33mLineChart[39m [36mfrom[39m [32m'lucide-react/dist/esm/icons/line-chart'[39m[33m;[39m
 [90m 10 |[39m [36mimport[39m [33mSparkles[39m [36mfrom[39m [32m'lucide-react/dist/esm/icons/sparkles'[39m[33m;[39m[0m



https://nextjs.org/docs/messages/module-not-found


./src/app/linkedin-influencer/page.tsx:6:1
Module not found: Can't resolve 'lucide-react/dist/esm/icons/check-circle2'
[0m [90m 4 |[39m [36mimport[39m [33mBarChart3[39m [36mfrom[39m [32m'lucide-react/dist/esm/icons/bar-chart3'[39m[33m;[39m
 [90m 5 |[39m [36mimport[39m [33mBookOpen[39m [36mfrom[39m [32m'lucide-react/dist/esm/icons/book-open'[39m[33m;[39m
[31m[1m>[22m[39m[90m 6 |[39m [36mimport[39m [33mCheckCircle2[39m [36mfrom[39m [32m'lucide-react/dist/esm/icons/check-circle2'[39m[33m;[39m
 [90m   |[39m [31m[1m^[22m[39m[31m[1m^[22m[39m[31m[1m^[22m[39m[31m[1m^[22m[39m[31m[1m^[22m[39m[31m[1m^[22m[39m[31m[1m^[22m[39m[31m[1m^[22m[39m[31m[1m^[22m[39m[31m[1m^[22m[39m[31m[1m^[22m[39m[31m[1m^[22m[39m[31m[1m^[22m[39m[31m[1m^[22m[39m[31m[1m^[22m[39m[31m[1m^[22m[39m[31m[1m^[22m[39m[31m[1m^[22m[39m[31m[1m^[22m[39m[31m[1m^[22m[39m[31m[1m^[22m[39m[31m[1m^[22m[39m[31m[1m^[22m[39m[31m[1m^[22m[39m[31m[1m^[22m[39m[31m[1m^[22m[39m[31m[1m^[22m[39m[31m[1m^[22m[39m[31m[1m^[22m[39m[31m[1m^[22m[39m[31m[1m^[22m[39m[31m[1m^[22m[39m[31m[1m^[22m[39m[31m[1m^[22m[39m[31m[1m^[22m[39m[31m[1m^[22m[39m[31m[1m^[22m[39m[31m[1m^[22m[39m[31m[1m^[22m[39m[31m[1m^[22m[39m[31m[1m^[22m[39m[31m[1m^[22m[39m[31m[1m^[22m[39m[31m[1m^[22m[39m[31m[1m^[22m[39m[31m[1m^[22m[39m[31m[1m^[22m[39m[31m[1m^[22m[39m[31m[1m^[22m[39m[31m[1m^[22m[39m[31m[1m^[22m[39m[31m[1m^[22m[39m[31m[1m^[22m[39m[31m[1m^[22m[39m[31m[1m^[22m[39m[31m[1m^[22m[39m[31m[1m^[22m[39m[31m[1m^[22m[39m[31m[1m^[22m[39m[31m[1m^[22m[39m[31m[1m^[22m[39m[31m[1m^[22m[39m[31m[1m^[22m[39m[31m[1m^[22m[39m[31m[1m^[22m[39m[31m[1m^[22m[39m[31m[1m^[22m[39m[31m[1m^[22m[39m[31m[1m^[22m[39m
 [90m 7 |[39m [36mimport[39m [33mChevronDown[39m [36mfrom[39m [32m'lucide-react/dist/esm/icons/chevron-down'[39m[33m;[39m
 [90m 8 |[39m [36mimport[39m [33mChevronRight[39m [36mfrom[39m [32m'lucide-react/dist/esm/icons/chevron-right'[39m[33m;[39m
 [90m 9 |[39m [36mimport[39m [33mDownload[39m [36mfrom[39m [32m'lucide-react/dist/esm/icons/download'[39m[33m;[39m[0m



https://nextjs.org/docs/messages/module-not-found


./src/app/login/page.tsx:13:1
Module not found: Can't resolve 'lucide-react/dist/esm/icons/check-circle2'
[0m [90m 11 |[39m [36mimport[39m [33mBuilding2[39m [36mfrom[39m [32m'lucide-react/dist/esm/icons/building2'[39m[33m;[39m
 [90m 12 |[39m [36mimport[39m [33mArrowRight[39m [36mfrom[39m [32m'lucide-react/dist/esm/icons/arrow-right'[39m[33m;[39m
[31m[1m>[22m[39m[90m 13 |[39m [36mimport[39m [33mCheckCircle2[39m [36mfrom[39m [32m'lucide-react/dist/esm/icons/check-circle2'[39m[33m;[39m
 [90m    |[39m [31m[1m^[22m[39m[31m[1m^[22m[39m[31m[1m^[22m[39m[31m[1m^[22m[39m[31m[1m^[22m[39m[31m[1m^[22m[39m[31m[1m^[22m[39m[31m[1m^[22m[39m[31m[1m^[22m[39m[31m[1m^[22m[39m[31m[1m^[22m[39m[31m[1m^[22m[39m[31m[1m^[22m[39m[31m[1m^[22m[39m[31m[1m^[22m[39m[31m[1m^[22m[39m[31m[1m^[22m[39m[31m[1m^[22m[39m[31m[1m^[22m[39m[31m[1m^[22m[39m[31m[1m^[22m[39m[31m[1m^[22m[39m[31m[1m^[22m[39m[31m[1m^[22m[39m[31m[1m^[22m[39m[31m[1m^[22m[39m[31m[1m^[22m[39m[31m[1m^[22m[39m[31m[1m^[22m[39m[31m[1m^[22m[39m[31m[1m^[22m[39m[31m[1m^[22m[39m[31m[1m^[22m[39m[31m[1m^[22m[39m[31m[1m^[22m[39m[31m[1m^[22m[39m[31m[1m^[22m[39m[31m[1m^[22m[39m[31m[1m^[22m[39m[31m[1m^[22m[39m[31m[1m^[22m[39m[31m[1m^[22m[39m[31m[1m^[22m[39m[31m[1m^[22m[39m[31m[1m^[22m[39m[31m[1m^[22m[39m[31m[1m^[22m[39m[31m[1m^[22m[39m[31m[1m^[22m[39m[31m[1m^[22m[39m[31m[1m^[22m[39m[31m[1m^[22m[39m[31m[1m^[22m[39m[31m[1m^[22m[39m[31m[1m^[22m[39m[31m[1m^[22m[39m[31m[1m^[22m[39m[31m[1m^[22m[39m[31m[1m^[22m[39m[31m[1m^[22m[39m[31m[1m^[22m[39m[31m[1m^[22m[39m[31m[1m^[22m[39m[31m[1m^[22m[39m[31m[1m^[22m[39m[31m[1m^[22m[39m[31m[1m^[22m[39m[31m[1m^[22m[39m[31m[1m^[22m[39m
 [90m 14 |[39m [33m;[39m
 [90m 15 |[39m [36mimport[39m [33mLink[39m [36mfrom[39m [32m"next/link"[39m[33m;[39m
 [90m 16 |[39m [36mimport[39m { [33mDatabase[39m } [36mfrom[39m [32m"@/types/supabase"[39m[33m;[39m[0m



Import traces:
  Client Component Browser:
    ./src/app/login/page.tsx [Client Component Browser]
    ./src/app/login/page.tsx [Server Component]

  Client Component SSR:
    ./src/app/login/page.tsx [Client Component SSR]
    ./src/app/login/page.tsx [Server Component]

https://nextjs.org/docs/messages/module-not-found


./src/app/login/page.tsx:12:1
Module not found: Can't resolve 'lucide-react/dist/esm/icons/check-circle2'
[0m [90m 10 |[39m [36mimport[39m [33mBuilding2[39m [36mfrom[39m [32m'lucide-react/dist/esm/icons/building2'[39m[33m;[39m
 [90m 11 |[39m [36mimport[39m [33mArrowRight[39m [36mfrom[39m [32m'lucide-react/dist/esm/icons/arrow-right'[39m[33m;[39m
[31m[1m>[22m[39m[90m 12 |[39m [36mimport[39m [33mCheckCircle2[39m [36mfrom[39m [32m'lucide-react/dist/esm/icons/check-circle2'[39m[33m;[39m[33m;[39m
 [90m    |[39m [31m[1m^[22m[39m[31m[1m^[22m[39m[31m[1m^[22m[39m[31m[1m^[22m[39m[31m[1m^[22m[39m[31m[1m^[22m[39m[31m[1m^[22m[39m[31m[1m^[22m[39m[31m[1m^[22m[39m[31m[1m^[22m[39m[31m[1m^[22m[39m[31m[1m^[22m[39m[31m[1m^[22m[39m[31m[1m^[22m[39m[31m[1m^[22m[39m[31m[1m^[22m[39m[31m[1m^[22m[39m[31m[1m^[22m[39m[31m[1m^[22m[39m[31m[1m^[22m[39m[31m[1m^[22m[39m[31m[1m^[22m[39m[31m[1m^[22m[39m[31m[1m^[22m[39m[31m[1m^[22m[39m[31m[1m^[22m[39m[31m[1m^[22m[39m[31m[1m^[22m[39m[31m[1m^[22m[39m[31m[1m^[22m[39m[31m[1m^[22m[39m[31m[1m^[22m[39m[31m[1m^[22m[39m[31m[1m^[22m[39m[31m[1m^[22m[39m[31m[1m^[22m[39m[31m[1m^[22m[39m[31m[1m^[22m[39m[31m[1m^[22m[39m[31m[1m^[22m[39m[31m[1m^[22m[39m[31m[1m^[22m[39m[31m[1m^[22m[39m[31m[1m^[22m[39m[31m[1m^[22m[39m[31m[1m^[22m[39m[31m[1m^[22m[39m[31m[1m^[22m[39m[31m[1m^[22m[39m[31m[1m^[22m[39m[31m[1m^[22m[39m[31m[1m^[22m[39m[31m[1m^[22m[39m[31m[1m^[22m[39m[31m[1m^[22m[39m[31m[1m^[22m[39m[31m[1m^[22m[39m[31m[1m^[22m[39m[31m[1m^[22m[39m[31m[1m^[22m[39m[31m[1m^[22m[39m[31m[1m^[22m[39m[31m[1m^[22m[39m[31m[1m^[22m[39m[31m[1m^[22m[39m[31m[1m^[22m[39m[31m[1m^[22m[39m[31m[1m^[22m[39m[31m[1m^[22m[39m
 [90m 13 |[39m [36mimport[39m [33mLink[39m [36mfrom[39m [32m"next/link"[39m[33m;[39m
 [90m 14 |[39m [36mimport[39m { [33mDatabase[39m } [36mfrom[39m [32m"@/types/supabase"[39m[33m;[39m
 [90m 15 |[39m [36mimport[39m { logger } [36mfrom[39m [32m"@/lib/logger"[39m[33m;[39m[0m



Import traces:
  Client Component Browser:
    ./src/app/login/page.tsx [Client Component Browser]
    ./src/app/login/page.tsx [Server Component]

  Client Component SSR:
    ./src/app/login/page.tsx [Client Component SSR]
    ./src/app/login/page.tsx [Server Component]

https://nextjs.org/docs/messages/module-not-found


./src/app/status/page.tsx:3:1
Module not found: Can't resolve 'lucide-react/dist/esm/icons/check-circle2'
[0m [90m 1 |[39m [36mimport[39m [33mLink[39m [36mfrom[39m [32m"next/link"[39m[33m;[39m
 [90m 2 |[39m [36mimport[39m [33mActivity[39m [36mfrom[39m [32m'lucide-react/dist/esm/icons/activity'[39m[33m;[39m
[31m[1m>[22m[39m[90m 3 |[39m [36mimport[39m [33mCheckCircle2[39m [36mfrom[39m [32m'lucide-react/dist/esm/icons/check-circle2'[39m[33m;[39m
 [90m   |[39m [31m[1m^[22m[39m[31m[1m^[22m[39m[31m[1m^[22m[39m[31m[1m^[22m[39m[31m[1m^[22m[39m[31m[1m^[22m[39m[31m[1m^[22m[39m[31m[1m^[22m[39m[31m[1m^[22m[39m[31m[1m^[22m[39m[31m[1m^[22m[39m[31m[1m^[22m[39m[31m[1m^[22m[39m[31m[1m^[22m[39m[31m[1m^[22m[39m[31m[1m^[22m[39m[31m[1m^[22m[39m[31m[1m^[22m[39m[31m[1m^[22m[39m[31m[1m^[22m[39m[31m[1m^[22m[39m[31m[1m^[22m[39m[31m[1m^[22m[39m[31m[1m^[22m[39m[31m[1m^[22m[39m[31m[1m^[22m[39m[31m[1m^[22m[39m[31m[1m^[22m[39m[31m[1m^[22m[39m[31m[1m^[22m[39m[31m[1m^[22m[39m[31m[1m^[22m[39m[31m[1m^[22m[39m[31m[1m^[22m[39m[31m[1m^[22m[39m[31m[1m^[22m[39m[31m[1m^[22m[39m[31m[1m^[22m[39m[31m[1m^[22m[39m[31m[1m^[22m[39m[31m[1m^[22m[39m[31m[1m^[22m[39m[31m[1m^[22m[39m[31m[1m^[22m[39m[31m[1m^[22m[39m[31m[1m^[22m[39m[31m[1m^[22m[39m[31m[1m^[22m[39m[31m[1m^[22m[39m[31m[1m^[22m[39m[31m[1m^[22m[39m[31m[1m^[22m[39m[31m[1m^[22m[39m[31m[1m^[22m[39m[31m[1m^[22m[39m[31m[1m^[22m[39m[31m[1m^[22m[39m[31m[1m^[22m[39m[31m[1m^[22m[39m[31m[1m^[22m[39m[31m[1m^[22m[39m[31m[1m^[22m[39m[31m[1m^[22m[39m[31m[1m^[22m[39m[31m[1m^[22m[39m[31m[1m^[22m[39m[31m[1m^[22m[39m[31m[1m^[22m[39m[31m[1m^[22m[39m
 [90m 4 |[39m [36mimport[39m [33mExternalLink[39m [36mfrom[39m [32m'lucide-react/dist/esm/icons/external-link'[39m[33m;[39m
 [90m 5 |[39m [36mimport[39m [33mWrench[39m [36mfrom[39m [32m'lucide-react/dist/esm/icons/wrench'[39m[33m;[39m[33m;[39m
 [90m 6 |[39m[0m



https://nextjs.org/docs/messages/module-not-found


./src/components/CampaignAnalyticsDashboard.tsx:12:1
Module not found: Can't resolve 'lucide-react/dist/esm/icons/check-circle2'
[0m [90m 10 |[39m [36mimport[39m [33mSend[39m [36mfrom[39m [32m'lucide-react/dist/esm/icons/send'[39m[33m;[39m
 [90m 11 |[39m [36mimport[39m [33mMousePointerClick[39m [36mfrom[39m [32m'lucide-react/dist/esm/icons/mouse-pointer-click'[39m[33m;[39m
[31m[1m>[22m[39m[90m 12 |[39m [36mimport[39m [33mCheckCircle2[39m [36mfrom[39m [32m'lucide-react/dist/esm/icons/check-circle2'[39m[33m;[39m
 [90m    |[39m [31m[1m^[22m[39m[31m[1m^[22m[39m[31m[1m^[22m[39m[31m[1m^[22m[39m[31m[1m^[22m[39m[31m[1m^[22m[39m[31m[1m^[22m[39m[31m[1m^[22m[39m[31m[1m^[22m[39m[31m[1m^[22m[39m[31m[1m^[22m[39m[31m[1m^[22m[39m[31m[1m^[22m[39m[31m[1m^[22m[39m[31m[1m^[22m[39m[31m[1m^[22m[39m[31m[1m^[22m[39m[31m[1m^[22m[39m[31m[1m^[22m[39m[31m[1m^[22m[39m[31m[1m^[22m[39m[31m[1m^[22m[39m[31m[1m^[22m[39m[31m[1m^[22m[39m[31m[1m^[22m[39m[31m[1m^[22m[39m[31m[1m^[22m[39m[31m[1m^[22m[39m[31m[1m^[22m[39m[31m[1m^[22m[39m[31m[1m^[22m[39m[31m[1m^[22m[39m[31m[1m^[22m[39m[31m[1m^[22m[39m[31m[1m^[22m[39m[31m[1m^[22m[39m[31m[1m^[22m[39m[31m[1m^[22m[39m[31m[1m^[22m[39m[31m[1m^[22m[39m[31m[1m^[22m[39m[31m[1m^[22m[39m[31m[1m^[22m[39m[31m[1m^[22m[39m[31m[1m^[22m[39m[31m[1m^[22m[39m[31m[1m^[22m[39m[31m[1m^[22m[39m[31m[1m^[22m[39m[31m[1m^[22m[39m[31m[1m^[22m[39m[31m[1m^[22m[39m[31m[1m^[22m[39m[31m[1m^[22m[39m[31m[1m^[22m[39m[31m[1m^[22m[39m[31m[1m^[22m[39m[31m[1m^[22m[39m[31m[1m^[22m[39m[31m[1m^[22m[39m[31m[1m^[22m[39m[31m[1m^[22m[39m[31m[1m^[22m[39m[31m[1m^[22m[39m[31m[1m^[22m[39m[31m[1m^[22m[39m[31m[1m^[22m[39m[31m[1m^[22m[39m[31m[1m^[22m[39m
 [90m 13 |[39m [36mimport[39m [33mMessageSquare[39m [36mfrom[39m [32m'lucide-react/dist/esm/icons/message-square'[39m[33m;[39m
 [90m 14 |[39m [36mimport[39m [33mCalendar[39m [36mfrom[39m [32m'lucide-react/dist/esm/icons/calendar'[39m[33m;[39m
 [90m 15 |[39m [36mimport[39m [33mDownload[39m [36mfrom[39m [32m'lucide-react/dist/esm/icons/download'[39m[33m;[39m[0m



Import trace:
  Server Component:
    ./src/components/CampaignAnalyticsDashboard.tsx
    ./src/components/dashboard/steps/Step4Content.tsx
    ./src/app/dashboard/page.tsx

https://nextjs.org/docs/messages/module-not-found


./src/components/CampaignAnalyticsDashboard.tsx:25:1
Module not found: Can't resolve 'lucide-react/dist/esm/icons/check-circle2'
[0m [90m 23 |[39m [36mimport[39m [33mSend[39m [36mfrom[39m [32m'lucide-react/dist/esm/icons/send'[39m[33m;[39m
 [90m 24 |[39m [36mimport[39m [33mMousePointerClick[39m [36mfrom[39m [32m'lucide-react/dist/esm/icons/mouse-pointer-click'[39m[33m;[39m
[31m[1m>[22m[39m[90m 25 |[39m [36mimport[39m [33mCheckCircle2[39m [36mfrom[39m [32m'lucide-react/dist/esm/icons/check-circle2'[39m[33m;[39m
 [90m    |[39m [31m[1m^[22m[39m[31m[1m^[22m[39m[31m[1m^[22m[39m[31m[1m^[22m[39m[31m[1m^[22m[39m[31m[1m^[22m[39m[31m[1m^[22m[39m[31m[1m^[22m[39m[31m[1m^[22m[39m[31m[1m^[22m[39m[31m[1m^[22m[39m[31m[1m^[22m[39m[31m[1m^[22m[39m[31m[1m^[22m[39m[31m[1m^[22m[39m[31m[1m^[22m[39m[31m[1m^[22m[39m[31m[1m^[22m[39m[31m[1m^[22m[39m[31m[1m^[22m[39m[31m[1m^[22m[39m[31m[1m^[22m[39m[31m[1m^[22m[39m[31m[1m^[22m[39m[31m[1m^[22m[39m[31m[1m^[22m[39m[31m[1m^[22m[39m[31m[1m^[22m[39m[31m[1m^[22m[39m[31m[1m^[22m[39m[31m[1m^[22m[39m[31m[1m^[22m[39m[31m[1m^[22m[39m[31m[1m^[22m[39m[31m[1m^[22m[39m[31m[1m^[22m[39m[31m[1m^[22m[39m[31m[1m^[22m[39m[31m[1m^[22m[39m[31m[1m^[22m[39m[31m[1m^[22m[39m[31m[1m^[22m[39m[31m[1m^[22m[39m[31m[1m^[22m[39m[31m[1m^[22m[39m[31m[1m^[22m[39m[31m[1m^[22m[39m[31m[1m^[22m[39m[31m[1m^[22m[39m[31m[1m^[22m[39m[31m[1m^[22m[39m[31m[1m^[22m[39m[31m[1m^[22m[39m[31m[1m^[22m[39m[31m[1m^[22m[39m[31m[1m^[22m[39m[31m[1m^[22m[39m[31m[1m^[22m[39m[31m[1m^[22m[39m[31m[1m^[22m[39m[31m[1m^[22m[39m[31m[1m^[22m[39m[31m[1m^[22m[39m[31m[1m^[22m[39m[31m[1m^[22m[39m[31m[1m^[22m[39m[31m[1m^[22m[39m[31m[1m^[22m[39m[31m[1m^[22m[39m
 [90m 26 |[39m [36mimport[39m [33mMessageSquare[39m [36mfrom[39m [32m'lucide-react/dist/esm/icons/message-square'[39m[33m;[39m
 [90m 27 |[39m [36mimport[39m [33mCalendar[39m [36mfrom[39m [32m'lucide-react/dist/esm/icons/calendar'[39m[33m;[39m
 [90m 28 |[39m [36mimport[39m [33mDownload[39m [36mfrom[39m [32m'lucide-react/dist/esm/icons/download'[39m[33m;[39m[0m



Import trace:
  Server Component:
    ./src/components/CampaignAnalyticsDashboard.tsx
    ./src/components/dashboard/steps/Step4Content.tsx
    ./src/app/dashboard/page.tsx

https://nextjs.org/docs/messages/module-not-found


./src/components/DashboardWelcomeModal.tsx:10:1
Module not found: Can't resolve 'lucide-react/dist/esm/icons/check-circle2'
[0m [90m  8 |[39m [36mimport[39m [33mSparkles[39m [36mfrom[39m [32m'lucide-react/dist/esm/icons/sparkles'[39m[33m;[39m
 [90m  9 |[39m [36mimport[39m [33mArrowRight[39m [36mfrom[39m [32m'lucide-react/dist/esm/icons/arrow-right'[39m[33m;[39m
[31m[1m>[22m[39m[90m 10 |[39m [36mimport[39m [33mCheckCircle2[39m [36mfrom[39m [32m'lucide-react/dist/esm/icons/check-circle2'[39m[33m;[39m[33m;[39m
 [90m    |[39m [31m[1m^[22m[39m[31m[1m^[22m[39m[31m[1m^[22m[39m[31m[1m^[22m[39m[31m[1m^[22m[39m[31m[1m^[22m[39m[31m[1m^[22m[39m[31m[1m^[22m[39m[31m[1m^[22m[39m[31m[1m^[22m[39m[31m[1m^[22m[39m[31m[1m^[22m[39m[31m[1m^[22m[39m[31m[1m^[22m[39m[31m[1m^[22m[39m[31m[1m^[22m[39m[31m[1m^[22m[39m[31m[1m^[22m[39m[31m[1m^[22m[39m[31m[1m^[22m[39m[31m[1m^[22m[39m[31m[1m^[22m[39m[31m[1m^[22m[39m[31m[1m^[22m[39m[31m[1m^[22m[39m[31m[1m^[22m[39m[31m[1m^[22m[39m[31m[1m^[22m[39m[31m[1m^[22m[39m[31m[1m^[22m[39m[31m[1m^[22m[39m[31m[1m^[22m[39m[31m[1m^[22m[39m[31m[1m^[22m[39m[31m[1m^[22m[39m[31m[1m^[22m[39m[31m[1m^[22m[39m[31m[1m^[22m[39m[31m[1m^[22m[39m[31m[1m^[22m[39m[31m[1m^[22m[39m[31m[1m^[22m[39m[31m[1m^[22m[39m[31m[1m^[22m[39m[31m[1m^[22m[39m[31m[1m^[22m[39m[31m[1m^[22m[39m[31m[1m^[22m[39m[31m[1m^[22m[39m[31m[1m^[22m[39m[31m[1m^[22m[39m[31m[1m^[22m[39m[31m[1m^[22m[39m[31m[1m^[22m[39m[31m[1m^[22m[39m[31m[1m^[22m[39m[31m[1m^[22m[39m[31m[1m^[22m[39m[31m[1m^[22m[39m[31m[1m^[22m[39m[31m[1m^[22m[39m[31m[1m^[22m[39m[31m[1m^[22m[39m[31m[1m^[22m[39m[31m[1m^[22m[39m[31m[1m^[22m[39m[31m[1m^[22m[39m[31m[1m^[22m[39m[31m[1m^[22m[39m
 [90m 11 |[39m
 [90m 12 |[39m type [33mWelcomeModalProps[39m [33m=[39m {
 [90m 13 |[39m   businessName[33m:[39m string[33m;[39m[0m



Import trace:
  Server Component:
    ./src/components/DashboardWelcomeModal.tsx
    ./src/app/dashboard/page.tsx

https://nextjs.org/docs/messages/module-not-found


./src/components/DashboardWelcomeModal.tsx:10:1
Module not found: Can't resolve 'lucide-react/dist/esm/icons/check-circle2'
[0m [90m  8 |[39m [36mimport[39m [33mSparkles[39m [36mfrom[39m [32m'lucide-react/dist/esm/icons/sparkles'[39m[33m;[39m
 [90m  9 |[39m [36mimport[39m [33mArrowRight[39m [36mfrom[39m [32m'lucide-react/dist/esm/icons/arrow-right'[39m[33m;[39m
[31m[1m>[22m[39m[90m 10 |[39m [36mimport[39m [33mCheckCircle2[39m [36mfrom[39m [32m'lucide-react/dist/esm/icons/check-circle2'[39m[33m;[39m
 [90m    |[39m [31m[1m^[22m[39m[31m[1m^[22m[39m[31m[1m^[22m[39m[31m[1m^[22m[39m[31m[1m^[22m[39m[31m[1m^[22m[39m[31m[1m^[22m[39m[31m[1m^[22m[39m[31m[1m^[22m[39m[31m[1m^[22m[39m[31m[1m^[22m[39m[31m[1m^[22m[39m[31m[1m^[22m[39m[31m[1m^[22m[39m[31m[1m^[22m[39m[31m[1m^[22m[39m[31m[1m^[22m[39m[31m[1m^[22m[39m[31m[1m^[22m[39m[31m[1m^[22m[39m[31m[1m^[22m[39m[31m[1m^[22m[39m[31m[1m^[22m[39m[31m[1m^[22m[39m[31m[1m^[22m[39m[31m[1m^[22m[39m[31m[1m^[22m[39m[31m[1m^[22m[39m[31m[1m^[22m[39m[31m[1m^[22m[39m[31m[1m^[22m[39m[31m[1m^[22m[39m[31m[1m^[22m[39m[31m[1m^[22m[39m[31m[1m^[22m[39m[31m[1m^[22m[39m[31m[1m^[22m[39m[31m[1m^[22m[39m[31m[1m^[22m[39m[31m[1m^[22m[39m[31m[1m^[22m[39m[31m[1m^[22m[39m[31m[1m^[22m[39m[31m[1m^[22m[39m[31m[1m^[22m[39m[31m[1m^[22m[39m[31m[1m^[22m[39m[31m[1m^[22m[39m[31m[1m^[22m[39m[31m[1m^[22m[39m[31m[1m^[22m[39m[31m[1m^[22m[39m[31m[1m^[22m[39m[31m[1m^[22m[39m[31m[1m^[22m[39m[31m[1m^[22m[39m[31m[1m^[22m[39m[31m[1m^[22m[39m[31m[1m^[22m[39m[31m[1m^[22m[39m[31m[1m^[22m[39m[31m[1m^[22m[39m[31m[1m^[22m[39m[31m[1m^[22m[39m[31m[1m^[22m[39m[31m[1m^[22m[39m[31m[1m^[22m[39m[31m[1m^[22m[39m[31m[1m^[22m[39m
 [90m 11 |[39m [33m;[39m
 [90m 12 |[39m type [33mWelcomeModalProps[39m [33m=[39m {
 [90m 13 |[39m   businessName[33m:[39m string[33m;[39m[0m



Import trace:
  Server Component:
    ./src/components/DashboardWelcomeModal.tsx
    ./src/app/dashboard/page.tsx

https://nextjs.org/docs/messages/module-not-found


./src/components/GuidedStepFlow.tsx:7:1
Module not found: Can't resolve 'lucide-react/dist/esm/icons/check-circle2'
[0m [90m  5 |[39m [36mimport[39m { [33mCard[39m } [36mfrom[39m [32m"@/components/ui/card"[39m[33m;[39m
 [90m  6 |[39m [36mimport[39m [33mChevronDown[39m [36mfrom[39m [32m'lucide-react/dist/esm/icons/chevron-down'[39m[33m;[39m
[31m[1m>[22m[39m[90m  7 |[39m [36mimport[39m [33mCheckCircle2[39m [36mfrom[39m [32m'lucide-react/dist/esm/icons/check-circle2'[39m[33m;[39m
 [90m    |[39m [31m[1m^[22m[39m[31m[1m^[22m[39m[31m[1m^[22m[39m[31m[1m^[22m[39m[31m[1m^[22m[39m[31m[1m^[22m[39m[31m[1m^[22m[39m[31m[1m^[22m[39m[31m[1m^[22m[39m[31m[1m^[22m[39m[31m[1m^[22m[39m[31m[1m^[22m[39m[31m[1m^[22m[39m[31m[1m^[22m[39m[31m[1m^[22m[39m[31m[1m^[22m[39m[31m[1m^[22m[39m[31m[1m^[22m[39m[31m[1m^[22m[39m[31m[1m^[22m[39m[31m[1m^[22m[39m[31m[1m^[22m[39m[31m[1m^[22m[39m[31m[1m^[22m[39m[31m[1m^[22m[39m[31m[1m^[22m[39m[31m[1m^[22m[39m[31m[1m^[22m[39m[31m[1m^[22m[39m[31m[1m^[22m[39m[31m[1m^[22m[39m[31m[1m^[22m[39m[31m[1m^[22m[39m[31m[1m^[22m[39m[31m[1m^[22m[39m[31m[1m^[22m[39m[31m[1m^[22m[39m[31m[1m^[22m[39m[31m[1m^[22m[39m[31m[1m^[22m[39m[31m[1m^[22m[39m[31m[1m^[22m[39m[31m[1m^[22m[39m[31m[1m^[22m[39m[31m[1m^[22m[39m[31m[1m^[22m[39m[31m[1m^[22m[39m[31m[1m^[22m[39m[31m[1m^[22m[39m[31m[1m^[22m[39m[31m[1m^[22m[39m[31m[1m^[22m[39m[31m[1m^[22m[39m[31m[1m^[22m[39m[31m[1m^[22m[39m[31m[1m^[22m[39m[31m[1m^[22m[39m[31m[1m^[22m[39m[31m[1m^[22m[39m[31m[1m^[22m[39m[31m[1m^[22m[39m[31m[1m^[22m[39m[31m[1m^[22m[39m[31m[1m^[22m[39m[31m[1m^[22m[39m[31m[1m^[22m[39m[31m[1m^[22m[39m[31m[1m^[22m[39m[31m[1m^[22m[39m
 [90m  8 |[39m [36mimport[39m [33mCircle[39m [36mfrom[39m [32m'lucide-react/dist/esm/icons/circle'[39m[33m;[39m
 [90m  9 |[39m [36mimport[39m [33mAlertCircle[39m [36mfrom[39m [32m'lucide-react/dist/esm/icons/alert-circle'[39m[33m;[39m
 [90m 10 |[39m [36mimport[39m [33mHelpCircle[39m [36mfrom[39m [32m'lucide-react/dist/esm/icons/help-circle'[39m[33m;[39m[0m



Import trace:
  Server Component:
    ./src/components/GuidedStepFlow.tsx
    ./src/app/dashboard/page.tsx

https://nextjs.org/docs/messages/module-not-found


./src/components/GuidedStepFlow.tsx:6:1
Module not found: Can't resolve 'lucide-react/dist/esm/icons/check-circle2'
[0m [90m 4 |[39m [36mimport[39m { [33mCard[39m } [36mfrom[39m [32m"@/components/ui/card"[39m[33m;[39m
 [90m 5 |[39m [36mimport[39m [33mChevronDown[39m [36mfrom[39m [32m'lucide-react/dist/esm/icons/chevron-down'[39m[33m;[39m
[31m[1m>[22m[39m[90m 6 |[39m [36mimport[39m [33mCheckCircle2[39m [36mfrom[39m [32m'lucide-react/dist/esm/icons/check-circle2'[39m[33m;[39m
 [90m   |[39m [31m[1m^[22m[39m[31m[1m^[22m[39m[31m[1m^[22m[39m[31m[1m^[22m[39m[31m[1m^[22m[39m[31m[1m^[22m[39m[31m[1m^[22m[39m[31m[1m^[22m[39m[31m[1m^[22m[39m[31m[1m^[22m[39m[31m[1m^[22m[39m[31m[1m^[22m[39m[31m[1m^[22m[39m[31m[1m^[22m[39m[31m[1m^[22m[39m[31m[1m^[22m[39m[31m[1m^[22m[39m[31m[1m^[22m[39m[31m[1m^[22m[39m[31m[1m^[22m[39m[31m[1m^[22m[39m[31m[1m^[22m[39m[31m[1m^[22m[39m[31m[1m^[22m[39m[31m[1m^[22m[39m[31m[1m^[22m[39m[31m[1m^[22m[39m[31m[1m^[22m[39m[31m[1m^[22m[39m[31m[1m^[22m[39m[31m[1m^[22m[39m[31m[1m^[22m[39m[31m[1m^[22m[39m[31m[1m^[22m[39m[31m[1m^[22m[39m[31m[1m^[22m[39m[31m[1m^[22m[39m[31m[1m^[22m[39m[31m[1m^[22m[39m[31m[1m^[22m[39m[31m[1m^[22m[39m[31m[1m^[22m[39m[31m[1m^[22m[39m[31m[1m^[22m[39m[31m[1m^[22m[39m[31m[1m^[22m[39m[31m[1m^[22m[39m[31m[1m^[22m[39m[31m[1m^[22m[39m[31m[1m^[22m[39m[31m[1m^[22m[39m[31m[1m^[22m[39m[31m[1m^[22m[39m[31m[1m^[22m[39m[31m[1m^[22m[39m[31m[1m^[22m[39m[31m[1m^[22m[39m[31m[1m^[22m[39m[31m[1m^[22m[39m[31m[1m^[22m[39m[31m[1m^[22m[39m[31m[1m^[22m[39m[31m[1m^[22m[39m[31m[1m^[22m[39m[31m[1m^[22m[39m[31m[1m^[22m[39m[31m[1m^[22m[39m[31m[1m^[22m[39m[31m[1m^[22m[39m
 [90m 7 |[39m [36mimport[39m [33mCircle[39m [36mfrom[39m [32m'lucide-react/dist/esm/icons/circle'[39m[33m;[39m
 [90m 8 |[39m [36mimport[39m [33mAlertCircle[39m [36mfrom[39m [32m'lucide-react/dist/esm/icons/alert-circle'[39m[33m;[39m
 [90m 9 |[39m [36mimport[39m [33mHelpCircle[39m [36mfrom[39m [32m'lucide-react/dist/esm/icons/help-circle'[39m[33m;[39m[33m;[39m[0m



Import trace:
  Server Component:
    ./src/components/GuidedStepFlow.tsx
    ./src/app/dashboard/page.tsx

https://nextjs.org/docs/messages/module-not-found


./src/components/ROICalculator.tsx:16:1
Module not found: Can't resolve 'lucide-react/dist/esm/icons/check-circle2'
[0m [90m 14 |[39m [36mimport[39m [33mZap[39m [36mfrom[39m [32m'lucide-react/dist/esm/icons/zap'[39m[33m;[39m
 [90m 15 |[39m [36mimport[39m [33mArrowRight[39m [36mfrom[39m [32m'lucide-react/dist/esm/icons/arrow-right'[39m[33m;[39m
[31m[1m>[22m[39m[90m 16 |[39m [36mimport[39m [33mCheckCircle2[39m [36mfrom[39m [32m'lucide-react/dist/esm/icons/check-circle2'[39m[33m;[39m
 [90m    |[39m [31m[1m^[22m[39m[31m[1m^[22m[39m[31m[1m^[22m[39m[31m[1m^[22m[39m[31m[1m^[22m[39m[31m[1m^[22m[39m[31m[1m^[22m[39m[31m[1m^[22m[39m[31m[1m^[22m[39m[31m[1m^[22m[39m[31m[1m^[22m[39m[31m[1m^[22m[39m[31m[1m^[22m[39m[31m[1m^[22m[39m[31m[1m^[22m[39m[31m[1m^[22m[39m[31m[1m^[22m[39m[31m[1m^[22m[39m[31m[1m^[22m[39m[31m[1m^[22m[39m[31m[1m^[22m[39m[31m[1m^[22m[39m[31m[1m^[22m[39m[31m[1m^[22m[39m[31m[1m^[22m[39m[31m[1m^[22m[39m[31m[1m^[22m[39m[31m[1m^[22m[39m[31m[1m^[22m[39m[31m[1m^[22m[39m[31m[1m^[22m[39m[31m[1m^[22m[39m[31m[1m^[22m[39m[31m[1m^[22m[39m[31m[1m^[22m[39m[31m[1m^[22m[39m[31m[1m^[22m[39m[31m[1m^[22m[39m[31m[1m^[22m[39m[31m[1m^[22m[39m[31m[1m^[22m[39m[31m[1m^[22m[39m[31m[1m^[22m[39m[31m[1m^[22m[39m[31m[1m^[22m[39m[31m[1m^[22m[39m[31m[1m^[22m[39m[31m[1m^[22m[39m[31m[1m^[22m[39m[31m[1m^[22m[39m[31m[1m^[22m[39m[31m[1m^[22m[39m[31m[1m^[22m[39m[31m[1m^[22m[39m[31m[1m^[22m[39m[31m[1m^[22m[39m[31m[1m^[22m[39m[31m[1m^[22m[39m[31m[1m^[22m[39m[31m[1m^[22m[39m[31m[1m^[22m[39m[31m[1m^[22m[39m[31m[1m^[22m[39m[31m[1m^[22m[39m[31m[1m^[22m[39m[31m[1m^[22m[39m[31m[1m^[22m[39m[31m[1m^[22m[39m[31m[1m^[22m[39m
 [90m 17 |[39m [36mimport[39m [33mAlertCircle[39m [36mfrom[39m [32m'lucide-react/dist/esm/icons/alert-circle'[39m[33m;[39m
 [90m 18 |[39m [36mimport[39m [33mSparkles[39m [36mfrom[39m [32m'lucide-react/dist/esm/icons/sparkles'[39m[33m;[39m
 [90m 19 |[39m [36mimport[39m [33mTarget[39m [36mfrom[39m [32m'lucide-react/dist/esm/icons/target'[39m[33m;[39m[0m



Import trace:
  Server Component:
    ./src/components/ROICalculator.tsx
    ./src/app/roi-calculator/page.tsx

https://nextjs.org/docs/messages/module-not-found


./src/components/ReferralsTable.tsx:13:1
Module not found: Can't resolve 'lucide-react/dist/esm/icons/check-circle2'
[0m [90m 11 |[39m [36mimport[39m [33mUserPlus[39m [36mfrom[39m [32m'lucide-react/dist/esm/icons/user-plus'[39m[33m;[39m
 [90m 12 |[39m [36mimport[39m [33mFilter[39m [36mfrom[39m [32m'lucide-react/dist/esm/icons/filter'[39m[33m;[39m
[31m[1m>[22m[39m[90m 13 |[39m [36mimport[39m [33mCheckCircle2[39m [36mfrom[39m [32m'lucide-react/dist/esm/icons/check-circle2'[39m[33m;[39m
 [90m    |[39m [31m[1m^[22m[39m[31m[1m^[22m[39m[31m[1m^[22m[39m[31m[1m^[22m[39m[31m[1m^[22m[39m[31m[1m^[22m[39m[31m[1m^[22m[39m[31m[1m^[22m[39m[31m[1m^[22m[39m[31m[1m^[22m[39m[31m[1m^[22m[39m[31m[1m^[22m[39m[31m[1m^[22m[39m[31m[1m^[22m[39m[31m[1m^[22m[39m[31m[1m^[22m[39m[31m[1m^[22m[39m[31m[1m^[22m[39m[31m[1m^[22m[39m[31m[1m^[22m[39m[31m[1m^[22m[39m[31m[1m^[22m[39m[31m[1m^[22m[39m[31m[1m^[22m[39m[31m[1m^[22m[39m[31m[1m^[22m[39m[31m[1m^[22m[39m[31m[1m^[22m[39m[31m[1m^[22m[39m[31m[1m^[22m[39m[31m[1m^[22m[39m[31m[1m^[22m[39m[31m[1m^[22m[39m[31m[1m^[22m[39m[31m[1m^[22m[39m[31m[1m^[22m[39m[31m[1m^[22m[39m[31m[1m^[22m[39m[31m[1m^[22m[39m[31m[1m^[22m[39m[31m[1m^[22m[39m[31m[1m^[22m[39m[31m[1m^[22m[39m[31m[1m^[22m[39m[31m[1m^[22m[39m[31m[1m^[22m[39m[31m[1m^[22m[39m[31m[1m^[22m[39m[31m[1m^[22m[39m[31m[1m^[22m[39m[31m[1m^[22m[39m[31m[1m^[22m[39m[31m[1m^[22m[39m[31m[1m^[22m[39m[31m[1m^[22m[39m[31m[1m^[22m[39m[31m[1m^[22m[39m[31m[1m^[22m[39m[31m[1m^[22m[39m[31m[1m^[22m[39m[31m[1m^[22m[39m[31m[1m^[22m[39m[31m[1m^[22m[39m[31m[1m^[22m[39m[31m[1m^[22m[39m[31m[1m^[22m[39m[31m[1m^[22m[39m[31m[1m^[22m[39m[31m[1m^[22m[39m
 [90m 14 |[39m [36mimport[39m [33mTrash2[39m [36mfrom[39m [32m'lucide-react/dist/esm/icons/trash2'[39m[33m;[39m
 [90m 15 |[39m [33m;[39m
 [90m 16 |[39m [36mimport[39m { [33mReferralCompletionForm[39m } [36mfrom[39m [32m"@/components/ReferralCompletionForm"[39m[33m;[39m[0m



Import trace:
  Server Component:
    ./src/components/ReferralsTable.tsx
    ./src/app/dashboard/page.tsx

https://nextjs.org/docs/messages/module-not-found


./src/components/ReferralsTable.tsx:13:1
Module not found: Can't resolve 'lucide-react/dist/esm/icons/check-circle2'
[0m [90m 11 |[39m [36mimport[39m [33mUserPlus[39m [36mfrom[39m [32m'lucide-react/dist/esm/icons/user-plus'[39m[33m;[39m
 [90m 12 |[39m [36mimport[39m [33mFilter[39m [36mfrom[39m [32m'lucide-react/dist/esm/icons/filter'[39m[33m;[39m
[31m[1m>[22m[39m[90m 13 |[39m [36mimport[39m [33mCheckCircle2[39m [36mfrom[39m [32m'lucide-react/dist/esm/icons/check-circle2'[39m[33m;[39m
 [90m    |[39m [31m[1m^[22m[39m[31m[1m^[22m[39m[31m[1m^[22m[39m[31m[1m^[22m[39m[31m[1m^[22m[39m[31m[1m^[22m[39m[31m[1m^[22m[39m[31m[1m^[22m[39m[31m[1m^[22m[39m[31m[1m^[22m[39m[31m[1m^[22m[39m[31m[1m^[22m[39m[31m[1m^[22m[39m[31m[1m^[22m[39m[31m[1m^[22m[39m[31m[1m^[22m[39m[31m[1m^[22m[39m[31m[1m^[22m[39m[31m[1m^[22m[39m[31m[1m^[22m[39m[31m[1m^[22m[39m[31m[1m^[22m[39m[31m[1m^[22m[39m[31m[1m^[22m[39m[31m[1m^[22m[39m[31m[1m^[22m[39m[31m[1m^[22m[39m[31m[1m^[22m[39m[31m[1m^[22m[39m[31m[1m^[22m[39m[31m[1m^[22m[39m[31m[1m^[22m[39m[31m[1m^[22m[39m[31m[1m^[22m[39m[31m[1m^[22m[39m[31m[1m^[22m[39m[31m[1m^[22m[39m[31m[1m^[22m[39m[31m[1m^[22m[39m[31m[1m^[22m[39m[31m[1m^[22m[39m[31m[1m^[22m[39m[31m[1m^[22m[39m[31m[1m^[22m[39m[31m[1m^[22m[39m[31m[1m^[22m[39m[31m[1m^[22m[39m[31m[1m^[22m[39m[31m[1m^[22m[39m[31m[1m^[22m[39m[31m[1m^[22m[39m[31m[1m^[22m[39m[31m[1m^[22m[39m[31m[1m^[22m[39m[31m[1m^[22m[39m[31m[1m^[22m[39m[31m[1m^[22m[39m[31m[1m^[22m[39m[31m[1m^[22m[39m[31m[1m^[22m[39m[31m[1m^[22m[39m[31m[1m^[22m[39m[31m[1m^[22m[39m[31m[1m^[22m[39m[31m[1m^[22m[39m[31m[1m^[22m[39m[31m[1m^[22m[39m[31m[1m^[22m[39m[31m[1m^[22m[39m
 [90m 14 |[39m [36mimport[39m [33mTrash2[39m [36mfrom[39m [32m'lucide-react/dist/esm/icons/trash2'[39m[33m;[39m[33m;[39m
 [90m 15 |[39m
 [90m 16 |[39m [36mimport[39m { [33mReferralCompletionForm[39m } [36mfrom[39m [32m"@/components/ReferralCompletionForm"[39m[33m;[39m[0m



Import trace:
  Server Component:
    ./src/components/ReferralsTable.tsx
    ./src/app/dashboard/page.tsx

https://nextjs.org/docs/messages/module-not-found


./src/components/referred/ReferredApplicationForm.tsx:17:1
Module not found: Can't resolve 'lucide-react/dist/esm/icons/check-circle2'
[0m [90m 15 |[39m [36mimport[39m [33mCalendar[39m [36mfrom[39m [32m'lucide-react/dist/esm/icons/calendar'[39m[33m;[39m
 [90m 16 |[39m [36mimport[39m [33mArrowRight[39m [36mfrom[39m [32m'lucide-react/dist/esm/icons/arrow-right'[39m[33m;[39m
[31m[1m>[22m[39m[90m 17 |[39m [36mimport[39m [33mCheckCircle2[39m [36mfrom[39m [32m'lucide-react/dist/esm/icons/check-circle2'[39m[33m;[39m
 [90m    |[39m [31m[1m^[22m[39m[31m[1m^[22m[39m[31m[1m^[22m[39m[31m[1m^[22m[39m[31m[1m^[22m[39m[31m[1m^[22m[39m[31m[1m^[22m[39m[31m[1m^[22m[39m[31m[1m^[22m[39m[31m[1m^[22m[39m[31m[1m^[22m[39m[31m[1m^[22m[39m[31m[1m^[22m[39m[31m[1m^[22m[39m[31m[1m^[22m[39m[31m[1m^[22m[39m[31m[1m^[22m[39m[31m[1m^[22m[39m[31m[1m^[22m[39m[31m[1m^[22m[39m[31m[1m^[22m[39m[31m[1m^[22m[39m[31m[1m^[22m[39m[31m[1m^[22m[39m[31m[1m^[22m[39m[31m[1m^[22m[39m[31m[1m^[22m[39m[31m[1m^[22m[39m[31m[1m^[22m[39m[31m[1m^[22m[39m[31m[1m^[22m[39m[31m[1m^[22m[39m[31m[1m^[22m[39m[31m[1m^[22m[39m[31m[1m^[22m[39m[31m[1m^[22m[39m[31m[1m^[22m[39m[31m[1m^[22m[39m[31m[1m^[22m[39m[31m[1m^[22m[39m[31m[1m^[22m[39m[31m[1m^[22m[39m[31m[1m^[22m[39m[31m[1m^[22m[39m[31m[1m^[22m[39m[31m[1m^[22m[39m[31m[1m^[22m[39m[31m[1m^[22m[39m[31m[1m^[22m[39m[31m[1m^[22m[39m[31m[1m^[22m[39m[31m[1m^[22m[39m[31m[1m^[22m[39m[31m[1m^[22m[39m[31m[1m^[22m[39m[31m[1m^[22m[39m[31m[1m^[22m[39m[31m[1m^[22m[39m[31m[1m^[22m[39m[31m[1m^[22m[39m[31m[1m^[22m[39m[31m[1m^[22m[39m[31m[1m^[22m[39m[31m[1m^[22m[39m[31m[1m^[22m[39m[31m[1m^[22m[39m[31m[1m^[22m[39m[31m[1m^[22m[39m[31m[1m^[22m[39m
 [90m 18 |[39m [36mimport[39m [33mLoader2[39m [36mfrom[39m [32m'lucide-react/dist/esm/icons/loader2'[39m[33m;[39m
 [90m 19 |[39m [36mimport[39m [33mAlertCircle[39m [36mfrom[39m [32m'lucide-react/dist/esm/icons/alert-circle'[39m[33m;[39m
 [90m 20 |[39m [33m;[39m[0m



Import trace:
  Server Component:
    ./src/components/referred/ReferredApplicationForm.tsx
    ./src/app/referred/page.tsx

https://nextjs.org/docs/messages/module-not-found


./src/components/referred/ReferredApplicationForm.tsx:17:1
Module not found: Can't resolve 'lucide-react/dist/esm/icons/check-circle2'
[0m [90m 15 |[39m [36mimport[39m [33mCalendar[39m [36mfrom[39m [32m'lucide-react/dist/esm/icons/calendar'[39m[33m;[39m
 [90m 16 |[39m [36mimport[39m [33mArrowRight[39m [36mfrom[39m [32m'lucide-react/dist/esm/icons/arrow-right'[39m[33m;[39m
[31m[1m>[22m[39m[90m 17 |[39m [36mimport[39m [33mCheckCircle2[39m [36mfrom[39m [32m'lucide-react/dist/esm/icons/check-circle2'[39m[33m;[39m
 [90m    |[39m [31m[1m^[22m[39m[31m[1m^[22m[39m[31m[1m^[22m[39m[31m[1m^[22m[39m[31m[1m^[22m[39m[31m[1m^[22m[39m[31m[1m^[22m[39m[31m[1m^[22m[39m[31m[1m^[22m[39m[31m[1m^[22m[39m[31m[1m^[22m[39m[31m[1m^[22m[39m[31m[1m^[22m[39m[31m[1m^[22m[39m[31m[1m^[22m[39m[31m[1m^[22m[39m[31m[1m^[22m[39m[31m[1m^[22m[39m[31m[1m^[22m[39m[31m[1m^[22m[39m[31m[1m^[22m[39m[31m[1m^[22m[39m[31m[1m^[22m[39m[31m[1m^[22m[39m[31m[1m^[22m[39m[31m[1m^[22m[39m[31m[1m^[22m[39m[31m[1m^[22m[39m[31m[1m^[22m[39m[31m[1m^[22m[39m[31m[1m^[22m[39m[31m[1m^[22m[39m[31m[1m^[22m[39m[31m[1m^[22m[39m[31m[1m^[22m[39m[31m[1m^[22m[39m[31m[1m^[22m[39m[31m[1m^[22m[39m[31m[1m^[22m[39m[31m[1m^[22m[39m[31m[1m^[22m[39m[31m[1m^[22m[39m[31m[1m^[22m[39m[31m[1m^[22m[39m[31m[1m^[22m[39m[31m[1m^[22m[39m[31m[1m^[22m[39m[31m[1m^[22m[39m[31m[1m^[22m[39m[31m[1m^[22m[39m[31m[1m^[22m[39m[31m[1m^[22m[39m[31m[1m^[22m[39m[31m[1m^[22m[39m[31m[1m^[22m[39m[31m[1m^[22m[39m[31m[1m^[22m[39m[31m[1m^[22m[39m[31m[1m^[22m[39m[31m[1m^[22m[39m[31m[1m^[22m[39m[31m[1m^[22m[39m[31m[1m^[22m[39m[31m[1m^[22m[39m[31m[1m^[22m[39m[31m[1m^[22m[39m[31m[1m^[22m[39m[31m[1m^[22m[39m[31m[1m^[22m[39m
 [90m 18 |[39m [36mimport[39m [33mLoader2[39m [36mfrom[39m [32m'lucide-react/dist/esm/icons/loader2'[39m[33m;[39m
 [90m 19 |[39m [36mimport[39m [33mAlertCircle[39m [36mfrom[39m [32m'lucide-react/dist/esm/icons/alert-circle'[39m[33m;[39m[33m;[39m
 [90m 20 |[39m [36mimport[39m { logger } [36mfrom[39m [32m"@/lib/logger"[39m[33m;[39m[0m



Import trace:
  Server Component:
    ./src/components/referred/ReferredApplicationForm.tsx
    ./src/app/referred/page.tsx

https://nextjs.org/docs/messages/module-not-found


./src/components/status/StatusChecks.tsx:5:1
Module not found: Can't resolve 'lucide-react/dist/esm/icons/check-circle2'
[0m [90m 3 |[39m [36mimport[39m { useCallback[33m,[39m useMemo[33m,[39m useState } [36mfrom[39m [32m"react"[39m[33m;[39m
 [90m 4 |[39m [36mimport[39m [33mActivity[39m [36mfrom[39m [32m'lucide-react/dist/esm/icons/activity'[39m[33m;[39m
[31m[1m>[22m[39m[90m 5 |[39m [36mimport[39m [33mCheckCircle2[39m [36mfrom[39m [32m'lucide-react/dist/esm/icons/check-circle2'[39m[33m;[39m
 [90m   |[39m [31m[1m^[22m[39m[31m[1m^[22m[39m[31m[1m^[22m[39m[31m[1m^[22m[39m[31m[1m^[22m[39m[31m[1m^[22m[39m[31m[1m^[22m[39m[31m[1m^[22m[39m[31m[1m^[22m[39m[31m[1m^[22m[39m[31m[1m^[22m[39m[31m[1m^[22m[39m[31m[1m^[22m[39m[31m[1m^[22m[39m[31m[1m^[22m[39m[31m[1m^[22m[39m[31m[1m^[22m[39m[31m[1m^[22m[39m[31m[1m^[22m[39m[31m[1m^[22m[39m[31m[1m^[22m[39m[31m[1m^[22m[39m[31m[1m^[22m[39m[31m[1m^[22m[39m[31m[1m^[22m[39m[31m[1m^[22m[39m[31m[1m^[22m[39m[31m[1m^[22m[39m[31m[1m^[22m[39m[31m[1m^[22m[39m[31m[1m^[22m[39m[31m[1m^[22m[39m[31m[1m^[22m[39m[31m[1m^[22m[39m[31m[1m^[22m[39m[31m[1m^[22m[39m[31m[1m^[22m[39m[31m[1m^[22m[39m[31m[1m^[22m[39m[31m[1m^[22m[39m[31m[1m^[22m[39m[31m[1m^[22m[39m[31m[1m^[22m[39m[31m[1m^[22m[39m[31m[1m^[22m[39m[31m[1m^[22m[39m[31m[1m^[22m[39m[31m[1m^[22m[39m[31m[1m^[22m[39m[31m[1m^[22m[39m[31m[1m^[22m[39m[31m[1m^[22m[39m[31m[1m^[22m[39m[31m[1m^[22m[39m[31m[1m^[22m[39m[31m[1m^[22m[39m[31m[1m^[22m[39m[31m[1m^[22m[39m[31m[1m^[22m[39m[31m[1m^[22m[39m[31m[1m^[22m[39m[31m[1m^[22m[39m[31m[1m^[22m[39m[31m[1m^[22m[39m[31m[1m^[22m[39m[31m[1m^[22m[39m[31m[1m^[22m[39m[31m[1m^[22m[39m[31m[1m^[22m[39m
 [90m 6 |[39m [36mimport[39m [33mRefreshCw[39m [36mfrom[39m [32m'lucide-react/dist/esm/icons/refresh-cw'[39m[33m;[39m
 [90m 7 |[39m [36mimport[39m [33mXCircle[39m [36mfrom[39m [32m'lucide-react/dist/esm/icons/xcircle'[39m[33m;[39m
 [90m 8 |[39m [33m;[39m[0m



Import trace:
  Server Component:
    ./src/components/status/StatusChecks.tsx
    ./src/app/status/page.tsx

https://nextjs.org/docs/messages/module-not-found


./src/components/status/StatusChecks.tsx:5:1
Module not found: Can't resolve 'lucide-react/dist/esm/icons/check-circle2'
[0m [90m 3 |[39m [36mimport[39m { useCallback[33m,[39m useMemo[33m,[39m useState } [36mfrom[39m [32m"react"[39m[33m;[39m
 [90m 4 |[39m [36mimport[39m [33mActivity[39m [36mfrom[39m [32m'lucide-react/dist/esm/icons/activity'[39m[33m;[39m
[31m[1m>[22m[39m[90m 5 |[39m [36mimport[39m [33mCheckCircle2[39m [36mfrom[39m [32m'lucide-react/dist/esm/icons/check-circle2'[39m[33m;[39m
 [90m   |[39m [31m[1m^[22m[39m[31m[1m^[22m[39m[31m[1m^[22m[39m[31m[1m^[22m[39m[31m[1m^[22m[39m[31m[1m^[22m[39m[31m[1m^[22m[39m[31m[1m^[22m[39m[31m[1m^[22m[39m[31m[1m^[22m[39m[31m[1m^[22m[39m[31m[1m^[22m[39m[31m[1m^[22m[39m[31m[1m^[22m[39m[31m[1m^[22m[39m[31m[1m^[22m[39m[31m[1m^[22m[39m[31m[1m^[22m[39m[31m[1m^[22m[39m[31m[1m^[22m[39m[31m[1m^[22m[39m[31m[1m^[22m[39m[31m[1m^[22m[39m[31m[1m^[22m[39m[31m[1m^[22m[39m[31m[1m^[22m[39m[31m[1m^[22m[39m[31m[1m^[22m[39m[31m[1m^[22m[39m[31m[1m^[22m[39m[31m[1m^[22m[39m[31m[1m^[22m[39m[31m[1m^[22m[39m[31m[1m^[22m[39m[31m[1m^[22m[39m[31m[1m^[22m[39m[31m[1m^[22m[39m[31m[1m^[22m[39m[31m[1m^[22m[39m[31m[1m^[22m[39m[31m[1m^[22m[39m[31m[1m^[22m[39m[31m[1m^[22m[39m[31m[1m^[22m[39m[31m[1m^[22m[39m[31m[1m^[22m[39m[31m[1m^[22m[39m[31m[1m^[22m[39m[31m[1m^[22m[39m[31m[1m^[22m[39m[31m[1m^[22m[39m[31m[1m^[22m[39m[31m[1m^[22m[39m[31m[1m^[22m[39m[31m[1m^[22m[39m[31m[1m^[22m[39m[31m[1m^[22m[39m[31m[1m^[22m[39m[31m[1m^[22m[39m[31m[1m^[22m[39m[31m[1m^[22m[39m[31m[1m^[22m[39m[31m[1m^[22m[39m[31m[1m^[22m[39m[31m[1m^[22m[39m[31m[1m^[22m[39m[31m[1m^[22m[39m[31m[1m^[22m[39m[31m[1m^[22m[39m
 [90m 6 |[39m [36mimport[39m [33mRefreshCw[39m [36mfrom[39m [32m'lucide-react/dist/esm/icons/refresh-cw'[39m[33m;[39m
 [90m 7 |[39m [36mimport[39m [33mXCircle[39m [36mfrom[39m [32m'lucide-react/dist/esm/icons/xcircle'[39m[33m;[39m[33m;[39m
 [90m 8 |[39m[0m



Import trace:
  Server Component:
    ./src/components/status/StatusChecks.tsx
    ./src/app/status/page.tsx

https://nextjs.org/docs/messages/module-not-found


./src/app/api-guide/page.tsx:2:1
Module not found: Can't resolve 'lucide-react/dist/esm/icons/code2'
[0m [90m 1 |[39m [36mimport[39m [33mLink[39m [36mfrom[39m [32m"next/link"[39m[33m;[39m
[31m[1m>[22m[39m[90m 2 |[39m [36mimport[39m [33mCode2[39m [36mfrom[39m [32m'lucide-react/dist/esm/icons/code2'[39m[33m;[39m
 [90m   |[39m [31m[1m^[22m[39m[31m[1m^[22m[39m[31m[1m^[22m[39m[31m[1m^[22m[39m[31m[1m^[22m[39m[31m[1m^[22m[39m[31m[1m^[22m[39m[31m[1m^[22m[39m[31m[1m^[22m[39m[31m[1m^[22m[39m[31m[1m^[22m[39m[31m[1m^[22m[39m[31m[1m^[22m[39m[31m[1m^[22m[39m[31m[1m^[22m[39m[31m[1m^[22m[39m[31m[1m^[22m[39m[31m[1m^[22m[39m[31m[1m^[22m[39m[31m[1m^[22m[39m[31m[1m^[22m[39m[31m[1m^[22m[39m[31m[1m^[22m[39m[31m[1m^[22m[39m[31m[1m^[22m[39m[31m[1m^[22m[39m[31m[1m^[22m[39m[31m[1m^[22m[39m[31m[1m^[22m[39m[31m[1m^[22m[39m[31m[1m^[22m[39m[31m[1m^[22m[39m[31m[1m^[22m[39m[31m[1m^[22m[39m[31m[1m^[22m[39m[31m[1m^[22m[39m[31m[1m^[22m[39m[31m[1m^[22m[39m[31m[1m^[22m[39m[31m[1m^[22m[39m[31m[1m^[22m[39m[31m[1m^[22m[39m[31m[1m^[22m[39m[31m[1m^[22m[39m[31m[1m^[22m[39m[31m[1m^[22m[39m[31m[1m^[22m[39m[31m[1m^[22m[39m[31m[1m^[22m[39m[31m[1m^[22m[39m[31m[1m^[22m[39m[31m[1m^[22m[39m[31m[1m^[22m[39m[31m[1m^[22m[39m
 [90m 3 |[39m [36mimport[39m [33mExternalLink[39m [36mfrom[39m [32m'lucide-react/dist/esm/icons/external-link'[39m[33m;[39m
 [90m 4 |[39m [36mimport[39m [33mShieldCheck[39m [36mfrom[39m [32m'lucide-react/dist/esm/icons/shield-check'[39m[33m;[39m
 [90m 5 |[39m [36mimport[39m [33mWrench[39m [36mfrom[39m [32m'lucide-react/dist/esm/icons/wrench'[39m[33m;[39m[33m;[39m[0m



https://nextjs.org/docs/messages/module-not-found


./src/app/integrations/page.tsx:4:1
Module not found: Can't resolve 'lucide-react/dist/esm/icons/code2'
[0m [90m 2 |[39m [36mimport[39m [33mCalendar[39m [36mfrom[39m [32m'lucide-react/dist/esm/icons/calendar'[39m[33m;[39m
 [90m 3 |[39m [36mimport[39m [33mBarChart3[39m [36mfrom[39m [32m'lucide-react/dist/esm/icons/bar-chart3'[39m[33m;[39m
[31m[1m>[22m[39m[90m 4 |[39m [36mimport[39m [33mCode2[39m [36mfrom[39m [32m'lucide-react/dist/esm/icons/code2'[39m[33m;[39m
 [90m   |[39m [31m[1m^[22m[39m[31m[1m^[22m[39m[31m[1m^[22m[39m[31m[1m^[22m[39m[31m[1m^[22m[39m[31m[1m^[22m[39m[31m[1m^[22m[39m[31m[1m^[22m[39m[31m[1m^[22m[39m[31m[1m^[22m[39m[31m[1m^[22m[39m[31m[1m^[22m[39m[31m[1m^[22m[39m[31m[1m^[22m[39m[31m[1m^[22m[39m[31m[1m^[22m[39m[31m[1m^[22m[39m[31m[1m^[22m[39m[31m[1m^[22m[39m[31m[1m^[22m[39m[31m[1m^[22m[39m[31m[1m^[22m[39m[31m[1m^[22m[39m[31m[1m^[22m[39m[31m[1m^[22m[39m[31m[1m^[22m[39m[31m[1m^[22m[39m[31m[1m^[22m[39m[31m[1m^[22m[39m[31m[1m^[22m[39m[31m[1m^[22m[39m[31m[1m^[22m[39m[31m[1m^[22m[39m[31m[1m^[22m[39m[31m[1m^[22m[39m[31m[1m^[22m[39m[31m[1m^[22m[39m[31m[1m^[22m[39m[31m[1m^[22m[39m[31m[1m^[22m[39m[31m[1m^[22m[39m[31m[1m^[22m[39m[31m[1m^[22m[39m[31m[1m^[22m[39m[31m[1m^[22m[39m[31m[1m^[22m[39m[31m[1m^[22m[39m[31m[1m^[22m[39m[31m[1m^[22m[39m[31m[1m^[22m[39m[31m[1m^[22m[39m[31m[1m^[22m[39m[31m[1m^[22m[39m[31m[1m^[22m[39m
 [90m 5 |[39m [36mimport[39m [33mCreditCard[39m [36mfrom[39m [32m'lucide-react/dist/esm/icons/credit-card'[39m[33m;[39m
 [90m 6 |[39m [36mimport[39m [33mGlobe[39m [36mfrom[39m [32m'lucide-react/dist/esm/icons/globe'[39m[33m;[39m
 [90m 7 |[39m [36mimport[39m [33mLayoutTemplate[39m [36mfrom[39m [32m'lucide-react/dist/esm/icons/layout-template'[39m[33m;[39m[0m



https://nextjs.org/docs/messages/module-not-found


./src/components/IntegrationTab.tsx:5:1
Module not found: Can't resolve 'lucide-react/dist/esm/icons/code2'
[0m [90m 3 |[39m [36mimport[39m { useRef[33m,[39m useState } [36mfrom[39m [32m"react"[39m[33m;[39m
 [90m 4 |[39m [36mimport[39m [33mClipboardList[39m [36mfrom[39m [32m'lucide-react/dist/esm/icons/clipboard-list'[39m[33m;[39m
[31m[1m>[22m[39m[90m 5 |[39m [36mimport[39m [33mCode2[39m [36mfrom[39m [32m'lucide-react/dist/esm/icons/code2'[39m[33m;[39m
 [90m   |[39m [31m[1m^[22m[39m[31m[1m^[22m[39m[31m[1m^[22m[39m[31m[1m^[22m[39m[31m[1m^[22m[39m[31m[1m^[22m[39m[31m[1m^[22m[39m[31m[1m^[22m[39m[31m[1m^[22m[39m[31m[1m^[22m[39m[31m[1m^[22m[39m[31m[1m^[22m[39m[31m[1m^[22m[39m[31m[1m^[22m[39m[31m[1m^[22m[39m[31m[1m^[22m[39m[31m[1m^[22m[39m[31m[1m^[22m[39m[31m[1m^[22m[39m[31m[1m^[22m[39m[31m[1m^[22m[39m[31m[1m^[22m[39m[31m[1m^[22m[39m[31m[1m^[22m[39m[31m[1m^[22m[39m[31m[1m^[22m[39m[31m[1m^[22m[39m[31m[1m^[22m[39m[31m[1m^[22m[39m[31m[1m^[22m[39m[31m[1m^[22m[39m[31m[1m^[22m[39m[31m[1m^[22m[39m[31m[1m^[22m[39m[31m[1m^[22m[39m[31m[1m^[22m[39m[31m[1m^[22m[39m[31m[1m^[22m[39m[31m[1m^[22m[39m[31m[1m^[22m[39m[31m[1m^[22m[39m[31m[1m^[22m[39m[31m[1m^[22m[39m[31m[1m^[22m[39m[31m[1m^[22m[39m[31m[1m^[22m[39m[31m[1m^[22m[39m[31m[1m^[22m[39m[31m[1m^[22m[39m[31m[1m^[22m[39m[31m[1m^[22m[39m[31m[1m^[22m[39m[31m[1m^[22m[39m[31m[1m^[22m[39m
 [90m 6 |[39m [36mimport[39m [33mGlobe[39m [36mfrom[39m [32m'lucide-react/dist/esm/icons/globe'[39m[33m;[39m
 [90m 7 |[39m [36mimport[39m [33mChevronDown[39m [36mfrom[39m [32m'lucide-react/dist/esm/icons/chevron-down'[39m[33m;[39m
 [90m 8 |[39m [36mimport[39m [33mChevronRight[39m [36mfrom[39m [32m'lucide-react/dist/esm/icons/chevron-right'[39m[33m;[39m[0m



Import trace:
  Server Component:
    ./src/components/IntegrationTab.tsx
    ./src/app/dashboard/page.tsx

https://nextjs.org/docs/messages/module-not-found


./src/app/dashboard/page.tsx:63:1
Module not found: Can't resolve 'lucide-react/dist/esm/icons/link2'
[0m [90m 61 |[39m [36mimport[39m [33mTarget[39m [36mfrom[39m [32m'lucide-react/dist/esm/icons/target'[39m[33m;[39m
 [90m 62 |[39m [36mimport[39m [33mMail[39m [36mfrom[39m [32m'lucide-react/dist/esm/icons/mail'[39m[33m;[39m
[31m[1m>[22m[39m[90m 63 |[39m [36mimport[39m [33mLink2[39m [36mfrom[39m [32m'lucide-react/dist/esm/icons/link2'[39m[33m;[39m
 [90m    |[39m [31m[1m^[22m[39m[31m[1m^[22m[39m[31m[1m^[22m[39m[31m[1m^[22m[39m[31m[1m^[22m[39m[31m[1m^[22m[39m[31m[1m^[22m[39m[31m[1m^[22m[39m[31m[1m^[22m[39m[31m[1m^[22m[39m[31m[1m^[22m[39m[31m[1m^[22m[39m[31m[1m^[22m[39m[31m[1m^[22m[39m[31m[1m^[22m[39m[31m[1m^[22m[39m[31m[1m^[22m[39m[31m[1m^[22m[39m[31m[1m^[22m[39m[31m[1m^[22m[39m[31m[1m^[22m[39m[31m[1m^[22m[39m[31m[1m^[22m[39m[31m[1m^[22m[39m[31m[1m^[22m[39m[31m[1m^[22m[39m[31m[1m^[22m[39m[31m[1m^[22m[39m[31m[1m^[22m[39m[31m[1m^[22m[39m[31m[1m^[22m[39m[31m[1m^[22m[39m[31m[1m^[22m[39m[31m[1m^[22m[39m[31m[1m^[22m[39m[31m[1m^[22m[39m[31m[1m^[22m[39m[31m[1m^[22m[39m[31m[1m^[22m[39m[31m[1m^[22m[39m[31m[1m^[22m[39m[31m[1m^[22m[39m[31m[1m^[22m[39m[31m[1m^[22m[39m[31m[1m^[22m[39m[31m[1m^[22m[39m[31m[1m^[22m[39m[31m[1m^[22m[39m[31m[1m^[22m[39m[31m[1m^[22m[39m[31m[1m^[22m[39m[31m[1m^[22m[39m[31m[1m^[22m[39m[31m[1m^[22m[39m
 [90m 64 |[39m [36mimport[39m [33mCalendarCheck[39m [36mfrom[39m [32m'lucide-react/dist/esm/icons/calendar-check'[39m[33m;[39m
 [90m 65 |[39m [36mimport[39m [33mFileText[39m [36mfrom[39m [32m'lucide-react/dist/esm/icons/file-text'[39m[33m;[39m
 [90m 66 |[39m [36mimport[39m [33mArrowUpRight[39m [36mfrom[39m [32m'lucide-react/dist/esm/icons/arrow-up-right'[39m[33m;[39m[0m



https://nextjs.org/docs/messages/module-not-found


./src/components/CRMIntegrationGuideCard.tsx:9:1
Module not found: Can't resolve 'lucide-react/dist/esm/icons/link2'
[0m [90m  7 |[39m [36mimport[39m { [33mButton[39m } [36mfrom[39m [32m"@/components/ui/button"[39m[33m;[39m
 [90m  8 |[39m [36mimport[39m [33mClipboardList[39m [36mfrom[39m [32m'lucide-react/dist/esm/icons/clipboard-list'[39m[33m;[39m
[31m[1m>[22m[39m[90m  9 |[39m [36mimport[39m [33mLink2[39m [36mfrom[39m [32m'lucide-react/dist/esm/icons/link2'[39m[33m;[39m
 [90m    |[39m [31m[1m^[22m[39m[31m[1m^[22m[39m[31m[1m^[22m[39m[31m[1m^[22m[39m[31m[1m^[22m[39m[31m[1m^[22m[39m[31m[1m^[22m[39m[31m[1m^[22m[39m[31m[1m^[22m[39m[31m[1m^[22m[39m[31m[1m^[22m[39m[31m[1m^[22m[39m[31m[1m^[22m[39m[31m[1m^[22m[39m[31m[1m^[22m[39m[31m[1m^[22m[39m[31m[1m^[22m[39m[31m[1m^[22m[39m[31m[1m^[22m[39m[31m[1m^[22m[39m[31m[1m^[22m[39m[31m[1m^[22m[39m[31m[1m^[22m[39m[31m[1m^[22m[39m[31m[1m^[22m[39m[31m[1m^[22m[39m[31m[1m^[22m[39m[31m[1m^[22m[39m[31m[1m^[22m[39m[31m[1m^[22m[39m[31m[1m^[22m[39m[31m[1m^[22m[39m[31m[1m^[22m[39m[31m[1m^[22m[39m[31m[1m^[22m[39m[31m[1m^[22m[39m[31m[1m^[22m[39m[31m[1m^[22m[39m[31m[1m^[22m[39m[31m[1m^[22m[39m[31m[1m^[22m[39m[31m[1m^[22m[39m[31m[1m^[22m[39m[31m[1m^[22m[39m[31m[1m^[22m[39m[31m[1m^[22m[39m[31m[1m^[22m[39m[31m[1m^[22m[39m[31m[1m^[22m[39m[31m[1m^[22m[39m[31m[1m^[22m[39m[31m[1m^[22m[39m[31m[1m^[22m[39m[31m[1m^[22m[39m
 [90m 10 |[39m [36mimport[39m [33mWebhook[39m [36mfrom[39m [32m'lucide-react/dist/esm/icons/webhook'[39m[33m;[39m
 [90m 11 |[39m [36mimport[39m [33mCheck[39m [36mfrom[39m [32m'lucide-react/dist/esm/icons/check'[39m[33m;[39m
 [90m 12 |[39m [36mimport[39m [33mCopy[39m [36mfrom[39m [32m'lucide-react/dist/esm/icons/copy'[39m[33m;[39m[0m



Import traces:
  Client Component Browser:
    ./src/components/CRMIntegrationGuideCard.tsx [Client Component Browser]
    ./src/components/IntegrationTab.tsx [Client Component Browser]
    ./src/components/IntegrationTab.tsx [Server Component]
    ./src/app/dashboard/page.tsx [Server Component]

  Client Component SSR:
    ./src/components/CRMIntegrationGuideCard.tsx [Client Component SSR]
    ./src/components/IntegrationTab.tsx [Client Component SSR]
    ./src/components/IntegrationTab.tsx [Server Component]
    ./src/app/dashboard/page.tsx [Server Component]

https://nextjs.org/docs/messages/module-not-found


./src/components/CRMIntegrationGuideCard.tsx:8:1
Module not found: Can't resolve 'lucide-react/dist/esm/icons/link2'
[0m [90m  6 |[39m [36mimport[39m { [33mButton[39m } [36mfrom[39m [32m"@/components/ui/button"[39m[33m;[39m
 [90m  7 |[39m [36mimport[39m [33mClipboardList[39m [36mfrom[39m [32m'lucide-react/dist/esm/icons/clipboard-list'[39m[33m;[39m
[31m[1m>[22m[39m[90m  8 |[39m [36mimport[39m [33mLink2[39m [36mfrom[39m [32m'lucide-react/dist/esm/icons/link2'[39m[33m;[39m
 [90m    |[39m [31m[1m^[22m[39m[31m[1m^[22m[39m[31m[1m^[22m[39m[31m[1m^[22m[39m[31m[1m^[22m[39m[31m[1m^[22m[39m[31m[1m^[22m[39m[31m[1m^[22m[39m[31m[1m^[22m[39m[31m[1m^[22m[39m[31m[1m^[22m[39m[31m[1m^[22m[39m[31m[1m^[22m[39m[31m[1m^[22m[39m[31m[1m^[22m[39m[31m[1m^[22m[39m[31m[1m^[22m[39m[31m[1m^[22m[39m[31m[1m^[22m[39m[31m[1m^[22m[39m[31m[1m^[22m[39m[31m[1m^[22m[39m[31m[1m^[22m[39m[31m[1m^[22m[39m[31m[1m^[22m[39m[31m[1m^[22m[39m[31m[1m^[22m[39m[31m[1m^[22m[39m[31m[1m^[22m[39m[31m[1m^[22m[39m[31m[1m^[22m[39m[31m[1m^[22m[39m[31m[1m^[22m[39m[31m[1m^[22m[39m[31m[1m^[22m[39m[31m[1m^[22m[39m[31m[1m^[22m[39m[31m[1m^[22m[39m[31m[1m^[22m[39m[31m[1m^[22m[39m[31m[1m^[22m[39m[31m[1m^[22m[39m[31m[1m^[22m[39m[31m[1m^[22m[39m[31m[1m^[22m[39m[31m[1m^[22m[39m[31m[1m^[22m[39m[31m[1m^[22m[39m[31m[1m^[22m[39m[31m[1m^[22m[39m[31m[1m^[22m[39m[31m[1m^[22m[39m[31m[1m^[22m[39m[31m[1m^[22m[39m
 [90m  9 |[39m [36mimport[39m [33mWebhook[39m [36mfrom[39m [32m'lucide-react/dist/esm/icons/webhook'[39m[33m;[39m
 [90m 10 |[39m [36mimport[39m [33mCheck[39m [36mfrom[39m [32m'lucide-react/dist/esm/icons/check'[39m[33m;[39m
 [90m 11 |[39m [36mimport[39m [33mCopy[39m [36mfrom[39m [32m'lucide-react/dist/esm/icons/copy'[39m[33m;[39m[33m;[39m[0m



Import traces:
  Client Component Browser:
    ./src/components/CRMIntegrationGuideCard.tsx [Client Component Browser]
    ./src/components/IntegrationTab.tsx [Client Component Browser]
    ./src/components/IntegrationTab.tsx [Server Component]
    ./src/app/dashboard/page.tsx [Server Component]

  Client Component SSR:
    ./src/components/CRMIntegrationGuideCard.tsx [Client Component SSR]
    ./src/components/IntegrationTab.tsx [Client Component SSR]
    ./src/components/IntegrationTab.tsx [Server Component]
    ./src/app/dashboard/page.tsx [Server Component]

https://nextjs.org/docs/messages/module-not-found


./src/components/DashboardExplainerDialog.tsx:8:1
Module not found: Can't resolve 'lucide-react/dist/esm/icons/link2'
[0m [90m  6 |[39m [36mimport[39m { [33mDialog[39m[33m,[39m [33mDialogContent[39m[33m,[39m [33mDialogDescription[39m[33m,[39m [33mDialogHeader[39m[33m,[39m [33mDialogTitle[39m } [36mfrom[39m [32m"@/components/ui/dialog"[39m[33m;[39m
 [90m  7 |[39m [36mimport[39m [33mInfo[39m [36mfrom[39m [32m'lucide-react/dist/esm/icons/info'[39m[33m;[39m
[31m[1m>[22m[39m[90m  8 |[39m [36mimport[39m [33mLink2[39m [36mfrom[39m [32m'lucide-react/dist/esm/icons/link2'[39m[33m;[39m
 [90m    |[39m [31m[1m^[22m[39m[31m[1m^[22m[39m[31m[1m^[22m[39m[31m[1m^[22m[39m[31m[1m^[22m[39m[31m[1m^[22m[39m[31m[1m^[22m[39m[31m[1m^[22m[39m[31m[1m^[22m[39m[31m[1m^[22m[39m[31m[1m^[22m[39m[31m[1m^[22m[39m[31m[1m^[22m[39m[31m[1m^[22m[39m[31m[1m^[22m[39m[31m[1m^[22m[39m[31m[1m^[22m[39m[31m[1m^[22m[39m[31m[1m^[22m[39m[31m[1m^[22m[39m[31m[1m^[22m[39m[31m[1m^[22m[39m[31m[1m^[22m[39m[31m[1m^[22m[39m[31m[1m^[22m[39m[31m[1m^[22m[39m[31m[1m^[22m[39m[31m[1m^[22m[39m[31m[1m^[22m[39m[31m[1m^[22m[39m[31m[1m^[22m[39m[31m[1m^[22m[39m[31m[1m^[22m[39m[31m[1m^[22m[39m[31m[1m^[22m[39m[31m[1m^[22m[39m[31m[1m^[22m[39m[31m[1m^[22m[39m[31m[1m^[22m[39m[31m[1m^[22m[39m[31m[1m^[22m[39m[31m[1m^[22m[39m[31m[1m^[22m[39m[31m[1m^[22m[39m[31m[1m^[22m[39m[31m[1m^[22m[39m[31m[1m^[22m[39m[31m[1m^[22m[39m[31m[1m^[22m[39m[31m[1m^[22m[39m[31m[1m^[22m[39m[31m[1m^[22m[39m[31m[1m^[22m[39m[31m[1m^[22m[39m
 [90m  9 |[39m [36mimport[39m [33mShare2[39m [36mfrom[39m [32m'lucide-react/dist/esm/icons/share2'[39m[33m;[39m
 [90m 10 |[39m [36mimport[39m [33mRocket[39m [36mfrom[39m [32m'lucide-react/dist/esm/icons/rocket'[39m[33m;[39m
 [90m 11 |[39m [36mimport[39m [33mUsers[39m [36mfrom[39m [32m'lucide-react/dist/esm/icons/users'[39m[33m;[39m[0m



Import traces:
  Client Component Browser:
    ./src/components/DashboardExplainerDialog.tsx [Client Component Browser]
    ./src/app/dashboard/components/DashboardHeader.tsx [Client Component Browser]
    ./src/app/dashboard/components/DashboardHeader.tsx [Server Component]
    ./src/app/dashboard/page.tsx [Server Component]

  Client Component SSR:
    ./src/components/DashboardExplainerDialog.tsx [Client Component SSR]
    ./src/app/dashboard/components/DashboardHeader.tsx [Client Component SSR]
    ./src/app/dashboard/components/DashboardHeader.tsx [Server Component]
    ./src/app/dashboard/page.tsx [Server Component]

https://nextjs.org/docs/messages/module-not-found


./src/components/DashboardExplainerDialog.tsx:13:1
Module not found: Can't resolve 'lucide-react/dist/esm/icons/link2'
[0m [90m 11 |[39m } [36mfrom[39m [32m"@/components/ui/dialog"[39m[33m;[39m
 [90m 12 |[39m [36mimport[39m [33mInfo[39m [36mfrom[39m [32m'lucide-react/dist/esm/icons/info'[39m[33m;[39m
[31m[1m>[22m[39m[90m 13 |[39m [36mimport[39m [33mLink2[39m [36mfrom[39m [32m'lucide-react/dist/esm/icons/link2'[39m[33m;[39m
 [90m    |[39m [31m[1m^[22m[39m[31m[1m^[22m[39m[31m[1m^[22m[39m[31m[1m^[22m[39m[31m[1m^[22m[39m[31m[1m^[22m[39m[31m[1m^[22m[39m[31m[1m^[22m[39m[31m[1m^[22m[39m[31m[1m^[22m[39m[31m[1m^[22m[39m[31m[1m^[22m[39m[31m[1m^[22m[39m[31m[1m^[22m[39m[31m[1m^[22m[39m[31m[1m^[22m[39m[31m[1m^[22m[39m[31m[1m^[22m[39m[31m[1m^[22m[39m[31m[1m^[22m[39m[31m[1m^[22m[39m[31m[1m^[22m[39m[31m[1m^[22m[39m[31m[1m^[22m[39m[31m[1m^[22m[39m[31m[1m^[22m[39m[31m[1m^[22m[39m[31m[1m^[22m[39m[31m[1m^[22m[39m[31m[1m^[22m[39m[31m[1m^[22m[39m[31m[1m^[22m[39m[31m[1m^[22m[39m[31m[1m^[22m[39m[31m[1m^[22m[39m[31m[1m^[22m[39m[31m[1m^[22m[39m[31m[1m^[22m[39m[31m[1m^[22m[39m[31m[1m^[22m[39m[31m[1m^[22m[39m[31m[1m^[22m[39m[31m[1m^[22m[39m[31m[1m^[22m[39m[31m[1m^[22m[39m[31m[1m^[22m[39m[31m[1m^[22m[39m[31m[1m^[22m[39m[31m[1m^[22m[39m[31m[1m^[22m[39m[31m[1m^[22m[39m[31m[1m^[22m[39m[31m[1m^[22m[39m[31m[1m^[22m[39m
 [90m 14 |[39m [36mimport[39m [33mShare2[39m [36mfrom[39m [32m'lucide-react/dist/esm/icons/share2'[39m[33m;[39m
 [90m 15 |[39m [36mimport[39m [33mRocket[39m [36mfrom[39m [32m'lucide-react/dist/esm/icons/rocket'[39m[33m;[39m
 [90m 16 |[39m [36mimport[39m [33mUsers[39m [36mfrom[39m [32m'lucide-react/dist/esm/icons/users'[39m[33m;[39m[0m



Import traces:
  Client Component Browser:
    ./src/components/DashboardExplainerDialog.tsx [Client Component Browser]
    ./src/app/dashboard/components/DashboardHeader.tsx [Client Component Browser]
    ./src/app/dashboard/components/DashboardHeader.tsx [Server Component]
    ./src/app/dashboard/page.tsx [Server Component]

  Client Component SSR:
    ./src/components/DashboardExplainerDialog.tsx [Client Component SSR]
    ./src/app/dashboard/components/DashboardHeader.tsx [Client Component SSR]
    ./src/app/dashboard/components/DashboardHeader.tsx [Server Component]
    ./src/app/dashboard/page.tsx [Server Component]

https://nextjs.org/docs/messages/module-not-found


./src/components/ImplementationGuideDialog.tsx:8:1
Module not found: Can't resolve 'lucide-react/dist/esm/icons/link2'
[0m [90m  6 |[39m [36mimport[39m { [33mButton[39m } [36mfrom[39m [32m"@/components/ui/button"[39m[33m;[39m
 [90m  7 |[39m [36mimport[39m [33mHelpCircle[39m [36mfrom[39m [32m'lucide-react/dist/esm/icons/help-circle'[39m[33m;[39m
[31m[1m>[22m[39m[90m  8 |[39m [36mimport[39m [33mLink2[39m [36mfrom[39m [32m'lucide-react/dist/esm/icons/link2'[39m[33m;[39m
 [90m    |[39m [31m[1m^[22m[39m[31m[1m^[22m[39m[31m[1m^[22m[39m[31m[1m^[22m[39m[31m[1m^[22m[39m[31m[1m^[22m[39m[31m[1m^[22m[39m[31m[1m^[22m[39m[31m[1m^[22m[39m[31m[1m^[22m[39m[31m[1m^[22m[39m[31m[1m^[22m[39m[31m[1m^[22m[39m[31m[1m^[22m[39m[31m[1m^[22m[39m[31m[1m^[22m[39m[31m[1m^[22m[39m[31m[1m^[22m[39m[31m[1m^[22m[39m[31m[1m^[22m[39m[31m[1m^[22m[39m[31m[1m^[22m[39m[31m[1m^[22m[39m[31m[1m^[22m[39m[31m[1m^[22m[39m[31m[1m^[22m[39m[31m[1m^[22m[39m[31m[1m^[22m[39m[31m[1m^[22m[39m[31m[1m^[22m[39m[31m[1m^[22m[39m[31m[1m^[22m[39m[31m[1m^[22m[39m[31m[1m^[22m[39m[31m[1m^[22m[39m[31m[1m^[22m[39m[31m[1m^[22m[39m[31m[1m^[22m[39m[31m[1m^[22m[39m[31m[1m^[22m[39m[31m[1m^[22m[39m[31m[1m^[22m[39m[31m[1m^[22m[39m[31m[1m^[22m[39m[31m[1m^[22m[39m[31m[1m^[22m[39m[31m[1m^[22m[39m[31m[1m^[22m[39m[31m[1m^[22m[39m[31m[1m^[22m[39m[31m[1m^[22m[39m[31m[1m^[22m[39m[31m[1m^[22m[39m[31m[1m^[22m[39m
 [90m  9 |[39m [36mimport[39m [33mShieldCheck[39m [36mfrom[39m [32m'lucide-react/dist/esm/icons/shield-check'[39m[33m;[39m
 [90m 10 |[39m [36mimport[39m [33mClipboardList[39m [36mfrom[39m [32m'lucide-react/dist/esm/icons/clipboard-list'[39m[33m;[39m
 [90m 11 |[39m [33m;[39m[0m



Import trace:
  Server Component:
    ./src/components/ImplementationGuideDialog.tsx
    ./src/components/dashboard/steps/Step2Content.tsx
    ./src/app/dashboard/page.tsx

https://nextjs.org/docs/messages/module-not-found


./src/components/ImplementationGuideDialog.tsx:14:1
Module not found: Can't resolve 'lucide-react/dist/esm/icons/link2'
[0m [90m 12 |[39m [36mimport[39m { [33mButton[39m } [36mfrom[39m [32m"@/components/ui/button"[39m[33m;[39m
 [90m 13 |[39m [36mimport[39m [33mHelpCircle[39m [36mfrom[39m [32m'lucide-react/dist/esm/icons/help-circle'[39m[33m;[39m
[31m[1m>[22m[39m[90m 14 |[39m [36mimport[39m [33mLink2[39m [36mfrom[39m [32m'lucide-react/dist/esm/icons/link2'[39m[33m;[39m
 [90m    |[39m [31m[1m^[22m[39m[31m[1m^[22m[39m[31m[1m^[22m[39m[31m[1m^[22m[39m[31m[1m^[22m[39m[31m[1m^[22m[39m[31m[1m^[22m[39m[31m[1m^[22m[39m[31m[1m^[22m[39m[31m[1m^[22m[39m[31m[1m^[22m[39m[31m[1m^[22m[39m[31m[1m^[22m[39m[31m[1m^[22m[39m[31m[1m^[22m[39m[31m[1m^[22m[39m[31m[1m^[22m[39m[31m[1m^[22m[39m[31m[1m^[22m[39m[31m[1m^[22m[39m[31m[1m^[22m[39m[31m[1m^[22m[39m[31m[1m^[22m[39m[31m[1m^[22m[39m[31m[1m^[22m[39m[31m[1m^[22m[39m[31m[1m^[22m[39m[31m[1m^[22m[39m[31m[1m^[22m[39m[31m[1m^[22m[39m[31m[1m^[22m[39m[31m[1m^[22m[39m[31m[1m^[22m[39m[31m[1m^[22m[39m[31m[1m^[22m[39m[31m[1m^[22m[39m[31m[1m^[22m[39m[31m[1m^[22m[39m[31m[1m^[22m[39m[31m[1m^[22m[39m[31m[1m^[22m[39m[31m[1m^[22m[39m[31m[1m^[22m[39m[31m[1m^[22m[39m[31m[1m^[22m[39m[31m[1m^[22m[39m[31m[1m^[22m[39m[31m[1m^[22m[39m[31m[1m^[22m[39m[31m[1m^[22m[39m[31m[1m^[22m[39m[31m[1m^[22m[39m[31m[1m^[22m[39m[31m[1m^[22m[39m
 [90m 15 |[39m [36mimport[39m [33mShieldCheck[39m [36mfrom[39m [32m'lucide-react/dist/esm/icons/shield-check'[39m[33m;[39m
 [90m 16 |[39m [36mimport[39m [33mClipboardList[39m [36mfrom[39m [32m'lucide-react/dist/esm/icons/clipboard-list'[39m[33m;[39m[33m;[39m
 [90m 17 |[39m[0m



Import trace:
  Server Component:
    ./src/components/ImplementationGuideDialog.tsx
    ./src/components/dashboard/steps/Step2Content.tsx
    ./src/app/dashboard/page.tsx

https://nextjs.org/docs/messages/module-not-found


./src/components/BulkActionDialog.tsx:14:1
Module not found: Can't resolve 'lucide-react/dist/esm/icons/loader2'
[0m [90m 12 |[39m [36mimport[39m { [33mButton[39m } [36mfrom[39m [32m"@/components/ui/button"[39m[33m;[39m
 [90m 13 |[39m [36mimport[39m [33mAlertTriangle[39m [36mfrom[39m [32m'lucide-react/dist/esm/icons/alert-triangle'[39m[33m;[39m
[31m[1m>[22m[39m[90m 14 |[39m [36mimport[39m [33mLoader2[39m [36mfrom[39m [32m'lucide-react/dist/esm/icons/loader2'[39m[33m;[39m[33m;[39m
 [90m    |[39m [31m[1m^[22m[39m[31m[1m^[22m[39m[31m[1m^[22m[39m[31m[1m^[22m[39m[31m[1m^[22m[39m[31m[1m^[22m[39m[31m[1m^[22m[39m[31m[1m^[22m[39m[31m[1m^[22m[39m[31m[1m^[22m[39m[31m[1m^[22m[39m[31m[1m^[22m[39m[31m[1m^[22m[39m[31m[1m^[22m[39m[31m[1m^[22m[39m[31m[1m^[22m[39m[31m[1m^[22m[39m[31m[1m^[22m[39m[31m[1m^[22m[39m[31m[1m^[22m[39m[31m[1m^[22m[39m[31m[1m^[22m[39m[31m[1m^[22m[39m[31m[1m^[22m[39m[31m[1m^[22m[39m[31m[1m^[22m[39m[31m[1m^[22m[39m[31m[1m^[22m[39m[31m[1m^[22m[39m[31m[1m^[22m[39m[31m[1m^[22m[39m[31m[1m^[22m[39m[31m[1m^[22m[39m[31m[1m^[22m[39m[31m[1m^[22m[39m[31m[1m^[22m[39m[31m[1m^[22m[39m[31m[1m^[22m[39m[31m[1m^[22m[39m[31m[1m^[22m[39m[31m[1m^[22m[39m[31m[1m^[22m[39m[31m[1m^[22m[39m[31m[1m^[22m[39m[31m[1m^[22m[39m[31m[1m^[22m[39m[31m[1m^[22m[39m[31m[1m^[22m[39m[31m[1m^[22m[39m[31m[1m^[22m[39m[31m[1m^[22m[39m[31m[1m^[22m[39m[31m[1m^[22m[39m[31m[1m^[22m[39m[31m[1m^[22m[39m[31m[1m^[22m[39m[31m[1m^[22m[39m[31m[1m^[22m[39m
 [90m 15 |[39m
 [90m 16 |[39m type [33mBulkActionDialogProps[39m [33m=[39m {
 [90m 17 |[39m   open[33m:[39m boolean[33m;[39m[0m



Import traces:
  Client Component Browser:
    ./src/components/BulkActionDialog.tsx [Client Component Browser]
    ./src/components/ReferralsTable.tsx [Client Component Browser]
    ./src/components/ReferralsTable.tsx [Server Component]
    ./src/app/dashboard/page.tsx [Server Component]

  Client Component SSR:
    ./src/components/BulkActionDialog.tsx [Client Component SSR]
    ./src/components/ReferralsTable.tsx [Client Component SSR]
    ./src/components/ReferralsTable.tsx [Server Component]
    ./src/app/dashboard/page.tsx [Server Component]

https://nextjs.org/docs/messages/module-not-found


./src/components/BulkActionDialog.tsx:7:1
Module not found: Can't resolve 'lucide-react/dist/esm/icons/loader2'
[0m [90m  5 |[39m [36mimport[39m { [33mButton[39m } [36mfrom[39m [32m"@/components/ui/button"[39m[33m;[39m
 [90m  6 |[39m [36mimport[39m [33mAlertTriangle[39m [36mfrom[39m [32m'lucide-react/dist/esm/icons/alert-triangle'[39m[33m;[39m
[31m[1m>[22m[39m[90m  7 |[39m [36mimport[39m [33mLoader2[39m [36mfrom[39m [32m'lucide-react/dist/esm/icons/loader2'[39m[33m;[39m
 [90m    |[39m [31m[1m^[22m[39m[31m[1m^[22m[39m[31m[1m^[22m[39m[31m[1m^[22m[39m[31m[1m^[22m[39m[31m[1m^[22m[39m[31m[1m^[22m[39m[31m[1m^[22m[39m[31m[1m^[22m[39m[31m[1m^[22m[39m[31m[1m^[22m[39m[31m[1m^[22m[39m[31m[1m^[22m[39m[31m[1m^[22m[39m[31m[1m^[22m[39m[31m[1m^[22m[39m[31m[1m^[22m[39m[31m[1m^[22m[39m[31m[1m^[22m[39m[31m[1m^[22m[39m[31m[1m^[22m[39m[31m[1m^[22m[39m[31m[1m^[22m[39m[31m[1m^[22m[39m[31m[1m^[22m[39m[31m[1m^[22m[39m[31m[1m^[22m[39m[31m[1m^[22m[39m[31m[1m^[22m[39m[31m[1m^[22m[39m[31m[1m^[22m[39m[31m[1m^[22m[39m[31m[1m^[22m[39m[31m[1m^[22m[39m[31m[1m^[22m[39m[31m[1m^[22m[39m[31m[1m^[22m[39m[31m[1m^[22m[39m[31m[1m^[22m[39m[31m[1m^[22m[39m[31m[1m^[22m[39m[31m[1m^[22m[39m[31m[1m^[22m[39m[31m[1m^[22m[39m[31m[1m^[22m[39m[31m[1m^[22m[39m[31m[1m^[22m[39m[31m[1m^[22m[39m[31m[1m^[22m[39m[31m[1m^[22m[39m[31m[1m^[22m[39m[31m[1m^[22m[39m[31m[1m^[22m[39m[31m[1m^[22m[39m[31m[1m^[22m[39m[31m[1m^[22m[39m[31m[1m^[22m[39m[31m[1m^[22m[39m
 [90m  8 |[39m [33m;[39m
 [90m  9 |[39m type [33mBulkActionDialogProps[39m [33m=[39m {
 [90m 10 |[39m   open[33m:[39m boolean[33m;[39m[0m



Import traces:
  Client Component Browser:
    ./src/components/BulkActionDialog.tsx [Client Component Browser]
    ./src/components/ReferralsTable.tsx [Client Component Browser]
    ./src/components/ReferralsTable.tsx [Server Component]
    ./src/app/dashboard/page.tsx [Server Component]

  Client Component SSR:
    ./src/components/BulkActionDialog.tsx [Client Component SSR]
    ./src/components/ReferralsTable.tsx [Client Component SSR]
    ./src/components/ReferralsTable.tsx [Server Component]
    ./src/app/dashboard/page.tsx [Server Component]

https://nextjs.org/docs/messages/module-not-found


./src/components/CampaignBuilder.tsx:25:1
Module not found: Can't resolve 'lucide-react/dist/esm/icons/loader2'
[0m [90m 23 |[39m [36mimport[39m [33mCheckCircle[39m [36mfrom[39m [32m'lucide-react/dist/esm/icons/check-circle'[39m[33m;[39m
 [90m 24 |[39m [36mimport[39m [33mShare2[39m [36mfrom[39m [32m'lucide-react/dist/esm/icons/share2'[39m[33m;[39m
[31m[1m>[22m[39m[90m 25 |[39m [36mimport[39m [33mLoader2[39m [36mfrom[39m [32m'lucide-react/dist/esm/icons/loader2'[39m[33m;[39m[33m;[39m
 [90m    |[39m [31m[1m^[22m[39m[31m[1m^[22m[39m[31m[1m^[22m[39m[31m[1m^[22m[39m[31m[1m^[22m[39m[31m[1m^[22m[39m[31m[1m^[22m[39m[31m[1m^[22m[39m[31m[1m^[22m[39m[31m[1m^[22m[39m[31m[1m^[22m[39m[31m[1m^[22m[39m[31m[1m^[22m[39m[31m[1m^[22m[39m[31m[1m^[22m[39m[31m[1m^[22m[39m[31m[1m^[22m[39m[31m[1m^[22m[39m[31m[1m^[22m[39m[31m[1m^[22m[39m[31m[1m^[22m[39m[31m[1m^[22m[39m[31m[1m^[22m[39m[31m[1m^[22m[39m[31m[1m^[22m[39m[31m[1m^[22m[39m[31m[1m^[22m[39m[31m[1m^[22m[39m[31m[1m^[22m[39m[31m[1m^[22m[39m[31m[1m^[22m[39m[31m[1m^[22m[39m[31m[1m^[22m[39m[31m[1m^[22m[39m[31m[1m^[22m[39m[31m[1m^[22m[39m[31m[1m^[22m[39m[31m[1m^[22m[39m[31m[1m^[22m[39m[31m[1m^[22m[39m[31m[1m^[22m[39m[31m[1m^[22m[39m[31m[1m^[22m[39m[31m[1m^[22m[39m[31m[1m^[22m[39m[31m[1m^[22m[39m[31m[1m^[22m[39m[31m[1m^[22m[39m[31m[1m^[22m[39m[31m[1m^[22m[39m[31m[1m^[22m[39m[31m[1m^[22m[39m[31m[1m^[22m[39m[31m[1m^[22m[39m[31m[1m^[22m[39m[31m[1m^[22m[39m[31m[1m^[22m[39m[31m[1m^[22m[39m
 [90m 26 |[39m [36mimport[39m { [33mDatabase[39m } [36mfrom[39m [32m"@/types/supabase"[39m[33m;[39m
 [90m 27 |[39m [36mimport[39m { campaignSchedulerEnabled } [36mfrom[39m [32m"@/lib/feature-flags"[39m[33m;[39m
 [90m 28 |[39m [36mimport[39m { [33mCampaignTemplateSelector[39m } [36mfrom[39m [32m"@/components/CampaignTemplateSelector"[39m[33m;[39m[0m



Import trace:
  Server Component:
    ./src/components/CampaignBuilder.tsx
    ./src/components/dashboard/steps/Step3Content.tsx
    ./src/app/dashboard/page.tsx

https://nextjs.org/docs/messages/module-not-found


./src/components/CampaignBuilder.tsx:19:1
Module not found: Can't resolve 'lucide-react/dist/esm/icons/loader2'
[0m [90m 17 |[39m [36mimport[39m [33mCheckCircle[39m [36mfrom[39m [32m'lucide-react/dist/esm/icons/check-circle'[39m[33m;[39m
 [90m 18 |[39m [36mimport[39m [33mShare2[39m [36mfrom[39m [32m'lucide-react/dist/esm/icons/share2'[39m[33m;[39m
[31m[1m>[22m[39m[90m 19 |[39m [36mimport[39m [33mLoader2[39m [36mfrom[39m [32m'lucide-react/dist/esm/icons/loader2'[39m[33m;[39m
 [90m    |[39m [31m[1m^[22m[39m[31m[1m^[22m[39m[31m[1m^[22m[39m[31m[1m^[22m[39m[31m[1m^[22m[39m[31m[1m^[22m[39m[31m[1m^[22m[39m[31m[1m^[22m[39m[31m[1m^[22m[39m[31m[1m^[22m[39m[31m[1m^[22m[39m[31m[1m^[22m[39m[31m[1m^[22m[39m[31m[1m^[22m[39m[31m[1m^[22m[39m[31m[1m^[22m[39m[31m[1m^[22m[39m[31m[1m^[22m[39m[31m[1m^[22m[39m[31m[1m^[22m[39m[31m[1m^[22m[39m[31m[1m^[22m[39m[31m[1m^[22m[39m[31m[1m^[22m[39m[31m[1m^[22m[39m[31m[1m^[22m[39m[31m[1m^[22m[39m[31m[1m^[22m[39m[31m[1m^[22m[39m[31m[1m^[22m[39m[31m[1m^[22m[39m[31m[1m^[22m[39m[31m[1m^[22m[39m[31m[1m^[22m[39m[31m[1m^[22m[39m[31m[1m^[22m[39m[31m[1m^[22m[39m[31m[1m^[22m[39m[31m[1m^[22m[39m[31m[1m^[22m[39m[31m[1m^[22m[39m[31m[1m^[22m[39m[31m[1m^[22m[39m[31m[1m^[22m[39m[31m[1m^[22m[39m[31m[1m^[22m[39m[31m[1m^[22m[39m[31m[1m^[22m[39m[31m[1m^[22m[39m[31m[1m^[22m[39m[31m[1m^[22m[39m[31m[1m^[22m[39m[31m[1m^[22m[39m[31m[1m^[22m[39m[31m[1m^[22m[39m[31m[1m^[22m[39m[31m[1m^[22m[39m[31m[1m^[22m[39m
 [90m 20 |[39m [33m;[39m
 [90m 21 |[39m [36mimport[39m { [33mDatabase[39m } [36mfrom[39m [32m"@/types/supabase"[39m[33m;[39m
 [90m 22 |[39m [36mimport[39m { campaignSchedulerEnabled } [36mfrom[39m [32m"@/lib/feature-flags"[39m[33m;[39m[0m



Import trace:
  Server Component:
    ./src/components/CampaignBuilder.tsx
    ./src/components/dashboard/steps/Step3Content.tsx
    ./src/app/dashboard/page.tsx

https://nextjs.org/docs/messages/module-not-found


./src/components/CampaignEmailPreview.tsx:4:1
Module not found: Can't resolve 'lucide-react/dist/esm/icons/loader2'
[0m [90m 2 |[39m
 [90m 3 |[39m [36mimport[39m { useEffect[33m,[39m useMemo[33m,[39m useState } [36mfrom[39m [32m"react"[39m[33m;[39m
[31m[1m>[22m[39m[90m 4 |[39m [36mimport[39m [33mLoader2[39m [36mfrom[39m [32m'lucide-react/dist/esm/icons/loader2'[39m[33m;[39m
 [90m   |[39m [31m[1m^[22m[39m[31m[1m^[22m[39m[31m[1m^[22m[39m[31m[1m^[22m[39m[31m[1m^[22m[39m[31m[1m^[22m[39m[31m[1m^[22m[39m[31m[1m^[22m[39m[31m[1m^[22m[39m[31m[1m^[22m[39m[31m[1m^[22m[39m[31m[1m^[22m[39m[31m[1m^[22m[39m[31m[1m^[22m[39m[31m[1m^[22m[39m[31m[1m^[22m[39m[31m[1m^[22m[39m[31m[1m^[22m[39m[31m[1m^[22m[39m[31m[1m^[22m[39m[31m[1m^[22m[39m[31m[1m^[22m[39m[31m[1m^[22m[39m[31m[1m^[22m[39m[31m[1m^[22m[39m[31m[1m^[22m[39m[31m[1m^[22m[39m[31m[1m^[22m[39m[31m[1m^[22m[39m[31m[1m^[22m[39m[31m[1m^[22m[39m[31m[1m^[22m[39m[31m[1m^[22m[39m[31m[1m^[22m[39m[31m[1m^[22m[39m[31m[1m^[22m[39m[31m[1m^[22m[39m[31m[1m^[22m[39m[31m[1m^[22m[39m[31m[1m^[22m[39m[31m[1m^[22m[39m[31m[1m^[22m[39m[31m[1m^[22m[39m[31m[1m^[22m[39m[31m[1m^[22m[39m[31m[1m^[22m[39m[31m[1m^[22m[39m[31m[1m^[22m[39m[31m[1m^[22m[39m[31m[1m^[22m[39m[31m[1m^[22m[39m[31m[1m^[22m[39m[31m[1m^[22m[39m[31m[1m^[22m[39m[31m[1m^[22m[39m[31m[1m^[22m[39m[31m[1m^[22m[39m[31m[1m^[22m[39m
 [90m 5 |[39m [33m;[39m
 [90m 6 |[39m [36mimport[39m { buildCampaignEmail } [36mfrom[39m [32m"@/lib/campaign-email"[39m[33m;[39m
 [90m 7 |[39m [36mimport[39m { buildDefaultEmailBody } [36mfrom[39m [32m"@/lib/campaign-copy"[39m[33m;[39m[0m



Import traces:
  Client Component Browser:
    ./src/components/CampaignEmailPreview.tsx [Client Component Browser]
    ./src/components/CampaignBuilder.tsx [Client Component Browser]
    ./src/components/CampaignBuilder.tsx [Server Component]
    ./src/components/dashboard/steps/Step3Content.tsx [Server Component]
    ./src/app/dashboard/page.tsx [Server Component]

  Client Component SSR:
    ./src/components/CampaignEmailPreview.tsx [Client Component SSR]
    ./src/components/CampaignBuilder.tsx [Client Component SSR]
    ./src/components/CampaignBuilder.tsx [Server Component]
    ./src/components/dashboard/steps/Step3Content.tsx [Server Component]
    ./src/app/dashboard/page.tsx [Server Component]

https://nextjs.org/docs/messages/module-not-found


./src/components/CampaignEmailPreview.tsx:4:1
Module not found: Can't resolve 'lucide-react/dist/esm/icons/loader2'
[0m [90m 2 |[39m
 [90m 3 |[39m [36mimport[39m { useEffect[33m,[39m useMemo[33m,[39m useState } [36mfrom[39m [32m"react"[39m[33m;[39m
[31m[1m>[22m[39m[90m 4 |[39m [36mimport[39m [33mLoader2[39m [36mfrom[39m [32m'lucide-react/dist/esm/icons/loader2'[39m[33m;[39m[33m;[39m
 [90m   |[39m [31m[1m^[22m[39m[31m[1m^[22m[39m[31m[1m^[22m[39m[31m[1m^[22m[39m[31m[1m^[22m[39m[31m[1m^[22m[39m[31m[1m^[22m[39m[31m[1m^[22m[39m[31m[1m^[22m[39m[31m[1m^[22m[39m[31m[1m^[22m[39m[31m[1m^[22m[39m[31m[1m^[22m[39m[31m[1m^[22m[39m[31m[1m^[22m[39m[31m[1m^[22m[39m[31m[1m^[22m[39m[31m[1m^[22m[39m[31m[1m^[22m[39m[31m[1m^[22m[39m[31m[1m^[22m[39m[31m[1m^[22m[39m[31m[1m^[22m[39m[31m[1m^[22m[39m[31m[1m^[22m[39m[31m[1m^[22m[39m[31m[1m^[22m[39m[31m[1m^[22m[39m[31m[1m^[22m[39m[31m[1m^[22m[39m[31m[1m^[22m[39m[31m[1m^[22m[39m[31m[1m^[22m[39m[31m[1m^[22m[39m[31m[1m^[22m[39m[31m[1m^[22m[39m[31m[1m^[22m[39m[31m[1m^[22m[39m[31m[1m^[22m[39m[31m[1m^[22m[39m[31m[1m^[22m[39m[31m[1m^[22m[39m[31m[1m^[22m[39m[31m[1m^[22m[39m[31m[1m^[22m[39m[31m[1m^[22m[39m[31m[1m^[22m[39m[31m[1m^[22m[39m[31m[1m^[22m[39m[31m[1m^[22m[39m[31m[1m^[22m[39m[31m[1m^[22m[39m[31m[1m^[22m[39m[31m[1m^[22m[39m[31m[1m^[22m[39m[31m[1m^[22m[39m[31m[1m^[22m[39m[31m[1m^[22m[39m
 [90m 5 |[39m
 [90m 6 |[39m [36mimport[39m { buildCampaignEmail } [36mfrom[39m [32m"@/lib/campaign-email"[39m[33m;[39m
 [90m 7 |[39m [36mimport[39m { buildDefaultEmailBody } [36mfrom[39m [32m"@/lib/campaign-copy"[39m[33m;[39m[0m



Import traces:
  Client Component Browser:
    ./src/components/CampaignEmailPreview.tsx [Client Component Browser]
    ./src/components/CampaignBuilder.tsx [Client Component Browser]
    ./src/components/CampaignBuilder.tsx [Server Component]
    ./src/components/dashboard/steps/Step3Content.tsx [Server Component]
    ./src/app/dashboard/page.tsx [Server Component]

  Client Component SSR:
    ./src/components/CampaignEmailPreview.tsx [Client Component SSR]
    ./src/components/CampaignBuilder.tsx [Client Component SSR]
    ./src/components/CampaignBuilder.tsx [Server Component]
    ./src/components/dashboard/steps/Step3Content.tsx [Server Component]
    ./src/app/dashboard/page.tsx [Server Component]

https://nextjs.org/docs/messages/module-not-found


./src/components/CustomersTable.tsx:16:1
Module not found: Can't resolve 'lucide-react/dist/esm/icons/loader2'
[0m [90m 14 |[39m [36mimport[39m [33mCoins[39m [36mfrom[39m [32m'lucide-react/dist/esm/icons/coins'[39m[33m;[39m
 [90m 15 |[39m [36mimport[39m [33mDownload[39m [36mfrom[39m [32m'lucide-react/dist/esm/icons/download'[39m[33m;[39m
[31m[1m>[22m[39m[90m 16 |[39m [36mimport[39m [33mLoader2[39m [36mfrom[39m [32m'lucide-react/dist/esm/icons/loader2'[39m[33m;[39m
 [90m    |[39m [31m[1m^[22m[39m[31m[1m^[22m[39m[31m[1m^[22m[39m[31m[1m^[22m[39m[31m[1m^[22m[39m[31m[1m^[22m[39m[31m[1m^[22m[39m[31m[1m^[22m[39m[31m[1m^[22m[39m[31m[1m^[22m[39m[31m[1m^[22m[39m[31m[1m^[22m[39m[31m[1m^[22m[39m[31m[1m^[22m[39m[31m[1m^[22m[39m[31m[1m^[22m[39m[31m[1m^[22m[39m[31m[1m^[22m[39m[31m[1m^[22m[39m[31m[1m^[22m[39m[31m[1m^[22m[39m[31m[1m^[22m[39m[31m[1m^[22m[39m[31m[1m^[22m[39m[31m[1m^[22m[39m[31m[1m^[22m[39m[31m[1m^[22m[39m[31m[1m^[22m[39m[31m[1m^[22m[39m[31m[1m^[22m[39m[31m[1m^[22m[39m[31m[1m^[22m[39m[31m[1m^[22m[39m[31m[1m^[22m[39m[31m[1m^[22m[39m[31m[1m^[22m[39m[31m[1m^[22m[39m[31m[1m^[22m[39m[31m[1m^[22m[39m[31m[1m^[22m[39m[31m[1m^[22m[39m[31m[1m^[22m[39m[31m[1m^[22m[39m[31m[1m^[22m[39m[31m[1m^[22m[39m[31m[1m^[22m[39m[31m[1m^[22m[39m[31m[1m^[22m[39m[31m[1m^[22m[39m[31m[1m^[22m[39m[31m[1m^[22m[39m[31m[1m^[22m[39m[31m[1m^[22m[39m[31m[1m^[22m[39m[31m[1m^[22m[39m[31m[1m^[22m[39m[31m[1m^[22m[39m[31m[1m^[22m[39m
 [90m 17 |[39m [36mimport[39m [33mUsers[39m [36mfrom[39m [32m'lucide-react/dist/esm/icons/users'[39m[33m;[39m
 [90m 18 |[39m [36mimport[39m [33mUpload[39m [36mfrom[39m [32m'lucide-react/dist/esm/icons/upload'[39m[33m;[39m
 [90m 19 |[39m [36mimport[39m [33mUserPlus[39m [36mfrom[39m [32m'lucide-react/dist/esm/icons/user-plus'[39m[33m;[39m[0m



Import trace:
  Server Component:
    ./src/components/CustomersTable.tsx
    ./src/components/dashboard/steps/Step2Content.tsx
    ./src/app/dashboard/page.tsx

https://nextjs.org/docs/messages/module-not-found


./src/components/CustomersTable.tsx:23:1
Module not found: Can't resolve 'lucide-react/dist/esm/icons/loader2'
[0m [90m 21 |[39m [36mimport[39m [33mCoins[39m [36mfrom[39m [32m'lucide-react/dist/esm/icons/coins'[39m[33m;[39m
 [90m 22 |[39m [36mimport[39m [33mDownload[39m [36mfrom[39m [32m'lucide-react/dist/esm/icons/download'[39m[33m;[39m
[31m[1m>[22m[39m[90m 23 |[39m [36mimport[39m [33mLoader2[39m [36mfrom[39m [32m'lucide-react/dist/esm/icons/loader2'[39m[33m;[39m
 [90m    |[39m [31m[1m^[22m[39m[31m[1m^[22m[39m[31m[1m^[22m[39m[31m[1m^[22m[39m[31m[1m^[22m[39m[31m[1m^[22m[39m[31m[1m^[22m[39m[31m[1m^[22m[39m[31m[1m^[22m[39m[31m[1m^[22m[39m[31m[1m^[22m[39m[31m[1m^[22m[39m[31m[1m^[22m[39m[31m[1m^[22m[39m[31m[1m^[22m[39m[31m[1m^[22m[39m[31m[1m^[22m[39m[31m[1m^[22m[39m[31m[1m^[22m[39m[31m[1m^[22m[39m[31m[1m^[22m[39m[31m[1m^[22m[39m[31m[1m^[22m[39m[31m[1m^[22m[39m[31m[1m^[22m[39m[31m[1m^[22m[39m[31m[1m^[22m[39m[31m[1m^[22m[39m[31m[1m^[22m[39m[31m[1m^[22m[39m[31m[1m^[22m[39m[31m[1m^[22m[39m[31m[1m^[22m[39m[31m[1m^[22m[39m[31m[1m^[22m[39m[31m[1m^[22m[39m[31m[1m^[22m[39m[31m[1m^[22m[39m[31m[1m^[22m[39m[31m[1m^[22m[39m[31m[1m^[22m[39m[31m[1m^[22m[39m[31m[1m^[22m[39m[31m[1m^[22m[39m[31m[1m^[22m[39m[31m[1m^[22m[39m[31m[1m^[22m[39m[31m[1m^[22m[39m[31m[1m^[22m[39m[31m[1m^[22m[39m[31m[1m^[22m[39m[31m[1m^[22m[39m[31m[1m^[22m[39m[31m[1m^[22m[39m[31m[1m^[22m[39m[31m[1m^[22m[39m[31m[1m^[22m[39m[31m[1m^[22m[39m
 [90m 24 |[39m [36mimport[39m [33mUsers[39m [36mfrom[39m [32m'lucide-react/dist/esm/icons/users'[39m[33m;[39m
 [90m 25 |[39m [36mimport[39m [33mUpload[39m [36mfrom[39m [32m'lucide-react/dist/esm/icons/upload'[39m[33m;[39m
 [90m 26 |[39m [36mimport[39m [33mUserPlus[39m [36mfrom[39m [32m'lucide-react/dist/esm/icons/user-plus'[39m[33m;[39m[0m



Import trace:
  Server Component:
    ./src/components/CustomersTable.tsx
    ./src/components/dashboard/steps/Step2Content.tsx
    ./src/app/dashboard/page.tsx

https://nextjs.org/docs/messages/module-not-found


./src/components/QuickAddCustomerForm.tsx:6:1
Module not found: Can't resolve 'lucide-react/dist/esm/icons/loader2'
[0m [90m 4 |[39m [36mimport[39m { useRouter } [36mfrom[39m [32m"next/navigation"[39m[33m;[39m
 [90m 5 |[39m [36mimport[39m [33mPlus[39m [36mfrom[39m [32m'lucide-react/dist/esm/icons/plus'[39m[33m;[39m
[31m[1m>[22m[39m[90m 6 |[39m [36mimport[39m [33mLoader2[39m [36mfrom[39m [32m'lucide-react/dist/esm/icons/loader2'[39m[33m;[39m
 [90m   |[39m [31m[1m^[22m[39m[31m[1m^[22m[39m[31m[1m^[22m[39m[31m[1m^[22m[39m[31m[1m^[22m[39m[31m[1m^[22m[39m[31m[1m^[22m[39m[31m[1m^[22m[39m[31m[1m^[22m[39m[31m[1m^[22m[39m[31m[1m^[22m[39m[31m[1m^[22m[39m[31m[1m^[22m[39m[31m[1m^[22m[39m[31m[1m^[22m[39m[31m[1m^[22m[39m[31m[1m^[22m[39m[31m[1m^[22m[39m[31m[1m^[22m[39m[31m[1m^[22m[39m[31m[1m^[22m[39m[31m[1m^[22m[39m[31m[1m^[22m[39m[31m[1m^[22m[39m[31m[1m^[22m[39m[31m[1m^[22m[39m[31m[1m^[22m[39m[31m[1m^[22m[39m[31m[1m^[22m[39m[31m[1m^[22m[39m[31m[1m^[22m[39m[31m[1m^[22m[39m[31m[1m^[22m[39m[31m[1m^[22m[39m[31m[1m^[22m[39m[31m[1m^[22m[39m[31m[1m^[22m[39m[31m[1m^[22m[39m[31m[1m^[22m[39m[31m[1m^[22m[39m[31m[1m^[22m[39m[31m[1m^[22m[39m[31m[1m^[22m[39m[31m[1m^[22m[39m[31m[1m^[22m[39m[31m[1m^[22m[39m[31m[1m^[22m[39m[31m[1m^[22m[39m[31m[1m^[22m[39m[31m[1m^[22m[39m[31m[1m^[22m[39m[31m[1m^[22m[39m[31m[1m^[22m[39m[31m[1m^[22m[39m[31m[1m^[22m[39m[31m[1m^[22m[39m[31m[1m^[22m[39m[31m[1m^[22m[39m
 [90m 7 |[39m [33m;[39m
 [90m 8 |[39m [36mimport[39m { [33mInput[39m } [36mfrom[39m [32m"@/components/ui/input"[39m[33m;[39m
 [90m 9 |[39m [36mimport[39m { [33mButton[39m } [36mfrom[39m [32m"@/components/ui/button"[39m[33m;[39m[0m



Import trace:
  Server Component:
    ./src/components/QuickAddCustomerForm.tsx
    ./src/components/dashboard/steps/Step2Content.tsx
    ./src/app/dashboard/page.tsx

https://nextjs.org/docs/messages/module-not-found


./src/components/QuickAddCustomerForm.tsx:6:1
Module not found: Can't resolve 'lucide-react/dist/esm/icons/loader2'
[0m [90m 4 |[39m [36mimport[39m { useRouter } [36mfrom[39m [32m"next/navigation"[39m[33m;[39m
 [90m 5 |[39m [36mimport[39m [33mPlus[39m [36mfrom[39m [32m'lucide-react/dist/esm/icons/plus'[39m[33m;[39m
[31m[1m>[22m[39m[90m 6 |[39m [36mimport[39m [33mLoader2[39m [36mfrom[39m [32m'lucide-react/dist/esm/icons/loader2'[39m[33m;[39m[33m;[39m
 [90m   |[39m [31m[1m^[22m[39m[31m[1m^[22m[39m[31m[1m^[22m[39m[31m[1m^[22m[39m[31m[1m^[22m[39m[31m[1m^[22m[39m[31m[1m^[22m[39m[31m[1m^[22m[39m[31m[1m^[22m[39m[31m[1m^[22m[39m[31m[1m^[22m[39m[31m[1m^[22m[39m[31m[1m^[22m[39m[31m[1m^[22m[39m[31m[1m^[22m[39m[31m[1m^[22m[39m[31m[1m^[22m[39m[31m[1m^[22m[39m[31m[1m^[22m[39m[31m[1m^[22m[39m[31m[1m^[22m[39m[31m[1m^[22m[39m[31m[1m^[22m[39m[31m[1m^[22m[39m[31m[1m^[22m[39m[31m[1m^[22m[39m[31m[1m^[22m[39m[31m[1m^[22m[39m[31m[1m^[22m[39m[31m[1m^[22m[39m[31m[1m^[22m[39m[31m[1m^[22m[39m[31m[1m^[22m[39m[31m[1m^[22m[39m[31m[1m^[22m[39m[31m[1m^[22m[39m[31m[1m^[22m[39m[31m[1m^[22m[39m[31m[1m^[22m[39m[31m[1m^[22m[39m[31m[1m^[22m[39m[31m[1m^[22m[39m[31m[1m^[22m[39m[31m[1m^[22m[39m[31m[1m^[22m[39m[31m[1m^[22m[39m[31m[1m^[22m[39m[31m[1m^[22m[39m[31m[1m^[22m[39m[31m[1m^[22m[39m[31m[1m^[22m[39m[31m[1m^[22m[39m[31m[1m^[22m[39m[31m[1m^[22m[39m[31m[1m^[22m[39m[31m[1m^[22m[39m[31m[1m^[22m[39m[31m[1m^[22m[39m
 [90m 7 |[39m
 [90m 8 |[39m [36mimport[39m { [33mInput[39m } [36mfrom[39m [32m"@/components/ui/input"[39m[33m;[39m
 [90m 9 |[39m [36mimport[39m { [33mButton[39m } [36mfrom[39m [32m"@/components/ui/button"[39m[33m;[39m[0m



Import trace:
  Server Component:
    ./src/components/QuickAddCustomerForm.tsx
    ./src/components/dashboard/steps/Step2Content.tsx
    ./src/app/dashboard/page.tsx

https://nextjs.org/docs/messages/module-not-found


./src/components/ReferralsTable.tsx:9:1
Module not found: Can't resolve 'lucide-react/dist/esm/icons/loader2'
[0m [90m  7 |[39m [36mimport[39m { [33mCheckbox[39m } [36mfrom[39m [32m"@/components/ui/checkbox"[39m[33m;[39m
 [90m  8 |[39m [36mimport[39m [33mDownload[39m [36mfrom[39m [32m'lucide-react/dist/esm/icons/download'[39m[33m;[39m
[31m[1m>[22m[39m[90m  9 |[39m [36mimport[39m [33mLoader2[39m [36mfrom[39m [32m'lucide-react/dist/esm/icons/loader2'[39m[33m;[39m
 [90m    |[39m [31m[1m^[22m[39m[31m[1m^[22m[39m[31m[1m^[22m[39m[31m[1m^[22m[39m[31m[1m^[22m[39m[31m[1m^[22m[39m[31m[1m^[22m[39m[31m[1m^[22m[39m[31m[1m^[22m[39m[31m[1m^[22m[39m[31m[1m^[22m[39m[31m[1m^[22m[39m[31m[1m^[22m[39m[31m[1m^[22m[39m[31m[1m^[22m[39m[31m[1m^[22m[39m[31m[1m^[22m[39m[31m[1m^[22m[39m[31m[1m^[22m[39m[31m[1m^[22m[39m[31m[1m^[22m[39m[31m[1m^[22m[39m[31m[1m^[22m[39m[31m[1m^[22m[39m[31m[1m^[22m[39m[31m[1m^[22m[39m[31m[1m^[22m[39m[31m[1m^[22m[39m[31m[1m^[22m[39m[31m[1m^[22m[39m[31m[1m^[22m[39m[31m[1m^[22m[39m[31m[1m^[22m[39m[31m[1m^[22m[39m[31m[1m^[22m[39m[31m[1m^[22m[39m[31m[1m^[22m[39m[31m[1m^[22m[39m[31m[1m^[22m[39m[31m[1m^[22m[39m[31m[1m^[22m[39m[31m[1m^[22m[39m[31m[1m^[22m[39m[31m[1m^[22m[39m[31m[1m^[22m[39m[31m[1m^[22m[39m[31m[1m^[22m[39m[31m[1m^[22m[39m[31m[1m^[22m[39m[31m[1m^[22m[39m[31m[1m^[22m[39m[31m[1m^[22m[39m[31m[1m^[22m[39m[31m[1m^[22m[39m[31m[1m^[22m[39m[31m[1m^[22m[39m[31m[1m^[22m[39m[31m[1m^[22m[39m
 [90m 10 |[39m [36mimport[39m [33mTrendingUp[39m [36mfrom[39m [32m'lucide-react/dist/esm/icons/trending-up'[39m[33m;[39m
 [90m 11 |[39m [36mimport[39m [33mUserPlus[39m [36mfrom[39m [32m'lucide-react/dist/esm/icons/user-plus'[39m[33m;[39m
 [90m 12 |[39m [36mimport[39m [33mFilter[39m [36mfrom[39m [32m'lucide-react/dist/esm/icons/filter'[39m[33m;[39m[0m



Import trace:
  Server Component:
    ./src/components/ReferralsTable.tsx
    ./src/app/dashboard/page.tsx

https://nextjs.org/docs/messages/module-not-found


./src/components/SupportChatbot.tsx:5:1
Module not found: Can't resolve 'lucide-react/dist/esm/icons/loader2'
[0m [90m 3 |[39m [36mimport[39m { useEffect[33m,[39m useRef[33m,[39m useState } [36mfrom[39m [32m"react"[39m[33m;[39m
 [90m 4 |[39m [36mimport[39m [33mBot[39m [36mfrom[39m [32m'lucide-react/dist/esm/icons/bot'[39m[33m;[39m
[31m[1m>[22m[39m[90m 5 |[39m [36mimport[39m [33mLoader2[39m [36mfrom[39m [32m'lucide-react/dist/esm/icons/loader2'[39m[33m;[39m
 [90m   |[39m [31m[1m^[22m[39m[31m[1m^[22m[39m[31m[1m^[22m[39m[31m[1m^[22m[39m[31m[1m^[22m[39m[31m[1m^[22m[39m[31m[1m^[22m[39m[31m[1m^[22m[39m[31m[1m^[22m[39m[31m[1m^[22m[39m[31m[1m^[22m[39m[31m[1m^[22m[39m[31m[1m^[22m[39m[31m[1m^[22m[39m[31m[1m^[22m[39m[31m[1m^[22m[39m[31m[1m^[22m[39m[31m[1m^[22m[39m[31m[1m^[22m[39m[31m[1m^[22m[39m[31m[1m^[22m[39m[31m[1m^[22m[39m[31m[1m^[22m[39m[31m[1m^[22m[39m[31m[1m^[22m[39m[31m[1m^[22m[39m[31m[1m^[22m[39m[31m[1m^[22m[39m[31m[1m^[22m[39m[31m[1m^[22m[39m[31m[1m^[22m[39m[31m[1m^[22m[39m[31m[1m^[22m[39m[31m[1m^[22m[39m[31m[1m^[22m[39m[31m[1m^[22m[39m[31m[1m^[22m[39m[31m[1m^[22m[39m[31m[1m^[22m[39m[31m[1m^[22m[39m[31m[1m^[22m[39m[31m[1m^[22m[39m[31m[1m^[22m[39m[31m[1m^[22m[39m[31m[1m^[22m[39m[31m[1m^[22m[39m[31m[1m^[22m[39m[31m[1m^[22m[39m[31m[1m^[22m[39m[31m[1m^[22m[39m[31m[1m^[22m[39m[31m[1m^[22m[39m[31m[1m^[22m[39m[31m[1m^[22m[39m[31m[1m^[22m[39m[31m[1m^[22m[39m[31m[1m^[22m[39m[31m[1m^[22m[39m
 [90m 6 |[39m [36mimport[39m [33mMessageCircle[39m [36mfrom[39m [32m'lucide-react/dist/esm/icons/message-circle'[39m[33m;[39m
 [90m 7 |[39m [36mimport[39m [33mSend[39m [36mfrom[39m [32m'lucide-react/dist/esm/icons/send'[39m[33m;[39m
 [90m 8 |[39m [36mimport[39m [33mSparkles[39m [36mfrom[39m [32m'lucide-react/dist/esm/icons/sparkles'[39m[33m;[39m[0m



Import trace:
  Server Component:
    ./src/components/SupportChatbot.tsx
    ./src/app/layout.tsx

https://nextjs.org/docs/messages/module-not-found


./src/components/referred/ReferredApplicationForm.tsx:18:1
Module not found: Can't resolve 'lucide-react/dist/esm/icons/loader2'
[0m [90m 16 |[39m [36mimport[39m [33mArrowRight[39m [36mfrom[39m [32m'lucide-react/dist/esm/icons/arrow-right'[39m[33m;[39m
 [90m 17 |[39m [36mimport[39m [33mCheckCircle2[39m [36mfrom[39m [32m'lucide-react/dist/esm/icons/check-circle2'[39m[33m;[39m
[31m[1m>[22m[39m[90m 18 |[39m [36mimport[39m [33mLoader2[39m [36mfrom[39m [32m'lucide-react/dist/esm/icons/loader2'[39m[33m;[39m
 [90m    |[39m [31m[1m^[22m[39m[31m[1m^[22m[39m[31m[1m^[22m[39m[31m[1m^[22m[39m[31m[1m^[22m[39m[31m[1m^[22m[39m[31m[1m^[22m[39m[31m[1m^[22m[39m[31m[1m^[22m[39m[31m[1m^[22m[39m[31m[1m^[22m[39m[31m[1m^[22m[39m[31m[1m^[22m[39m[31m[1m^[22m[39m[31m[1m^[22m[39m[31m[1m^[22m[39m[31m[1m^[22m[39m[31m[1m^[22m[39m[31m[1m^[22m[39m[31m[1m^[22m[39m[31m[1m^[22m[39m[31m[1m^[22m[39m[31m[1m^[22m[39m[31m[1m^[22m[39m[31m[1m^[22m[39m[31m[1m^[22m[39m[31m[1m^[22m[39m[31m[1m^[22m[39m[31m[1m^[22m[39m[31m[1m^[22m[39m[31m[1m^[22m[39m[31m[1m^[22m[39m[31m[1m^[22m[39m[31m[1m^[22m[39m[31m[1m^[22m[39m[31m[1m^[22m[39m[31m[1m^[22m[39m[31m[1m^[22m[39m[31m[1m^[22m[39m[31m[1m^[22m[39m[31m[1m^[22m[39m[31m[1m^[22m[39m[31m[1m^[22m[39m[31m[1m^[22m[39m[31m[1m^[22m[39m[31m[1m^[22m[39m[31m[1m^[22m[39m[31m[1m^[22m[39m[31m[1m^[22m[39m[31m[1m^[22m[39m[31m[1m^[22m[39m[31m[1m^[22m[39m[31m[1m^[22m[39m[31m[1m^[22m[39m[31m[1m^[22m[39m[31m[1m^[22m[39m[31m[1m^[22m[39m[31m[1m^[22m[39m
 [90m 19 |[39m [36mimport[39m [33mAlertCircle[39m [36mfrom[39m [32m'lucide-react/dist/esm/icons/alert-circle'[39m[33m;[39m
 [90m 20 |[39m [33m;[39m
 [90m 21 |[39m [36mimport[39m { logger } [36mfrom[39m [32m"@/lib/logger"[39m[33m;[39m[0m



Import trace:
  Server Component:
    ./src/components/referred/ReferredApplicationForm.tsx
    ./src/app/referred/page.tsx

https://nextjs.org/docs/messages/module-not-found


./src/components/referred/ReferredApplicationForm.tsx:18:1
Module not found: Can't resolve 'lucide-react/dist/esm/icons/loader2'
[0m [90m 16 |[39m [36mimport[39m [33mArrowRight[39m [36mfrom[39m [32m'lucide-react/dist/esm/icons/arrow-right'[39m[33m;[39m
 [90m 17 |[39m [36mimport[39m [33mCheckCircle2[39m [36mfrom[39m [32m'lucide-react/dist/esm/icons/check-circle2'[39m[33m;[39m
[31m[1m>[22m[39m[90m 18 |[39m [36mimport[39m [33mLoader2[39m [36mfrom[39m [32m'lucide-react/dist/esm/icons/loader2'[39m[33m;[39m
 [90m    |[39m [31m[1m^[22m[39m[31m[1m^[22m[39m[31m[1m^[22m[39m[31m[1m^[22m[39m[31m[1m^[22m[39m[31m[1m^[22m[39m[31m[1m^[22m[39m[31m[1m^[22m[39m[31m[1m^[22m[39m[31m[1m^[22m[39m[31m[1m^[22m[39m[31m[1m^[22m[39m[31m[1m^[22m[39m[31m[1m^[22m[39m[31m[1m^[22m[39m[31m[1m^[22m[39m[31m[1m^[22m[39m[31m[1m^[22m[39m[31m[1m^[22m[39m[31m[1m^[22m[39m[31m[1m^[22m[39m[31m[1m^[22m[39m[31m[1m^[22m[39m[31m[1m^[22m[39m[31m[1m^[22m[39m[31m[1m^[22m[39m[31m[1m^[22m[39m[31m[1m^[22m[39m[31m[1m^[22m[39m[31m[1m^[22m[39m[31m[1m^[22m[39m[31m[1m^[22m[39m[31m[1m^[22m[39m[31m[1m^[22m[39m[31m[1m^[22m[39m[31m[1m^[22m[39m[31m[1m^[22m[39m[31m[1m^[22m[39m[31m[1m^[22m[39m[31m[1m^[22m[39m[31m[1m^[22m[39m[31m[1m^[22m[39m[31m[1m^[22m[39m[31m[1m^[22m[39m[31m[1m^[22m[39m[31m[1m^[22m[39m[31m[1m^[22m[39m[31m[1m^[22m[39m[31m[1m^[22m[39m[31m[1m^[22m[39m[31m[1m^[22m[39m[31m[1m^[22m[39m[31m[1m^[22m[39m[31m[1m^[22m[39m[31m[1m^[22m[39m[31m[1m^[22m[39m[31m[1m^[22m[39m[31m[1m^[22m[39m
 [90m 19 |[39m [36mimport[39m [33mAlertCircle[39m [36mfrom[39m [32m'lucide-react/dist/esm/icons/alert-circle'[39m[33m;[39m[33m;[39m
 [90m 20 |[39m [36mimport[39m { logger } [36mfrom[39m [32m"@/lib/logger"[39m[33m;[39m
 [90m 21 |[39m [36mimport[39m { referredApplicationSchema[33m,[39m type [33mReferredApplicationFormData[39m } [36mfrom[39m [32m"@/lib/validation/referred-form"[39m[33m;[39m[0m



Import trace:
  Server Component:
    ./src/components/referred/ReferredApplicationForm.tsx
    ./src/app/referred/page.tsx

https://nextjs.org/docs/messages/module-not-found


./src/app/our-referral-program/page.tsx:14:1
Module not found: Can't resolve 'lucide-react/dist/esm/icons/share2'
[0m [90m 12 |[39m [36mimport[39m [33mBuilding2[39m [36mfrom[39m [32m'lucide-react/dist/esm/icons/building2'[39m[33m;[39m
 [90m 13 |[39m [36mimport[39m [33mGlobe[39m [36mfrom[39m [32m'lucide-react/dist/esm/icons/globe'[39m[33m;[39m
[31m[1m>[22m[39m[90m 14 |[39m [36mimport[39m [33mShare2[39m [36mfrom[39m [32m'lucide-react/dist/esm/icons/share2'[39m[33m;[39m[33m;[39m
 [90m    |[39m [31m[1m^[22m[39m[31m[1m^[22m[39m[31m[1m^[22m[39m[31m[1m^[22m[39m[31m[1m^[22m[39m[31m[1m^[22m[39m[31m[1m^[22m[39m[31m[1m^[22m[39m[31m[1m^[22m[39m[31m[1m^[22m[39m[31m[1m^[22m[39m[31m[1m^[22m[39m[31m[1m^[22m[39m[31m[1m^[22m[39m[31m[1m^[22m[39m[31m[1m^[22m[39m[31m[1m^[22m[39m[31m[1m^[22m[39m[31m[1m^[22m[39m[31m[1m^[22m[39m[31m[1m^[22m[39m[31m[1m^[22m[39m[31m[1m^[22m[39m[31m[1m^[22m[39m[31m[1m^[22m[39m[31m[1m^[22m[39m[31m[1m^[22m[39m[31m[1m^[22m[39m[31m[1m^[22m[39m[31m[1m^[22m[39m[31m[1m^[22m[39m[31m[1m^[22m[39m[31m[1m^[22m[39m[31m[1m^[22m[39m[31m[1m^[22m[39m[31m[1m^[22m[39m[31m[1m^[22m[39m[31m[1m^[22m[39m[31m[1m^[22m[39m[31m[1m^[22m[39m[31m[1m^[22m[39m[31m[1m^[22m[39m[31m[1m^[22m[39m[31m[1m^[22m[39m[31m[1m^[22m[39m[31m[1m^[22m[39m[31m[1m^[22m[39m[31m[1m^[22m[39m[31m[1m^[22m[39m[31m[1m^[22m[39m[31m[1m^[22m[39m[31m[1m^[22m[39m[31m[1m^[22m[39m[31m[1m^[22m[39m[31m[1m^[22m[39m[31m[1m^[22m[39m
 [90m 15 |[39m [36mimport[39m { [33mButton[39m } [36mfrom[39m [32m"@/components/ui/button"[39m[33m;[39m
 [90m 16 |[39m [36mimport[39m { [33mCard[39m } [36mfrom[39m [32m"@/components/ui/card"[39m[33m;[39m
 [90m 17 |[39m [36mimport[39m { [33mLabel[39m } [36mfrom[39m [32m"@/components/ui/label"[39m[33m;[39m[0m



https://nextjs.org/docs/messages/module-not-found


./src/app/r/referral/ReferralStatsClient.tsx:9:1
Module not found: Can't resolve 'lucide-react/dist/esm/icons/share2'
[0m [90m  7 |[39m [36mimport[39m [33mTrophy[39m [36mfrom[39m [32m'lucide-react/dist/esm/icons/trophy'[39m[33m;[39m
 [90m  8 |[39m [36mimport[39m [33mTrendingUp[39m [36mfrom[39m [32m'lucide-react/dist/esm/icons/trending-up'[39m[33m;[39m
[31m[1m>[22m[39m[90m  9 |[39m [36mimport[39m [33mShare2[39m [36mfrom[39m [32m'lucide-react/dist/esm/icons/share2'[39m[33m;[39m
 [90m    |[39m [31m[1m^[22m[39m[31m[1m^[22m[39m[31m[1m^[22m[39m[31m[1m^[22m[39m[31m[1m^[22m[39m[31m[1m^[22m[39m[31m[1m^[22m[39m[31m[1m^[22m[39m[31m[1m^[22m[39m[31m[1m^[22m[39m[31m[1m^[22m[39m[31m[1m^[22m[39m[31m[1m^[22m[39m[31m[1m^[22m[39m[31m[1m^[22m[39m[31m[1m^[22m[39m[31m[1m^[22m[39m[31m[1m^[22m[39m[31m[1m^[22m[39m[31m[1m^[22m[39m[31m[1m^[22m[39m[31m[1m^[22m[39m[31m[1m^[22m[39m[31m[1m^[22m[39m[31m[1m^[22m[39m[31m[1m^[22m[39m[31m[1m^[22m[39m[31m[1m^[22m[39m[31m[1m^[22m[39m[31m[1m^[22m[39m[31m[1m^[22m[39m[31m[1m^[22m[39m[31m[1m^[22m[39m[31m[1m^[22m[39m[31m[1m^[22m[39m[31m[1m^[22m[39m[31m[1m^[22m[39m[31m[1m^[22m[39m[31m[1m^[22m[39m[31m[1m^[22m[39m[31m[1m^[22m[39m[31m[1m^[22m[39m[31m[1m^[22m[39m[31m[1m^[22m[39m[31m[1m^[22m[39m[31m[1m^[22m[39m[31m[1m^[22m[39m[31m[1m^[22m[39m[31m[1m^[22m[39m[31m[1m^[22m[39m[31m[1m^[22m[39m[31m[1m^[22m[39m[31m[1m^[22m[39m[31m[1m^[22m[39m[31m[1m^[22m[39m[31m[1m^[22m[39m
 [90m 10 |[39m [36mimport[39m [33mMail[39m [36mfrom[39m [32m'lucide-react/dist/esm/icons/mail'[39m[33m;[39m
 [90m 11 |[39m [36mimport[39m [33mMessageSquare[39m [36mfrom[39m [32m'lucide-react/dist/esm/icons/message-square'[39m[33m;[39m
 [90m 12 |[39m [36mimport[39m [33mCopy[39m [36mfrom[39m [32m'lucide-react/dist/esm/icons/copy'[39m[33m;[39m[0m



Import trace:
  Server Component:
    ./src/app/r/referral/ReferralStatsClient.tsx
    ./src/app/r/referral/page.tsx

https://nextjs.org/docs/messages/module-not-found


./src/app/referral/page.tsx:7:1
Module not found: Can't resolve 'lucide-react/dist/esm/icons/share2'
[0m [90m  5 |[39m [36mimport[39m [33mArrowRight[39m [36mfrom[39m [32m'lucide-react/dist/esm/icons/arrow-right'[39m[33m;[39m
 [90m  6 |[39m [36mimport[39m [33mCheckCircle[39m [36mfrom[39m [32m'lucide-react/dist/esm/icons/check-circle'[39m[33m;[39m
[31m[1m>[22m[39m[90m  7 |[39m [36mimport[39m [33mShare2[39m [36mfrom[39m [32m'lucide-react/dist/esm/icons/share2'[39m[33m;[39m
 [90m    |[39m [31m[1m^[22m[39m[31m[1m^[22m[39m[31m[1m^[22m[39m[31m[1m^[22m[39m[31m[1m^[22m[39m[31m[1m^[22m[39m[31m[1m^[22m[39m[31m[1m^[22m[39m[31m[1m^[22m[39m[31m[1m^[22m[39m[31m[1m^[22m[39m[31m[1m^[22m[39m[31m[1m^[22m[39m[31m[1m^[22m[39m[31m[1m^[22m[39m[31m[1m^[22m[39m[31m[1m^[22m[39m[31m[1m^[22m[39m[31m[1m^[22m[39m[31m[1m^[22m[39m[31m[1m^[22m[39m[31m[1m^[22m[39m[31m[1m^[22m[39m[31m[1m^[22m[39m[31m[1m^[22m[39m[31m[1m^[22m[39m[31m[1m^[22m[39m[31m[1m^[22m[39m[31m[1m^[22m[39m[31m[1m^[22m[39m[31m[1m^[22m[39m[31m[1m^[22m[39m[31m[1m^[22m[39m[31m[1m^[22m[39m[31m[1m^[22m[39m[31m[1m^[22m[39m[31m[1m^[22m[39m[31m[1m^[22m[39m[31m[1m^[22m[39m[31m[1m^[22m[39m[31m[1m^[22m[39m[31m[1m^[22m[39m[31m[1m^[22m[39m[31m[1m^[22m[39m[31m[1m^[22m[39m[31m[1m^[22m[39m[31m[1m^[22m[39m[31m[1m^[22m[39m[31m[1m^[22m[39m[31m[1m^[22m[39m[31m[1m^[22m[39m[31m[1m^[22m[39m[31m[1m^[22m[39m[31m[1m^[22m[39m[31m[1m^[22m[39m[31m[1m^[22m[39m
 [90m  8 |[39m [36mimport[39m [33mDollarSign[39m [36mfrom[39m [32m'lucide-react/dist/esm/icons/dollar-sign'[39m[33m;[39m
 [90m  9 |[39m [36mimport[39m [33mBarChart3[39m [36mfrom[39m [32m'lucide-react/dist/esm/icons/bar-chart3'[39m[33m;[39m
 [90m 10 |[39m [36mimport[39m [33mZap[39m [36mfrom[39m [32m'lucide-react/dist/esm/icons/zap'[39m[33m;[39m[33m;[39m[0m



https://nextjs.org/docs/messages/module-not-found


./src/components/CampaignBuilder.tsx:24:1
Module not found: Can't resolve 'lucide-react/dist/esm/icons/share2'
[0m [90m 22 |[39m [36mimport[39m [33mAlertCircle[39m [36mfrom[39m [32m'lucide-react/dist/esm/icons/alert-circle'[39m[33m;[39m
 [90m 23 |[39m [36mimport[39m [33mCheckCircle[39m [36mfrom[39m [32m'lucide-react/dist/esm/icons/check-circle'[39m[33m;[39m
[31m[1m>[22m[39m[90m 24 |[39m [36mimport[39m [33mShare2[39m [36mfrom[39m [32m'lucide-react/dist/esm/icons/share2'[39m[33m;[39m
 [90m    |[39m [31m[1m^[22m[39m[31m[1m^[22m[39m[31m[1m^[22m[39m[31m[1m^[22m[39m[31m[1m^[22m[39m[31m[1m^[22m[39m[31m[1m^[22m[39m[31m[1m^[22m[39m[31m[1m^[22m[39m[31m[1m^[22m[39m[31m[1m^[22m[39m[31m[1m^[22m[39m[31m[1m^[22m[39m[31m[1m^[22m[39m[31m[1m^[22m[39m[31m[1m^[22m[39m[31m[1m^[22m[39m[31m[1m^[22m[39m[31m[1m^[22m[39m[31m[1m^[22m[39m[31m[1m^[22m[39m[31m[1m^[22m[39m[31m[1m^[22m[39m[31m[1m^[22m[39m[31m[1m^[22m[39m[31m[1m^[22m[39m[31m[1m^[22m[39m[31m[1m^[22m[39m[31m[1m^[22m[39m[31m[1m^[22m[39m[31m[1m^[22m[39m[31m[1m^[22m[39m[31m[1m^[22m[39m[31m[1m^[22m[39m[31m[1m^[22m[39m[31m[1m^[22m[39m[31m[1m^[22m[39m[31m[1m^[22m[39m[31m[1m^[22m[39m[31m[1m^[22m[39m[31m[1m^[22m[39m[31m[1m^[22m[39m[31m[1m^[22m[39m[31m[1m^[22m[39m[31m[1m^[22m[39m[31m[1m^[22m[39m[31m[1m^[22m[39m[31m[1m^[22m[39m[31m[1m^[22m[39m[31m[1m^[22m[39m[31m[1m^[22m[39m[31m[1m^[22m[39m[31m[1m^[22m[39m[31m[1m^[22m[39m[31m[1m^[22m[39m[31m[1m^[22m[39m
 [90m 25 |[39m [36mimport[39m [33mLoader2[39m [36mfrom[39m [32m'lucide-react/dist/esm/icons/loader2'[39m[33m;[39m[33m;[39m
 [90m 26 |[39m [36mimport[39m { [33mDatabase[39m } [36mfrom[39m [32m"@/types/supabase"[39m[33m;[39m
 [90m 27 |[39m [36mimport[39m { campaignSchedulerEnabled } [36mfrom[39m [32m"@/lib/feature-flags"[39m[33m;[39m[0m



Import trace:
  Server Component:
    ./src/components/CampaignBuilder.tsx
    ./src/components/dashboard/steps/Step3Content.tsx
    ./src/app/dashboard/page.tsx

https://nextjs.org/docs/messages/module-not-found


./src/components/CampaignBuilder.tsx:18:1
Module not found: Can't resolve 'lucide-react/dist/esm/icons/share2'
[0m [90m 16 |[39m [36mimport[39m [33mAlertCircle[39m [36mfrom[39m [32m'lucide-react/dist/esm/icons/alert-circle'[39m[33m;[39m
 [90m 17 |[39m [36mimport[39m [33mCheckCircle[39m [36mfrom[39m [32m'lucide-react/dist/esm/icons/check-circle'[39m[33m;[39m
[31m[1m>[22m[39m[90m 18 |[39m [36mimport[39m [33mShare2[39m [36mfrom[39m [32m'lucide-react/dist/esm/icons/share2'[39m[33m;[39m
 [90m    |[39m [31m[1m^[22m[39m[31m[1m^[22m[39m[31m[1m^[22m[39m[31m[1m^[22m[39m[31m[1m^[22m[39m[31m[1m^[22m[39m[31m[1m^[22m[39m[31m[1m^[22m[39m[31m[1m^[22m[39m[31m[1m^[22m[39m[31m[1m^[22m[39m[31m[1m^[22m[39m[31m[1m^[22m[39m[31m[1m^[22m[39m[31m[1m^[22m[39m[31m[1m^[22m[39m[31m[1m^[22m[39m[31m[1m^[22m[39m[31m[1m^[22m[39m[31m[1m^[22m[39m[31m[1m^[22m[39m[31m[1m^[22m[39m[31m[1m^[22m[39m[31m[1m^[22m[39m[31m[1m^[22m[39m[31m[1m^[22m[39m[31m[1m^[22m[39m[31m[1m^[22m[39m[31m[1m^[22m[39m[31m[1m^[22m[39m[31m[1m^[22m[39m[31m[1m^[22m[39m[31m[1m^[22m[39m[31m[1m^[22m[39m[31m[1m^[22m[39m[31m[1m^[22m[39m[31m[1m^[22m[39m[31m[1m^[22m[39m[31m[1m^[22m[39m[31m[1m^[22m[39m[31m[1m^[22m[39m[31m[1m^[22m[39m[31m[1m^[22m[39m[31m[1m^[22m[39m[31m[1m^[22m[39m[31m[1m^[22m[39m[31m[1m^[22m[39m[31m[1m^[22m[39m[31m[1m^[22m[39m[31m[1m^[22m[39m[31m[1m^[22m[39m[31m[1m^[22m[39m[31m[1m^[22m[39m[31m[1m^[22m[39m[31m[1m^[22m[39m[31m[1m^[22m[39m
 [90m 19 |[39m [36mimport[39m [33mLoader2[39m [36mfrom[39m [32m'lucide-react/dist/esm/icons/loader2'[39m[33m;[39m
 [90m 20 |[39m [33m;[39m
 [90m 21 |[39m [36mimport[39m { [33mDatabase[39m } [36mfrom[39m [32m"@/types/supabase"[39m[33m;[39m[0m



Import trace:
  Server Component:
    ./src/components/CampaignBuilder.tsx
    ./src/components/dashboard/steps/Step3Content.tsx
    ./src/app/dashboard/page.tsx

https://nextjs.org/docs/messages/module-not-found


./src/components/DashboardExplainerDialog.tsx:9:1
Module not found: Can't resolve 'lucide-react/dist/esm/icons/share2'
[0m [90m  7 |[39m [36mimport[39m [33mInfo[39m [36mfrom[39m [32m'lucide-react/dist/esm/icons/info'[39m[33m;[39m
 [90m  8 |[39m [36mimport[39m [33mLink2[39m [36mfrom[39m [32m'lucide-react/dist/esm/icons/link2'[39m[33m;[39m
[31m[1m>[22m[39m[90m  9 |[39m [36mimport[39m [33mShare2[39m [36mfrom[39m [32m'lucide-react/dist/esm/icons/share2'[39m[33m;[39m
 [90m    |[39m [31m[1m^[22m[39m[31m[1m^[22m[39m[31m[1m^[22m[39m[31m[1m^[22m[39m[31m[1m^[22m[39m[31m[1m^[22m[39m[31m[1m^[22m[39m[31m[1m^[22m[39m[31m[1m^[22m[39m[31m[1m^[22m[39m[31m[1m^[22m[39m[31m[1m^[22m[39m[31m[1m^[22m[39m[31m[1m^[22m[39m[31m[1m^[22m[39m[31m[1m^[22m[39m[31m[1m^[22m[39m[31m[1m^[22m[39m[31m[1m^[22m[39m[31m[1m^[22m[39m[31m[1m^[22m[39m[31m[1m^[22m[39m[31m[1m^[22m[39m[31m[1m^[22m[39m[31m[1m^[22m[39m[31m[1m^[22m[39m[31m[1m^[22m[39m[31m[1m^[22m[39m[31m[1m^[22m[39m[31m[1m^[22m[39m[31m[1m^[22m[39m[31m[1m^[22m[39m[31m[1m^[22m[39m[31m[1m^[22m[39m[31m[1m^[22m[39m[31m[1m^[22m[39m[31m[1m^[22m[39m[31m[1m^[22m[39m[31m[1m^[22m[39m[31m[1m^[22m[39m[31m[1m^[22m[39m[31m[1m^[22m[39m[31m[1m^[22m[39m[31m[1m^[22m[39m[31m[1m^[22m[39m[31m[1m^[22m[39m[31m[1m^[22m[39m[31m[1m^[22m[39m[31m[1m^[22m[39m[31m[1m^[22m[39m[31m[1m^[22m[39m[31m[1m^[22m[39m[31m[1m^[22m[39m[31m[1m^[22m[39m[31m[1m^[22m[39m[31m[1m^[22m[39m
 [90m 10 |[39m [36mimport[39m [33mRocket[39m [36mfrom[39m [32m'lucide-react/dist/esm/icons/rocket'[39m[33m;[39m
 [90m 11 |[39m [36mimport[39m [33mUsers[39m [36mfrom[39m [32m'lucide-react/dist/esm/icons/users'[39m[33m;[39m
 [90m 12 |[39m [36mimport[39m [33mBarChart3[39m [36mfrom[39m [32m'lucide-react/dist/esm/icons/bar-chart3'[39m[33m;[39m[0m



Import traces:
  Client Component Browser:
    ./src/components/DashboardExplainerDialog.tsx [Client Component Browser]
    ./src/app/dashboard/components/DashboardHeader.tsx [Client Component Browser]
    ./src/app/dashboard/components/DashboardHeader.tsx [Server Component]
    ./src/app/dashboard/page.tsx [Server Component]

  Client Component SSR:
    ./src/components/DashboardExplainerDialog.tsx [Client Component SSR]
    ./src/app/dashboard/components/DashboardHeader.tsx [Client Component SSR]
    ./src/app/dashboard/components/DashboardHeader.tsx [Server Component]
    ./src/app/dashboard/page.tsx [Server Component]

https://nextjs.org/docs/messages/module-not-found


./src/components/DashboardExplainerDialog.tsx:14:1
Module not found: Can't resolve 'lucide-react/dist/esm/icons/share2'
[0m [90m 12 |[39m [36mimport[39m [33mInfo[39m [36mfrom[39m [32m'lucide-react/dist/esm/icons/info'[39m[33m;[39m
 [90m 13 |[39m [36mimport[39m [33mLink2[39m [36mfrom[39m [32m'lucide-react/dist/esm/icons/link2'[39m[33m;[39m
[31m[1m>[22m[39m[90m 14 |[39m [36mimport[39m [33mShare2[39m [36mfrom[39m [32m'lucide-react/dist/esm/icons/share2'[39m[33m;[39m
 [90m    |[39m [31m[1m^[22m[39m[31m[1m^[22m[39m[31m[1m^[22m[39m[31m[1m^[22m[39m[31m[1m^[22m[39m[31m[1m^[22m[39m[31m[1m^[22m[39m[31m[1m^[22m[39m[31m[1m^[22m[39m[31m[1m^[22m[39m[31m[1m^[22m[39m[31m[1m^[22m[39m[31m[1m^[22m[39m[31m[1m^[22m[39m[31m[1m^[22m[39m[31m[1m^[22m[39m[31m[1m^[22m[39m[31m[1m^[22m[39m[31m[1m^[22m[39m[31m[1m^[22m[39m[31m[1m^[22m[39m[31m[1m^[22m[39m[31m[1m^[22m[39m[31m[1m^[22m[39m[31m[1m^[22m[39m[31m[1m^[22m[39m[31m[1m^[22m[39m[31m[1m^[22m[39m[31m[1m^[22m[39m[31m[1m^[22m[39m[31m[1m^[22m[39m[31m[1m^[22m[39m[31m[1m^[22m[39m[31m[1m^[22m[39m[31m[1m^[22m[39m[31m[1m^[22m[39m[31m[1m^[22m[39m[31m[1m^[22m[39m[31m[1m^[22m[39m[31m[1m^[22m[39m[31m[1m^[22m[39m[31m[1m^[22m[39m[31m[1m^[22m[39m[31m[1m^[22m[39m[31m[1m^[22m[39m[31m[1m^[22m[39m[31m[1m^[22m[39m[31m[1m^[22m[39m[31m[1m^[22m[39m[31m[1m^[22m[39m[31m[1m^[22m[39m[31m[1m^[22m[39m[31m[1m^[22m[39m[31m[1m^[22m[39m[31m[1m^[22m[39m[31m[1m^[22m[39m
 [90m 15 |[39m [36mimport[39m [33mRocket[39m [36mfrom[39m [32m'lucide-react/dist/esm/icons/rocket'[39m[33m;[39m
 [90m 16 |[39m [36mimport[39m [33mUsers[39m [36mfrom[39m [32m'lucide-react/dist/esm/icons/users'[39m[33m;[39m
 [90m 17 |[39m [36mimport[39m [33mBarChart3[39m [36mfrom[39m [32m'lucide-react/dist/esm/icons/bar-chart3'[39m[33m;[39m[33m;[39m[0m



Import traces:
  Client Component Browser:
    ./src/components/DashboardExplainerDialog.tsx [Client Component Browser]
    ./src/app/dashboard/components/DashboardHeader.tsx [Client Component Browser]
    ./src/app/dashboard/components/DashboardHeader.tsx [Server Component]
    ./src/app/dashboard/page.tsx [Server Component]

  Client Component SSR:
    ./src/components/DashboardExplainerDialog.tsx [Client Component SSR]
    ./src/app/dashboard/components/DashboardHeader.tsx [Client Component SSR]
    ./src/app/dashboard/components/DashboardHeader.tsx [Server Component]
    ./src/app/dashboard/page.tsx [Server Component]

https://nextjs.org/docs/messages/module-not-found


./src/components/ReferralShareCard.tsx:8:1
Module not found: Can't resolve 'lucide-react/dist/esm/icons/share2'
[0m [90m  6 |[39m [36mimport[39m [33mCheck[39m [36mfrom[39m [32m'lucide-react/dist/esm/icons/check'[39m[33m;[39m
 [90m  7 |[39m [36mimport[39m [33mCopy[39m [36mfrom[39m [32m'lucide-react/dist/esm/icons/copy'[39m[33m;[39m
[31m[1m>[22m[39m[90m  8 |[39m [36mimport[39m [33mShare2[39m [36mfrom[39m [32m'lucide-react/dist/esm/icons/share2'[39m[33m;[39m
 [90m    |[39m [31m[1m^[22m[39m[31m[1m^[22m[39m[31m[1m^[22m[39m[31m[1m^[22m[39m[31m[1m^[22m[39m[31m[1m^[22m[39m[31m[1m^[22m[39m[31m[1m^[22m[39m[31m[1m^[22m[39m[31m[1m^[22m[39m[31m[1m^[22m[39m[31m[1m^[22m[39m[31m[1m^[22m[39m[31m[1m^[22m[39m[31m[1m^[22m[39m[31m[1m^[22m[39m[31m[1m^[22m[39m[31m[1m^[22m[39m[31m[1m^[22m[39m[31m[1m^[22m[39m[31m[1m^[22m[39m[31m[1m^[22m[39m[31m[1m^[22m[39m[31m[1m^[22m[39m[31m[1m^[22m[39m[31m[1m^[22m[39m[31m[1m^[22m[39m[31m[1m^[22m[39m[31m[1m^[22m[39m[31m[1m^[22m[39m[31m[1m^[22m[39m[31m[1m^[22m[39m[31m[1m^[22m[39m[31m[1m^[22m[39m[31m[1m^[22m[39m[31m[1m^[22m[39m[31m[1m^[22m[39m[31m[1m^[22m[39m[31m[1m^[22m[39m[31m[1m^[22m[39m[31m[1m^[22m[39m[31m[1m^[22m[39m[31m[1m^[22m[39m[31m[1m^[22m[39m[31m[1m^[22m[39m[31m[1m^[22m[39m[31m[1m^[22m[39m[31m[1m^[22m[39m[31m[1m^[22m[39m[31m[1m^[22m[39m[31m[1m^[22m[39m[31m[1m^[22m[39m[31m[1m^[22m[39m[31m[1m^[22m[39m[31m[1m^[22m[39m[31m[1m^[22m[39m
 [90m  9 |[39m [33m;[39m
 [90m 10 |[39m type [33mReferralShareCardProps[39m [33m=[39m {
 [90m 11 |[39m   referralUrl[33m:[39m string[33m;[39m[0m



Import trace:
  Server Component:
    ./src/components/ReferralShareCard.tsx
    ./src/app/r/[code]/page.tsx

https://nextjs.org/docs/messages/module-not-found


./src/components/ReferralShareCard.tsx:7:1
Module not found: Can't resolve 'lucide-react/dist/esm/icons/share2'
[0m [90m  5 |[39m [36mimport[39m [33mCheck[39m [36mfrom[39m [32m'lucide-react/dist/esm/icons/check'[39m[33m;[39m
 [90m  6 |[39m [36mimport[39m [33mCopy[39m [36mfrom[39m [32m'lucide-react/dist/esm/icons/copy'[39m[33m;[39m
[31m[1m>[22m[39m[90m  7 |[39m [36mimport[39m [33mShare2[39m [36mfrom[39m [32m'lucide-react/dist/esm/icons/share2'[39m[33m;[39m[33m;[39m
 [90m    |[39m [31m[1m^[22m[39m[31m[1m^[22m[39m[31m[1m^[22m[39m[31m[1m^[22m[39m[31m[1m^[22m[39m[31m[1m^[22m[39m[31m[1m^[22m[39m[31m[1m^[22m[39m[31m[1m^[22m[39m[31m[1m^[22m[39m[31m[1m^[22m[39m[31m[1m^[22m[39m[31m[1m^[22m[39m[31m[1m^[22m[39m[31m[1m^[22m[39m[31m[1m^[22m[39m[31m[1m^[22m[39m[31m[1m^[22m[39m[31m[1m^[22m[39m[31m[1m^[22m[39m[31m[1m^[22m[39m[31m[1m^[22m[39m[31m[1m^[22m[39m[31m[1m^[22m[39m[31m[1m^[22m[39m[31m[1m^[22m[39m[31m[1m^[22m[39m[31m[1m^[22m[39m[31m[1m^[22m[39m[31m[1m^[22m[39m[31m[1m^[22m[39m[31m[1m^[22m[39m[31m[1m^[22m[39m[31m[1m^[22m[39m[31m[1m^[22m[39m[31m[1m^[22m[39m[31m[1m^[22m[39m[31m[1m^[22m[39m[31m[1m^[22m[39m[31m[1m^[22m[39m[31m[1m^[22m[39m[31m[1m^[22m[39m[31m[1m^[22m[39m[31m[1m^[22m[39m[31m[1m^[22m[39m[31m[1m^[22m[39m[31m[1m^[22m[39m[31m[1m^[22m[39m[31m[1m^[22m[39m[31m[1m^[22m[39m[31m[1m^[22m[39m[31m[1m^[22m[39m[31m[1m^[22m[39m[31m[1m^[22m[39m[31m[1m^[22m[39m[31m[1m^[22m[39m
 [90m  8 |[39m
 [90m  9 |[39m type [33mReferralShareCardProps[39m [33m=[39m {
 [90m 10 |[39m   referralUrl[33m:[39m string[33m;[39m[0m



Import trace:
  Server Component:
    ./src/components/ReferralShareCard.tsx
    ./src/app/r/[code]/page.tsx

https://nextjs.org/docs/messages/module-not-found


./src/components/CustomersTable.tsx:21:1
Module not found: Can't resolve 'lucide-react/dist/esm/icons/trash2'
[0m [90m 19 |[39m [36mimport[39m [33mUserPlus[39m [36mfrom[39m [32m'lucide-react/dist/esm/icons/user-plus'[39m[33m;[39m
 [90m 20 |[39m [36mimport[39m [33mFilter[39m [36mfrom[39m [32m'lucide-react/dist/esm/icons/filter'[39m[33m;[39m
[31m[1m>[22m[39m[90m 21 |[39m [36mimport[39m [33mTrash2[39m [36mfrom[39m [32m'lucide-react/dist/esm/icons/trash2'[39m[33m;[39m
 [90m    |[39m [31m[1m^[22m[39m[31m[1m^[22m[39m[31m[1m^[22m[39m[31m[1m^[22m[39m[31m[1m^[22m[39m[31m[1m^[22m[39m[31m[1m^[22m[39m[31m[1m^[22m[39m[31m[1m^[22m[39m[31m[1m^[22m[39m[31m[1m^[22m[39m[31m[1m^[22m[39m[31m[1m^[22m[39m[31m[1m^[22m[39m[31m[1m^[22m[39m[31m[1m^[22m[39m[31m[1m^[22m[39m[31m[1m^[22m[39m[31m[1m^[22m[39m[31m[1m^[22m[39m[31m[1m^[22m[39m[31m[1m^[22m[39m[31m[1m^[22m[39m[31m[1m^[22m[39m[31m[1m^[22m[39m[31m[1m^[22m[39m[31m[1m^[22m[39m[31m[1m^[22m[39m[31m[1m^[22m[39m[31m[1m^[22m[39m[31m[1m^[22m[39m[31m[1m^[22m[39m[31m[1m^[22m[39m[31m[1m^[22m[39m[31m[1m^[22m[39m[31m[1m^[22m[39m[31m[1m^[22m[39m[31m[1m^[22m[39m[31m[1m^[22m[39m[31m[1m^[22m[39m[31m[1m^[22m[39m[31m[1m^[22m[39m[31m[1m^[22m[39m[31m[1m^[22m[39m[31m[1m^[22m[39m[31m[1m^[22m[39m[31m[1m^[22m[39m[31m[1m^[22m[39m[31m[1m^[22m[39m[31m[1m^[22m[39m[31m[1m^[22m[39m[31m[1m^[22m[39m[31m[1m^[22m[39m[31m[1m^[22m[39m[31m[1m^[22m[39m[31m[1m^[22m[39m
 [90m 22 |[39m [36mimport[39m [33mSend[39m [36mfrom[39m [32m'lucide-react/dist/esm/icons/send'[39m[33m;[39m
 [90m 23 |[39m [36mimport[39m [33mUserCheck[39m [36mfrom[39m [32m'lucide-react/dist/esm/icons/user-check'[39m[33m;[39m
 [90m 24 |[39m [33m;[39m[0m



Import trace:
  Server Component:
    ./src/components/CustomersTable.tsx
    ./src/components/dashboard/steps/Step2Content.tsx
    ./src/app/dashboard/page.tsx

https://nextjs.org/docs/messages/module-not-found


./src/components/CustomersTable.tsx:28:1
Module not found: Can't resolve 'lucide-react/dist/esm/icons/trash2'
[0m [90m 26 |[39m [36mimport[39m [33mUserPlus[39m [36mfrom[39m [32m'lucide-react/dist/esm/icons/user-plus'[39m[33m;[39m
 [90m 27 |[39m [36mimport[39m [33mFilter[39m [36mfrom[39m [32m'lucide-react/dist/esm/icons/filter'[39m[33m;[39m
[31m[1m>[22m[39m[90m 28 |[39m [36mimport[39m [33mTrash2[39m [36mfrom[39m [32m'lucide-react/dist/esm/icons/trash2'[39m[33m;[39m
 [90m    |[39m [31m[1m^[22m[39m[31m[1m^[22m[39m[31m[1m^[22m[39m[31m[1m^[22m[39m[31m[1m^[22m[39m[31m[1m^[22m[39m[31m[1m^[22m[39m[31m[1m^[22m[39m[31m[1m^[22m[39m[31m[1m^[22m[39m[31m[1m^[22m[39m[31m[1m^[22m[39m[31m[1m^[22m[39m[31m[1m^[22m[39m[31m[1m^[22m[39m[31m[1m^[22m[39m[31m[1m^[22m[39m[31m[1m^[22m[39m[31m[1m^[22m[39m[31m[1m^[22m[39m[31m[1m^[22m[39m[31m[1m^[22m[39m[31m[1m^[22m[39m[31m[1m^[22m[39m[31m[1m^[22m[39m[31m[1m^[22m[39m[31m[1m^[22m[39m[31m[1m^[22m[39m[31m[1m^[22m[39m[31m[1m^[22m[39m[31m[1m^[22m[39m[31m[1m^[22m[39m[31m[1m^[22m[39m[31m[1m^[22m[39m[31m[1m^[22m[39m[31m[1m^[22m[39m[31m[1m^[22m[39m[31m[1m^[22m[39m[31m[1m^[22m[39m[31m[1m^[22m[39m[31m[1m^[22m[39m[31m[1m^[22m[39m[31m[1m^[22m[39m[31m[1m^[22m[39m[31m[1m^[22m[39m[31m[1m^[22m[39m[31m[1m^[22m[39m[31m[1m^[22m[39m[31m[1m^[22m[39m[31m[1m^[22m[39m[31m[1m^[22m[39m[31m[1m^[22m[39m[31m[1m^[22m[39m[31m[1m^[22m[39m[31m[1m^[22m[39m[31m[1m^[22m[39m
 [90m 29 |[39m [36mimport[39m [33mSend[39m [36mfrom[39m [32m'lucide-react/dist/esm/icons/send'[39m[33m;[39m
 [90m 30 |[39m [36mimport[39m [33mUserCheck[39m [36mfrom[39m [32m'lucide-react/dist/esm/icons/user-check'[39m[33m;[39m[33m;[39m
 [90m 31 |[39m [36mimport[39m { toast } [36mfrom[39m [32m"@/hooks/use-toast"[39m[33m;[39m[0m



Import trace:
  Server Component:
    ./src/components/CustomersTable.tsx
    ./src/components/dashboard/steps/Step2Content.tsx
    ./src/app/dashboard/page.tsx

https://nextjs.org/docs/messages/module-not-found


./src/components/ReferralsTable.tsx:14:1
Module not found: Can't resolve 'lucide-react/dist/esm/icons/trash2'
[0m [90m 12 |[39m [36mimport[39m [33mFilter[39m [36mfrom[39m [32m'lucide-react/dist/esm/icons/filter'[39m[33m;[39m
 [90m 13 |[39m [36mimport[39m [33mCheckCircle2[39m [36mfrom[39m [32m'lucide-react/dist/esm/icons/check-circle2'[39m[33m;[39m
[31m[1m>[22m[39m[90m 14 |[39m [36mimport[39m [33mTrash2[39m [36mfrom[39m [32m'lucide-react/dist/esm/icons/trash2'[39m[33m;[39m
 [90m    |[39m [31m[1m^[22m[39m[31m[1m^[22m[39m[31m[1m^[22m[39m[31m[1m^[22m[39m[31m[1m^[22m[39m[31m[1m^[22m[39m[31m[1m^[22m[39m[31m[1m^[22m[39m[31m[1m^[22m[39m[31m[1m^[22m[39m[31m[1m^[22m[39m[31m[1m^[22m[39m[31m[1m^[22m[39m[31m[1m^[22m[39m[31m[1m^[22m[39m[31m[1m^[22m[39m[31m[1m^[22m[39m[31m[1m^[22m[39m[31m[1m^[22m[39m[31m[1m^[22m[39m[31m[1m^[22m[39m[31m[1m^[22m[39m[31m[1m^[22m[39m[31m[1m^[22m[39m[31m[1m^[22m[39m[31m[1m^[22m[39m[31m[1m^[22m[39m[31m[1m^[22m[39m[31m[1m^[22m[39m[31m[1m^[22m[39m[31m[1m^[22m[39m[31m[1m^[22m[39m[31m[1m^[22m[39m[31m[1m^[22m[39m[31m[1m^[22m[39m[31m[1m^[22m[39m[31m[1m^[22m[39m[31m[1m^[22m[39m[31m[1m^[22m[39m[31m[1m^[22m[39m[31m[1m^[22m[39m[31m[1m^[22m[39m[31m[1m^[22m[39m[31m[1m^[22m[39m[31m[1m^[22m[39m[31m[1m^[22m[39m[31m[1m^[22m[39m[31m[1m^[22m[39m[31m[1m^[22m[39m[31m[1m^[22m[39m[31m[1m^[22m[39m[31m[1m^[22m[39m[31m[1m^[22m[39m[31m[1m^[22m[39m[31m[1m^[22m[39m[31m[1m^[22m[39m
 [90m 15 |[39m [33m;[39m
 [90m 16 |[39m [36mimport[39m { [33mReferralCompletionForm[39m } [36mfrom[39m [32m"@/components/ReferralCompletionForm"[39m[33m;[39m
 [90m 17 |[39m [36mimport[39m type { [33mDatabase[39m } [36mfrom[39m [32m"@/types/supabase"[39m[33m;[39m[0m



Import trace:
  Server Component:
    ./src/components/ReferralsTable.tsx
    ./src/app/dashboard/page.tsx

https://nextjs.org/docs/messages/module-not-found


./src/components/ReferralsTable.tsx:14:1
Module not found: Can't resolve 'lucide-react/dist/esm/icons/trash2'
[0m [90m 12 |[39m [36mimport[39m [33mFilter[39m [36mfrom[39m [32m'lucide-react/dist/esm/icons/filter'[39m[33m;[39m
 [90m 13 |[39m [36mimport[39m [33mCheckCircle2[39m [36mfrom[39m [32m'lucide-react/dist/esm/icons/check-circle2'[39m[33m;[39m
[31m[1m>[22m[39m[90m 14 |[39m [36mimport[39m [33mTrash2[39m [36mfrom[39m [32m'lucide-react/dist/esm/icons/trash2'[39m[33m;[39m[33m;[39m
 [90m    |[39m [31m[1m^[22m[39m[31m[1m^[22m[39m[31m[1m^[22m[39m[31m[1m^[22m[39m[31m[1m^[22m[39m[31m[1m^[22m[39m[31m[1m^[22m[39m[31m[1m^[22m[39m[31m[1m^[22m[39m[31m[1m^[22m[39m[31m[1m^[22m[39m[31m[1m^[22m[39m[31m[1m^[22m[39m[31m[1m^[22m[39m[31m[1m^[22m[39m[31m[1m^[22m[39m[31m[1m^[22m[39m[31m[1m^[22m[39m[31m[1m^[22m[39m[31m[1m^[22m[39m[31m[1m^[22m[39m[31m[1m^[22m[39m[31m[1m^[22m[39m[31m[1m^[22m[39m[31m[1m^[22m[39m[31m[1m^[22m[39m[31m[1m^[22m[39m[31m[1m^[22m[39m[31m[1m^[22m[39m[31m[1m^[22m[39m[31m[1m^[22m[39m[31m[1m^[22m[39m[31m[1m^[22m[39m[31m[1m^[22m[39m[31m[1m^[22m[39m[31m[1m^[22m[39m[31m[1m^[22m[39m[31m[1m^[22m[39m[31m[1m^[22m[39m[31m[1m^[22m[39m[31m[1m^[22m[39m[31m[1m^[22m[39m[31m[1m^[22m[39m[31m[1m^[22m[39m[31m[1m^[22m[39m[31m[1m^[22m[39m[31m[1m^[22m[39m[31m[1m^[22m[39m[31m[1m^[22m[39m[31m[1m^[22m[39m[31m[1m^[22m[39m[31m[1m^[22m[39m[31m[1m^[22m[39m[31m[1m^[22m[39m[31m[1m^[22m[39m[31m[1m^[22m[39m
 [90m 15 |[39m
 [90m 16 |[39m [36mimport[39m { [33mReferralCompletionForm[39m } [36mfrom[39m [32m"@/components/ReferralCompletionForm"[39m[33m;[39m
 [90m 17 |[39m [36mimport[39m type { [33mDatabase[39m } [36mfrom[39m [32m"@/types/supabase"[39m[33m;[39m[0m



Import trace:
  Server Component:
    ./src/components/ReferralsTable.tsx
    ./src/app/dashboard/page.tsx

https://nextjs.org/docs/messages/module-not-found


./src/app/dashboard/components/PartnerApplicationsManager.tsx:7:1
Module not found: Can't resolve 'lucide-react/dist/esm/icons/xcircle'
[0m [90m  5 |[39m [36mimport[39m { [33mButton[39m } [36mfrom[39m [32m"@/components/ui/button"[39m[33m;[39m
 [90m  6 |[39m [36mimport[39m [33mCheckCircle[39m [36mfrom[39m [32m'lucide-react/dist/esm/icons/check-circle'[39m[33m;[39m
[31m[1m>[22m[39m[90m  7 |[39m [36mimport[39m [33mXCircle[39m [36mfrom[39m [32m'lucide-react/dist/esm/icons/xcircle'[39m[33m;[39m
 [90m    |[39m [31m[1m^[22m[39m[31m[1m^[22m[39m[31m[1m^[22m[39m[31m[1m^[22m[39m[31m[1m^[22m[39m[31m[1m^[22m[39m[31m[1m^[22m[39m[31m[1m^[22m[39m[31m[1m^[22m[39m[31m[1m^[22m[39m[31m[1m^[22m[39m[31m[1m^[22m[39m[31m[1m^[22m[39m[31m[1m^[22m[39m[31m[1m^[22m[39m[31m[1m^[22m[39m[31m[1m^[22m[39m[31m[1m^[22m[39m[31m[1m^[22m[39m[31m[1m^[22m[39m[31m[1m^[22m[39m[31m[1m^[22m[39m[31m[1m^[22m[39m[31m[1m^[22m[39m[31m[1m^[22m[39m[31m[1m^[22m[39m[31m[1m^[22m[39m[31m[1m^[22m[39m[31m[1m^[22m[39m[31m[1m^[22m[39m[31m[1m^[22m[39m[31m[1m^[22m[39m[31m[1m^[22m[39m[31m[1m^[22m[39m[31m[1m^[22m[39m[31m[1m^[22m[39m[31m[1m^[22m[39m[31m[1m^[22m[39m[31m[1m^[22m[39m[31m[1m^[22m[39m[31m[1m^[22m[39m[31m[1m^[22m[39m[31m[1m^[22m[39m[31m[1m^[22m[39m[31m[1m^[22m[39m[31m[1m^[22m[39m[31m[1m^[22m[39m[31m[1m^[22m[39m[31m[1m^[22m[39m[31m[1m^[22m[39m[31m[1m^[22m[39m[31m[1m^[22m[39m[31m[1m^[22m[39m[31m[1m^[22m[39m[31m[1m^[22m[39m[31m[1m^[22m[39m[31m[1m^[22m[39m[31m[1m^[22m[39m
 [90m  8 |[39m [36mimport[39m [33mClock[39m [36mfrom[39m [32m'lucide-react/dist/esm/icons/clock'[39m[33m;[39m
 [90m  9 |[39m [36mimport[39m [33mExternalLink[39m [36mfrom[39m [32m'lucide-react/dist/esm/icons/external-link'[39m[33m;[39m
 [90m 10 |[39m [36mimport[39m [33mMail[39m [36mfrom[39m [32m'lucide-react/dist/esm/icons/mail'[39m[33m;[39m[0m



Import trace:
  Server Component:
    ./src/app/dashboard/components/PartnerApplicationsManager.tsx
    ./src/components/dashboard/steps/Step2Content.tsx
    ./src/app/dashboard/page.tsx

https://nextjs.org/docs/messages/module-not-found


./src/components/PartnerReferralsTab.tsx:14:1
Module not found: Can't resolve 'lucide-react/dist/esm/icons/xcircle'
[0m [90m 12 |[39m [36mimport[39m [33mCheckCircle[39m [36mfrom[39m [32m'lucide-react/dist/esm/icons/check-circle'[39m[33m;[39m
 [90m 13 |[39m [36mimport[39m [33mClock[39m [36mfrom[39m [32m'lucide-react/dist/esm/icons/clock'[39m[33m;[39m
[31m[1m>[22m[39m[90m 14 |[39m [36mimport[39m [33mXCircle[39m [36mfrom[39m [32m'lucide-react/dist/esm/icons/xcircle'[39m[33m;[39m[33m;[39m
 [90m    |[39m [31m[1m^[22m[39m[31m[1m^[22m[39m[31m[1m^[22m[39m[31m[1m^[22m[39m[31m[1m^[22m[39m[31m[1m^[22m[39m[31m[1m^[22m[39m[31m[1m^[22m[39m[31m[1m^[22m[39m[31m[1m^[22m[39m[31m[1m^[22m[39m[31m[1m^[22m[39m[31m[1m^[22m[39m[31m[1m^[22m[39m[31m[1m^[22m[39m[31m[1m^[22m[39m[31m[1m^[22m[39m[31m[1m^[22m[39m[31m[1m^[22m[39m[31m[1m^[22m[39m[31m[1m^[22m[39m[31m[1m^[22m[39m[31m[1m^[22m[39m[31m[1m^[22m[39m[31m[1m^[22m[39m[31m[1m^[22m[39m[31m[1m^[22m[39m[31m[1m^[22m[39m[31m[1m^[22m[39m[31m[1m^[22m[39m[31m[1m^[22m[39m[31m[1m^[22m[39m[31m[1m^[22m[39m[31m[1m^[22m[39m[31m[1m^[22m[39m[31m[1m^[22m[39m[31m[1m^[22m[39m[31m[1m^[22m[39m[31m[1m^[22m[39m[31m[1m^[22m[39m[31m[1m^[22m[39m[31m[1m^[22m[39m[31m[1m^[22m[39m[31m[1m^[22m[39m[31m[1m^[22m[39m[31m[1m^[22m[39m[31m[1m^[22m[39m[31m[1m^[22m[39m[31m[1m^[22m[39m[31m[1m^[22m[39m[31m[1m^[22m[39m[31m[1m^[22m[39m[31m[1m^[22m[39m[31m[1m^[22m[39m[31m[1m^[22m[39m[31m[1m^[22m[39m[31m[1m^[22m[39m[31m[1m^[22m[39m
 [90m 15 |[39m
 [90m 16 |[39m [36minterface[39m [33mPartnerReferral[39m {
 [90m 17 |[39m   id[33m:[39m string[33m;[39m[0m



Import trace:
  Server Component:
    ./src/components/PartnerReferralsTab.tsx
    ./src/components/dashboard/steps/Step4Content.tsx
    ./src/app/dashboard/page.tsx

https://nextjs.org/docs/messages/module-not-found


./src/components/PartnerReferralsTab.tsx:15:1
Module not found: Can't resolve 'lucide-react/dist/esm/icons/xcircle'
[0m [90m 13 |[39m [36mimport[39m [33mCheckCircle[39m [36mfrom[39m [32m'lucide-react/dist/esm/icons/check-circle'[39m[33m;[39m
 [90m 14 |[39m [36mimport[39m [33mClock[39m [36mfrom[39m [32m'lucide-react/dist/esm/icons/clock'[39m[33m;[39m
[31m[1m>[22m[39m[90m 15 |[39m [36mimport[39m [33mXCircle[39m [36mfrom[39m [32m'lucide-react/dist/esm/icons/xcircle'[39m[33m;[39m
 [90m    |[39m [31m[1m^[22m[39m[31m[1m^[22m[39m[31m[1m^[22m[39m[31m[1m^[22m[39m[31m[1m^[22m[39m[31m[1m^[22m[39m[31m[1m^[22m[39m[31m[1m^[22m[39m[31m[1m^[22m[39m[31m[1m^[22m[39m[31m[1m^[22m[39m[31m[1m^[22m[39m[31m[1m^[22m[39m[31m[1m^[22m[39m[31m[1m^[22m[39m[31m[1m^[22m[39m[31m[1m^[22m[39m[31m[1m^[22m[39m[31m[1m^[22m[39m[31m[1m^[22m[39m[31m[1m^[22m[39m[31m[1m^[22m[39m[31m[1m^[22m[39m[31m[1m^[22m[39m[31m[1m^[22m[39m[31m[1m^[22m[39m[31m[1m^[22m[39m[31m[1m^[22m[39m[31m[1m^[22m[39m[31m[1m^[22m[39m[31m[1m^[22m[39m[31m[1m^[22m[39m[31m[1m^[22m[39m[31m[1m^[22m[39m[31m[1m^[22m[39m[31m[1m^[22m[39m[31m[1m^[22m[39m[31m[1m^[22m[39m[31m[1m^[22m[39m[31m[1m^[22m[39m[31m[1m^[22m[39m[31m[1m^[22m[39m[31m[1m^[22m[39m[31m[1m^[22m[39m[31m[1m^[22m[39m[31m[1m^[22m[39m[31m[1m^[22m[39m[31m[1m^[22m[39m[31m[1m^[22m[39m[31m[1m^[22m[39m[31m[1m^[22m[39m[31m[1m^[22m[39m[31m[1m^[22m[39m[31m[1m^[22m[39m[31m[1m^[22m[39m[31m[1m^[22m[39m[31m[1m^[22m[39m[31m[1m^[22m[39m
 [90m 16 |[39m [33m;[39m
 [90m 17 |[39m [36minterface[39m [33mPartnerReferral[39m {
 [90m 18 |[39m   id[33m:[39m string[33m;[39m[0m



Import trace:
  Server Component:
    ./src/components/PartnerReferralsTab.tsx
    ./src/components/dashboard/steps/Step4Content.tsx
    ./src/app/dashboard/page.tsx

https://nextjs.org/docs/messages/module-not-found


./src/components/status/StatusChecks.tsx:7:1
Module not found: Can't resolve 'lucide-react/dist/esm/icons/xcircle'
[0m [90m  5 |[39m [36mimport[39m [33mCheckCircle2[39m [36mfrom[39m [32m'lucide-react/dist/esm/icons/check-circle2'[39m[33m;[39m
 [90m  6 |[39m [36mimport[39m [33mRefreshCw[39m [36mfrom[39m [32m'lucide-react/dist/esm/icons/refresh-cw'[39m[33m;[39m
[31m[1m>[22m[39m[90m  7 |[39m [36mimport[39m [33mXCircle[39m [36mfrom[39m [32m'lucide-react/dist/esm/icons/xcircle'[39m[33m;[39m
 [90m    |[39m [31m[1m^[22m[39m[31m[1m^[22m[39m[31m[1m^[22m[39m[31m[1m^[22m[39m[31m[1m^[22m[39m[31m[1m^[22m[39m[31m[1m^[22m[39m[31m[1m^[22m[39m[31m[1m^[22m[39m[31m[1m^[22m[39m[31m[1m^[22m[39m[31m[1m^[22m[39m[31m[1m^[22m[39m[31m[1m^[22m[39m[31m[1m^[22m[39m[31m[1m^[22m[39m[31m[1m^[22m[39m[31m[1m^[22m[39m[31m[1m^[22m[39m[31m[1m^[22m[39m[31m[1m^[22m[39m[31m[1m^[22m[39m[31m[1m^[22m[39m[31m[1m^[22m[39m[31m[1m^[22m[39m[31m[1m^[22m[39m[31m[1m^[22m[39m[31m[1m^[22m[39m[31m[1m^[22m[39m[31m[1m^[22m[39m[31m[1m^[22m[39m[31m[1m^[22m[39m[31m[1m^[22m[39m[31m[1m^[22m[39m[31m[1m^[22m[39m[31m[1m^[22m[39m[31m[1m^[22m[39m[31m[1m^[22m[39m[31m[1m^[22m[39m[31m[1m^[22m[39m[31m[1m^[22m[39m[31m[1m^[22m[39m[31m[1m^[22m[39m[31m[1m^[22m[39m[31m[1m^[22m[39m[31m[1m^[22m[39m[31m[1m^[22m[39m[31m[1m^[22m[39m[31m[1m^[22m[39m[31m[1m^[22m[39m[31m[1m^[22m[39m[31m[1m^[22m[39m[31m[1m^[22m[39m[31m[1m^[22m[39m[31m[1m^[22m[39m[31m[1m^[22m[39m[31m[1m^[22m[39m[31m[1m^[22m[39m
 [90m  8 |[39m [33m;[39m
 [90m  9 |[39m [36mimport[39m { [33mButton[39m } [36mfrom[39m [32m"@/components/ui/button"[39m[33m;[39m
 [90m 10 |[39m [36mimport[39m { [33mCard[39m } [36mfrom[39m [32m"@/components/ui/card"[39m[33m;[39m[0m



Import trace:
  Server Component:
    ./src/components/status/StatusChecks.tsx
    ./src/app/status/page.tsx

https://nextjs.org/docs/messages/module-not-found


./src/components/status/StatusChecks.tsx:7:1
Module not found: Can't resolve 'lucide-react/dist/esm/icons/xcircle'
[0m [90m  5 |[39m [36mimport[39m [33mCheckCircle2[39m [36mfrom[39m [32m'lucide-react/dist/esm/icons/check-circle2'[39m[33m;[39m
 [90m  6 |[39m [36mimport[39m [33mRefreshCw[39m [36mfrom[39m [32m'lucide-react/dist/esm/icons/refresh-cw'[39m[33m;[39m
[31m[1m>[22m[39m[90m  7 |[39m [36mimport[39m [33mXCircle[39m [36mfrom[39m [32m'lucide-react/dist/esm/icons/xcircle'[39m[33m;[39m[33m;[39m
 [90m    |[39m [31m[1m^[22m[39m[31m[1m^[22m[39m[31m[1m^[22m[39m[31m[1m^[22m[39m[31m[1m^[22m[39m[31m[1m^[22m[39m[31m[1m^[22m[39m[31m[1m^[22m[39m[31m[1m^[22m[39m[31m[1m^[22m[39m[31m[1m^[22m[39m[31m[1m^[22m[39m[31m[1m^[22m[39m[31m[1m^[22m[39m[31m[1m^[22m[39m[31m[1m^[22m[39m[31m[1m^[22m[39m[31m[1m^[22m[39m[31m[1m^[22m[39m[31m[1m^[22m[39m[31m[1m^[22m[39m[31m[1m^[22m[39m[31m[1m^[22m[39m[31m[1m^[22m[39m[31m[1m^[22m[39m[31m[1m^[22m[39m[31m[1m^[22m[39m[31m[1m^[22m[39m[31m[1m^[22m[39m[31m[1m^[22m[39m[31m[1m^[22m[39m[31m[1m^[22m[39m[31m[1m^[22m[39m[31m[1m^[22m[39m[31m[1m^[22m[39m[31m[1m^[22m[39m[31m[1m^[22m[39m[31m[1m^[22m[39m[31m[1m^[22m[39m[31m[1m^[22m[39m[31m[1m^[22m[39m[31m[1m^[22m[39m[31m[1m^[22m[39m[31m[1m^[22m[39m[31m[1m^[22m[39m[31m[1m^[22m[39m[31m[1m^[22m[39m[31m[1m^[22m[39m[31m[1m^[22m[39m[31m[1m^[22m[39m[31m[1m^[22m[39m[31m[1m^[22m[39m[31m[1m^[22m[39m[31m[1m^[22m[39m[31m[1m^[22m[39m[31m[1m^[22m[39m[31m[1m^[22m[39m[31m[1m^[22m[39m
 [90m  8 |[39m
 [90m  9 |[39m [36mimport[39m { [33mButton[39m } [36mfrom[39m [32m"@/components/ui/button"[39m[33m;[39m
 [90m 10 |[39m [36mimport[39m { [33mCard[39m } [36mfrom[39m [32m"@/components/ui/card"[39m[33m;[39m[0m



Import trace:
  Server Component:
    ./src/components/status/StatusChecks.tsx
    ./src/app/status/page.tsx

https://nextjs.org/docs/messages/module-not-found


    at <unknown> (./src/app/dashboard/admin-master/page.tsx:11:13)
    at <unknown> (./src/app/how-it-works/page.tsx:5:13)
    at <unknown> (./src/components/CRMIntegrationTab.tsx:34:17)
    at <unknown> (./src/components/DashboardOnboardingChecklist.tsx:7:17)
    at <unknown> (./src/components/ProgramSettingsDialog.tsx:17:17)
    at <unknown> (./src/components/ReferralJourneyReport.tsx:7:13)
    at <unknown> (./src/components/ShareReferralCard.tsx:17:14)
    at <unknown> (./src/app/analytics/page.tsx:2:1)
    at <unknown> (https://nextjs.org/docs/messages/module-not-found)
    at <unknown> (./src/app/dashboard/page.tsx:54:1)
    at <unknown> (https://nextjs.org/docs/messages/module-not-found)
    at <unknown> (./src/app/google-ads/page.tsx:2:1)
    at <unknown> (https://nextjs.org/docs/messages/module-not-found)
    at <unknown> (./src/app/integrations/page.tsx:3:1)
    at <unknown> (https://nextjs.org/docs/messages/module-not-found)
    at <unknown> (./src/app/lead-hacking/page.tsx:3:1)
    at <unknown> (https://nextjs.org/docs/messages/module-not-found)
    at <unknown> (./src/app/linkedin-growth/business/page.tsx:7:1)
    at <unknown> (https://nextjs.org/docs/messages/module-not-found)
    at <unknown> (./src/app/linkedin-growth/page.tsx:4:1)
    at <unknown> (https://nextjs.org/docs/messages/module-not-found)
    at <unknown> (./src/app/linkedin-influencer/business/page.tsx:7:1)
    at <unknown> (https://nextjs.org/docs/messages/module-not-found)
    at <unknown> (./src/app/linkedin-influencer/page.tsx:4:1)
    at <unknown> (https://nextjs.org/docs/messages/module-not-found)
    at <unknown> (./src/app/referral/page.tsx:9:1)
    at <unknown> (https://nextjs.org/docs/messages/module-not-found)
    at <unknown> (./src/components/DashboardExplainerDialog.tsx:12:1)
    at <unknown> (https://nextjs.org/docs/messages/module-not-found)
    at <unknown> (./src/components/DashboardExplainerDialog.tsx:17:1)
    at <unknown> (https://nextjs.org/docs/messages/module-not-found)
    at <unknown> (./src/components/dashboard/steps/Step4Content.tsx:8:1)
    at <unknown> (https://nextjs.org/docs/messages/module-not-found)
    at <unknown> (./src/components/referred/ReferredFeatures.tsx:3:1)
    at <unknown> (https://nextjs.org/docs/messages/module-not-found)
    at <unknown> (./src/app/case-studies/page.tsx:14:1)
    at <unknown> (https://nextjs.org/docs/messages/module-not-found)
    at <unknown> (./src/app/case-studies/page.tsx:15:1)
    at <unknown> (https://nextjs.org/docs/messages/module-not-found)
    at <unknown> (./src/app/login/page.tsx:11:1)
    at <unknown> (https://nextjs.org/docs/messages/module-not-found)
    at <unknown> (./src/app/login/page.tsx:10:1)
    at <unknown> (https://nextjs.org/docs/messages/module-not-found)
    at <unknown> (./src/app/our-referral-program/page.tsx:12:1)
    at <unknown> (https://nextjs.org/docs/messages/module-not-found)
    at <unknown> (./src/components/PartnerReferralsTab.tsx:11:1)
    at <unknown> (https://nextjs.org/docs/messages/module-not-found)
    at <unknown> (./src/components/PartnerReferralsTab.tsx:12:1)
    at <unknown> (https://nextjs.org/docs/messages/module-not-found)
    at <unknown> (./src/components/referred/ReferredApplicationForm.tsx:8:1)
    at <unknown> (https://nextjs.org/docs/messages/module-not-found)
    at <unknown> (./src/app/auth/reset-password/page.tsx:11:1)
    at <unknown> (https://nextjs.org/docs/messages/module-not-found)
    at <unknown> (./src/app/auth/reset-password/page.tsx:11:1)
    at <unknown> (https://nextjs.org/docs/messages/module-not-found)
    at <unknown> (./src/app/dashboard/components/DashboardHeader.tsx:9:1)
    at <unknown> (https://nextjs.org/docs/messages/module-not-found)
    at <unknown> (./src/app/dashboard/components/DashboardHeader.tsx:10:1)
    at <unknown> (https://nextjs.org/docs/messages/module-not-found)
    at <unknown> (./src/app/lead-hacking/page.tsx:4:1)
    at <unknown> (https://nextjs.org/docs/messages/module-not-found)
    at <unknown> (./src/app/lead-hacking/sections/AutomateLeadToolForm.tsx:5:1)
    at <unknown> (https://nextjs.org/docs/messages/module-not-found)
    at <unknown> (./src/app/lead-hacking/sections/AutomateLeadToolForm.tsx:5:1)
    at <unknown> (https://nextjs.org/docs/messages/module-not-found)
    at <unknown> (./src/app/linkedin-growth/business/page.tsx:9:1)
    at <unknown> (https://nextjs.org/docs/messages/module-not-found)
    at <unknown> (./src/app/linkedin-growth/influencer/page.tsx:7:1)
    at <unknown> (https://nextjs.org/docs/messages/module-not-found)
    at <unknown> (./src/app/linkedin-growth/page.tsx:5:1)
    at <unknown> (https://nextjs.org/docs/messages/module-not-found)
    at <unknown> (./src/app/linkedin-influencer/business/page.tsx:9:1)
    at <unknown> (https://nextjs.org/docs/messages/module-not-found)
    at <unknown> (./src/app/linkedin-influencer/influencer/page.tsx:7:1)
    at <unknown> (https://nextjs.org/docs/messages/module-not-found)
    at <unknown> (./src/app/linkedin-influencer/page.tsx:6:1)
    at <unknown> (https://nextjs.org/docs/messages/module-not-found)
    at <unknown> (./src/app/login/page.tsx:13:1)
    at <unknown> (https://nextjs.org/docs/messages/module-not-found)
    at <unknown> (./src/app/login/page.tsx:12:1)
    at <unknown> (https://nextjs.org/docs/messages/module-not-found)
    at <unknown> (./src/app/status/page.tsx:3:1)
    at <unknown> (https://nextjs.org/docs/messages/module-not-found)
    at <unknown> (./src/components/CampaignAnalyticsDashboard.tsx:12:1)
    at <unknown> (https://nextjs.org/docs/messages/module-not-found)
    at <unknown> (./src/components/CampaignAnalyticsDashboard.tsx:25:1)
    at <unknown> (https://nextjs.org/docs/messages/module-not-found)
    at <unknown> (./src/components/DashboardWelcomeModal.tsx:10:1)
    at <unknown> (https://nextjs.org/docs/messages/module-not-found)
    at <unknown> (./src/components/DashboardWelcomeModal.tsx:10:1)
    at <unknown> (https://nextjs.org/docs/messages/module-not-found)
    at <unknown> (./src/components/GuidedStepFlow.tsx:7:1)
    at <unknown> (https://nextjs.org/docs/messages/module-not-found)
    at <unknown> (./src/components/GuidedStepFlow.tsx:6:1)
    at <unknown> (https://nextjs.org/docs/messages/module-not-found)
    at <unknown> (./src/components/ROICalculator.tsx:16:1)
    at <unknown> (https://nextjs.org/docs/messages/module-not-found)
    at <unknown> (./src/components/ReferralsTable.tsx:13:1)
    at <unknown> (https://nextjs.org/docs/messages/module-not-found)
    at <unknown> (./src/components/ReferralsTable.tsx:13:1)
    at <unknown> (https://nextjs.org/docs/messages/module-not-found)
    at <unknown> (./src/components/referred/ReferredApplicationForm.tsx:17:1)
    at <unknown> (https://nextjs.org/docs/messages/module-not-found)
    at <unknown> (./src/components/referred/ReferredApplicationForm.tsx:17:1)
    at <unknown> (https://nextjs.org/docs/messages/module-not-found)
    at <unknown> (./src/components/status/StatusChecks.tsx:5:1)
    at <unknown> (https://nextjs.org/docs/messages/module-not-found)
    at <unknown> (./src/components/status/StatusChecks.tsx:5:1)
    at <unknown> (https://nextjs.org/docs/messages/module-not-found)
    at <unknown> (./src/app/api-guide/page.tsx:2:1)
    at <unknown> (https://nextjs.org/docs/messages/module-not-found)
    at <unknown> (./src/app/integrations/page.tsx:4:1)
    at <unknown> (https://nextjs.org/docs/messages/module-not-found)
    at <unknown> (./src/components/IntegrationTab.tsx:5:1)
    at <unknown> (https://nextjs.org/docs/messages/module-not-found)
    at <unknown> (./src/app/dashboard/page.tsx:63:1)
    at <unknown> (https://nextjs.org/docs/messages/module-not-found)
    at <unknown> (./src/components/CRMIntegrationGuideCard.tsx:9:1)
    at <unknown> (https://nextjs.org/docs/messages/module-not-found)
    at <unknown> (./src/components/CRMIntegrationGuideCard.tsx:8:1)
    at <unknown> (https://nextjs.org/docs/messages/module-not-found)
    at <unknown> (./src/components/DashboardExplainerDialog.tsx:8:1)
    at <unknown> (https://nextjs.org/docs/messages/module-not-found)
    at <unknown> (./src/components/DashboardExplainerDialog.tsx:13:1)
    at <unknown> (https://nextjs.org/docs/messages/module-not-found)
    at <unknown> (./src/components/ImplementationGuideDialog.tsx:8:1)
    at <unknown> (https://nextjs.org/docs/messages/module-not-found)
    at <unknown> (./src/components/ImplementationGuideDialog.tsx:14:1)
    at <unknown> (https://nextjs.org/docs/messages/module-not-found)
    at <unknown> (./src/components/BulkActionDialog.tsx:14:1)
    at <unknown> (https://nextjs.org/docs/messages/module-not-found)
    at <unknown> (./src/components/BulkActionDialog.tsx:7:1)
    at <unknown> (https://nextjs.org/docs/messages/module-not-found)
    at <unknown> (./src/components/CampaignBuilder.tsx:25:1)
    at <unknown> (https://nextjs.org/docs/messages/module-not-found)
    at <unknown> (./src/components/CampaignBuilder.tsx:19:1)
    at <unknown> (https://nextjs.org/docs/messages/module-not-found)
    at <unknown> (./src/components/CampaignEmailPreview.tsx:4:1)
    at <unknown> (https://nextjs.org/docs/messages/module-not-found)
    at <unknown> (./src/components/CampaignEmailPreview.tsx:4:1)
    at <unknown> (https://nextjs.org/docs/messages/module-not-found)
    at <unknown> (./src/components/CustomersTable.tsx:16:1)
    at <unknown> (https://nextjs.org/docs/messages/module-not-found)
    at <unknown> (./src/components/CustomersTable.tsx:23:1)
    at <unknown> (https://nextjs.org/docs/messages/module-not-found)
    at <unknown> (./src/components/QuickAddCustomerForm.tsx:6:1)
    at <unknown> (https://nextjs.org/docs/messages/module-not-found)
    at <unknown> (./src/components/QuickAddCustomerForm.tsx:6:1)
    at <unknown> (https://nextjs.org/docs/messages/module-not-found)
    at <unknown> (./src/components/ReferralsTable.tsx:9:1)
    at <unknown> (https://nextjs.org/docs/messages/module-not-found)
    at <unknown> (./src/components/SupportChatbot.tsx:5:1)
    at <unknown> (https://nextjs.org/docs/messages/module-not-found)
    at <unknown> (./src/components/referred/ReferredApplicationForm.tsx:18:1)
    at <unknown> (https://nextjs.org/docs/messages/module-not-found)
    at <unknown> (./src/components/referred/ReferredApplicationForm.tsx:18:1)
    at <unknown> (https://nextjs.org/docs/messages/module-not-found)
    at <unknown> (./src/app/our-referral-program/page.tsx:14:1)
    at <unknown> (https://nextjs.org/docs/messages/module-not-found)
    at <unknown> (./src/app/r/referral/ReferralStatsClient.tsx:9:1)
    at <unknown> (https://nextjs.org/docs/messages/module-not-found)
    at <unknown> (./src/app/referral/page.tsx:7:1)
    at <unknown> (https://nextjs.org/docs/messages/module-not-found)
    at <unknown> (./src/components/CampaignBuilder.tsx:24:1)
    at <unknown> (https://nextjs.org/docs/messages/module-not-found)
    at <unknown> (./src/components/CampaignBuilder.tsx:18:1)
    at <unknown> (https://nextjs.org/docs/messages/module-not-found)
    at <unknown> (./src/components/DashboardExplainerDialog.tsx:9:1)
    at <unknown> (https://nextjs.org/docs/messages/module-not-found)
    at <unknown> (./src/components/DashboardExplainerDialog.tsx:14:1)
    at <unknown> (https://nextjs.org/docs/messages/module-not-found)
    at <unknown> (./src/components/ReferralShareCard.tsx:8:1)
    at <unknown> (https://nextjs.org/docs/messages/module-not-found)
    at <unknown> (./src/components/ReferralShareCard.tsx:7:1)
    at <unknown> (https://nextjs.org/docs/messages/module-not-found)
    at <unknown> (./src/components/CustomersTable.tsx:21:1)
    at <unknown> (https://nextjs.org/docs/messages/module-not-found)
    at <unknown> (./src/components/CustomersTable.tsx:28:1)
    at <unknown> (https://nextjs.org/docs/messages/module-not-found)
    at <unknown> (./src/components/ReferralsTable.tsx:14:1)
    at <unknown> (https://nextjs.org/docs/messages/module-not-found)
    at <unknown> (./src/components/ReferralsTable.tsx:14:1)
    at <unknown> (https://nextjs.org/docs/messages/module-not-found)
    at <unknown> (./src/app/dashboard/components/PartnerApplicationsManager.tsx:7:1)
    at <unknown> (https://nextjs.org/docs/messages/module-not-found)
    at <unknown> (./src/components/PartnerReferralsTab.tsx:14:1)
    at <unknown> (https://nextjs.org/docs/messages/module-not-found)
    at <unknown> (./src/components/PartnerReferralsTab.tsx:15:1)
    at <unknown> (https://nextjs.org/docs/messages/module-not-found)
    at <unknown> (./src/components/status/StatusChecks.tsx:7:1)
    at <unknown> (https://nextjs.org/docs/messages/module-not-found)
    at <unknown> (./src/components/status/StatusChecks.tsx:7:1)
    at <unknown> (https://nextjs.org/docs/messages/module-not-found)
